Component: ARM Compiler 5.06 update 6 (build 750) Tool: armlink [4d35ed]

==============================================================================

Section Cross References

    startup_stm32f030x6.o(RESET) refers to startup_stm32f030x6.o(STACK) for __initial_sp
    startup_stm32f030x6.o(RESET) refers to startup_stm32f030x6.o(.text) for Reset_Handler
    startup_stm32f030x6.o(RESET) refers to stm32f0xx_it.o(i.NMI_Handler) for NMI_Handler
    startup_stm32f030x6.o(RESET) refers to stm32f0xx_it.o(i.HardFault_Handler) for HardFault_Handler
    startup_stm32f030x6.o(RESET) refers to stm32f0xx_it.o(i.SVC_Handler) for SVC_Handler
    startup_stm32f030x6.o(RESET) refers to stm32f0xx_it.o(i.PendSV_Handler) for PendSV_Handler
    startup_stm32f030x6.o(RESET) refers to stm32f0xx_it.o(i.SysTick_Handler) for SysTick_Handler
    startup_stm32f030x6.o(RESET) refers to stm32f0xx_it.o(i.EXTI0_1_IRQHandler) for EXTI0_1_IRQHandler
    startup_stm32f030x6.o(RESET) refers to stm32f0xx_it.o(i.EXTI4_15_IRQHandler) for EXTI4_15_IRQHandler
    startup_stm32f030x6.o(RESET) refers to stm32f0xx_it.o(i.DMA1_Channel1_IRQHandler) for DMA1_Channel1_IRQHandler
    startup_stm32f030x6.o(RESET) refers to stm32f0xx_it.o(i.DMA1_Channel2_3_IRQHandler) for DMA1_Channel2_3_IRQHandler
    startup_stm32f030x6.o(RESET) refers to stm32f0xx_it.o(i.DMA1_Channel4_5_IRQHandler) for DMA1_Channel4_5_IRQHandler
    startup_stm32f030x6.o(RESET) refers to stm32f0xx_it.o(i.ADC1_IRQHandler) for ADC1_IRQHandler
    startup_stm32f030x6.o(RESET) refers to stm32f0xx_it.o(i.TIM1_BRK_UP_TRG_COM_IRQHandler) for TIM1_BRK_UP_TRG_COM_IRQHandler
    startup_stm32f030x6.o(RESET) refers to stm32f0xx_it.o(i.I2C1_IRQHandler) for I2C1_IRQHandler
    startup_stm32f030x6.o(RESET) refers to stm32f0xx_it.o(i.USART1_IRQHandler) for USART1_IRQHandler
    startup_stm32f030x6.o(.text) refers to system_stm32f0xx.o(i.SystemInit) for SystemInit
    startup_stm32f030x6.o(.text) refers to entry.o(.ARM.Collect$$$$00000000) for __main
    rms.o(i.Average_Rms_Display) refers to uidiv.o(.text) for __aeabi_uidivmod
    rms.o(i.Average_Rms_Display) refers to rms.o(.bss) for Adc_Rms
    rms.o(i.Display_Bar) refers to uidiv.o(.text) for __aeabi_uidivmod
    rms.o(i.Display_Bar) refers to rms.o(.data) for Select_Adc_Channel_1_Rms
    rms.o(i.Display_Bar) refers to rms.o(.bss) for Adc_Rms
    rms.o(i.Read_Eeprom_Data) refers to pt24xx.o(i.PT24xx_read) for PT24xx_read
    rms.o(i.Read_Eeprom_Data) refers to rms.o(.bss) for _stored_sqr_value
    rms.o(i.Refrence_Voltage_Status) refers to rms.o(i.Relay_Set_Reset) for Relay_Set_Reset
    rms.o(i.Refrence_Voltage_Status) refers to rms.o(.bss) for Adc_Rms
    rms.o(i.Refrence_Voltage_Status) refers to rms.o(.data) for Trip_Relay_1
    rms.o(i.Relay_Set_Reset) refers to rms.o(.data) for relay_trip_status_1
    rms.o(i.Rms_Calculations) refers to dfltui.o(.text) for __aeabi_ui2d
    rms.o(i.Rms_Calculations) refers to sqrt.o(i.sqrt) for sqrt
    rms.o(i.Rms_Calculations) refers to dfixui.o(.text) for __aeabi_d2uiz
    rms.o(i.Rms_Calculations) refers to ffltui.o(.text) for __aeabi_ui2f
    rms.o(i.Rms_Calculations) refers to fmul.o(.text) for __aeabi_fmul
    rms.o(i.Rms_Calculations) refers to ffixui.o(.text) for __aeabi_f2uiz
    rms.o(i.Rms_Calculations) refers to rms.o(i.Start_Check_Scaling) for Start_Check_Scaling
    rms.o(i.Rms_Calculations) refers to rms.o(.bss) for Stored
    rms.o(i.Rms_Calculations) refers to rms.o(.data) for Select_Adc_Channel_1_Rms
    rms.o(i.Selection_Of_Adc_Channel) refers to rms.o(.data) for Select_Adc_Channel_1_Rms
    rms.o(i.Slop_Intercept_Cal) refers to dfltui.o(.text) for __aeabi_ui2d
    rms.o(i.Slop_Intercept_Cal) refers to sqrt.o(i.sqrt) for sqrt
    rms.o(i.Slop_Intercept_Cal) refers to dfixui.o(.text) for __aeabi_d2uiz
    rms.o(i.Slop_Intercept_Cal) refers to ffltui.o(.text) for __aeabi_ui2f
    rms.o(i.Slop_Intercept_Cal) refers to fdiv.o(.text) for __aeabi_fdiv
    rms.o(i.Slop_Intercept_Cal) refers to fadd.o(.text) for __aeabi_fsub
    rms.o(i.Slop_Intercept_Cal) refers to fmul.o(.text) for __aeabi_fmul
    rms.o(i.Slop_Intercept_Cal) refers to rms.o(.bss) for _stored_sqr_value
    rms.o(i.Slop_Intercept_Cal) refers to rms.o(.data) for Calibartion_Factor_Array
    rms.o(i.Start_Check_Scaling) refers to rms.o(i.Slop_Intercept_Cal) for Slop_Intercept_Cal
    rms.o(i.Start_Check_Scaling) refers to dfltui.o(.text) for __aeabi_ui2d
    rms.o(i.Start_Check_Scaling) refers to sqrt.o(i.sqrt) for sqrt
    rms.o(i.Start_Check_Scaling) refers to ffltui.o(.text) for __aeabi_ui2f
    rms.o(i.Start_Check_Scaling) refers to f2d.o(.text) for __aeabi_f2d
    rms.o(i.Start_Check_Scaling) refers to ddiv.o(.text) for __aeabi_ddiv
    rms.o(i.Start_Check_Scaling) refers to d2f.o(.text) for __aeabi_d2f
    rms.o(i.Start_Check_Scaling) refers to rms.o(.bss) for _stored_sqr_value
    rms.o(i.Start_Check_Scaling) refers to rms.o(.data) for Calibartion_Factor_Array
[...]
    ADC_DMAError                             0x08000807   Thumb Code    30  stm32f0xx_hal_adc.o(i.ADC_DMAError)
    i.ADC_DMAHalfConvCplt                    0x08000824   Section        0  stm32f0xx_hal_adc.o(i.ADC_DMAHalfConvCplt)
    ADC_DMAHalfConvCplt                      0x08000825   Thumb Code    14  stm32f0xx_hal_adc.o(i.ADC_DMAHalfConvCplt)
    i.ADC_Enable                             0x08000834   Section        0  stm32f0xx_hal_adc.o(i.ADC_Enable)
    ADC_Enable                               0x08000835   Thumb Code   198  stm32f0xx_hal_adc.o(i.ADC_Enable)
    i.Adc_Sample_Calculations                0x08000908   Section        0  rms.o(i.Adc_Sample_Calculations)
    i.Average_Rms_Display                    0x080009a8   Section        0  rms.o(i.Average_Rms_Display)
    i.DMA1_Channel1_IRQHandler               0x080009e8   Section        0  stm32f0xx_it.o(i.DMA1_Channel1_IRQHandler)
    i.DMA1_Channel2_3_IRQHandler             0x080009f8   Section        0  stm32f0xx_it.o(i.DMA1_Channel2_3_IRQHandler)
    i.DMA1_Channel4_5_IRQHandler             0x08000a08   Section        0  stm32f0xx_it.o(i.DMA1_Channel4_5_IRQHandler)
    i.DMA_CalcBaseAndBitshift                0x08000a18   Section        0  stm32f0xx_hal_dma.o(i.DMA_CalcBaseAndBitshift)
    DMA_CalcBaseAndBitshift                  0x08000a19   Thumb Code    28  stm32f0xx_hal_dma.o(i.DMA_CalcBaseAndBitshift)
    i.DMA_SetConfig                          0x08000a38   Section        0  stm32f0xx_hal_dma.o(i.DMA_SetConfig)
    DMA_SetConfig                            0x08000a39   Thumb Code    42  stm32f0xx_hal_dma.o(i.DMA_SetConfig)
    i.Display_Bar                            0x08000a64   Section        0  rms.o(i.Display_Bar)
    i.EXTI0_1_IRQHandler                     0x08000ac0   Section        0  stm32f0xx_it.o(i.EXTI0_1_IRQHandler)
    i.EXTI4_15_IRQHandler                    0x08000aca   Section        0  stm32f0xx_it.o(i.EXTI4_15_IRQHandler)
    i.Error_Handler                          0x08000ad4   Section        0  main.o(i.Error_Handler)
    i.HAL_ADCEx_Calibration_Start            0x08000ad6   Section        0  stm32f0xx_hal_adc_ex.o(i.HAL_ADCEx_Calibration_Start)
    i.HAL_ADC_ConfigChannel                  0x08000bbc   Section        0  stm32f0xx_hal_adc.o(i.HAL_ADC_ConfigChannel)
    i.HAL_ADC_ConvCpltCallback               0x08000d44   Section        0  main.o(i.HAL_ADC_ConvCpltCallback)
    i.HAL_ADC_ConvHalfCpltCallback           0x08000e10   Section        0  stm32f0xx_hal_adc.o(i.HAL_ADC_ConvHalfCpltCallback)
    i.HAL_ADC_ErrorCallback                  0x08000e12   Section        0  stm32f0xx_hal_adc.o(i.HAL_ADC_ErrorCallback)
    i.HAL_ADC_IRQHandler                     0x08000e14   Section        0  stm32f0xx_hal_adc.o(i.HAL_ADC_IRQHandler)
    i.HAL_ADC_Init                           0x08000f2c   Section        0  stm32f0xx_hal_adc.o(i.HAL_ADC_Init)
    i.HAL_ADC_LevelOutOfWindowCallback       0x080010ec   Section        0  stm32f0xx_hal_adc.o(i.HAL_ADC_LevelOutOfWindowCallback)
    i.HAL_ADC_MspInit                        0x080010f0   Section        0  stm32f0xx_hal_msp.o(i.HAL_ADC_MspInit)
    i.HAL_ADC_Start_DMA                      0x080011b4   Section        0  stm32f0xx_hal_adc.o(i.HAL_ADC_Start_DMA)
    i.HAL_DMA_Abort_IT                       0x08001274   Section        0  stm32f0xx_hal_dma.o(i.HAL_DMA_Abort_IT)
    i.HAL_DMA_IRQHandler                     0x080012cc   Section        0  stm32f0xx_hal_dma.o(i.HAL_DMA_IRQHandler)
    i.HAL_DMA_Init                           0x080013bc   Section        0  stm32f0xx_hal_dma.o(i.HAL_DMA_Init)
    i.HAL_DMA_Start_IT                       0x08001420   Section        0  stm32f0xx_hal_dma.o(i.HAL_DMA_Start_IT)
    i.HAL_Delay                              0x080014ba   Section        0  stm32f0xx_hal.o(i.HAL_Delay)
    i.HAL_GPIO_EXTI_Callback                 0x080014da   Section        0  stm32f0xx_hal_gpio.o(i.HAL_GPIO_EXTI_Callback)
    i.HAL_GPIO_EXTI_IRQHandler               0x080014dc   Section        0  stm32f0xx_hal_gpio.o(i.HAL_GPIO_EXTI_IRQHandler)
    i.HAL_GPIO_Init                          0x080014fc   Section        0  stm32f0xx_hal_gpio.o(i.HAL_GPIO_Init)
    i.HAL_GPIO_WritePin                      0x080016ec   Section        0  stm32f0xx_hal_gpio.o(i.HAL_GPIO_WritePin)
    i.HAL_GetTick                            0x080016f8   Section        0  stm32f0xx_hal.o(i.HAL_GetTick)
    i.HAL_I2CEx_ConfigAnalogFilter           0x08001704   Section        0  stm32f0xx_hal_i2c_ex.o(i.HAL_I2CEx_ConfigAnalogFilter)
    i.HAL_I2CEx_ConfigDigitalFilter          0x08001772   Section        0  stm32f0xx_hal_i2c_ex.o(i.HAL_I2CEx_ConfigDigitalFilter)
    i.HAL_I2C_AbortCpltCallback              0x080017e4   Section        0  stm32f0xx_hal_i2c.o(i.HAL_I2C_AbortCpltCallback)
    i.HAL_I2C_AddrCallback                   0x080017e6   Section        0  stm32f0xx_hal_i2c.o(i.HAL_I2C_AddrCallback)
    i.HAL_I2C_ER_IRQHandler                  0x080017e8   Section        0  stm32f0xx_hal_i2c.o(i.HAL_I2C_ER_IRQHandler)
    i.HAL_I2C_EV_IRQHandler                  0x08001868   Section        0  stm32f0xx_hal_i2c.o(i.HAL_I2C_EV_IRQHandler)
    i.HAL_I2C_ErrorCallback                  0x08001886   Section        0  stm32f0xx_hal_i2c.o(i.HAL_I2C_ErrorCallback)
    i.HAL_I2C_Init                           0x08001888   Section        0  stm32f0xx_hal_i2c.o(i.HAL_I2C_Init)
    i.HAL_I2C_ListenCpltCallback             0x0800195c   Section        0  stm32f0xx_hal_i2c.o(i.HAL_I2C_ListenCpltCallback)
    i.HAL_I2C_Mem_Read                       0x08001960   Section        0  stm32f0xx_hal_i2c.o(i.HAL_I2C_Mem_Read)
    i.HAL_I2C_Mem_Write                      0x08001b24   Section        0  stm32f0xx_hal_i2c.o(i.HAL_I2C_Mem_Write)
    i.HAL_I2C_MspInit                        0x08001ce8   Section        0  stm32f0xx_hal_msp.o(i.HAL_I2C_MspInit)
    i.HAL_I2C_SlaveRxCpltCallback            0x08001db8   Section        0  stm32f0xx_hal_i2c.o(i.HAL_I2C_SlaveRxCpltCallback)
    i.HAL_I2C_SlaveTxCpltCallback            0x08001dba   Section        0  stm32f0xx_hal_i2c.o(i.HAL_I2C_SlaveTxCpltCallback)
    i.HAL_IncTick                            0x08001dbc   Section        0  stm32f0xx_hal.o(i.HAL_IncTick)
    i.HAL_Init                               0x08001dcc   Section        0  stm32f0xx_hal.o(i.HAL_Init)
    i.HAL_InitTick                           0x08001dec   Section        0  stm32f0xx_hal.o(i.HAL_InitTick)
    i.HAL_MspInit                            0x08001e14   Section        0  stm32f0xx_hal_msp.o(i.HAL_MspInit)
    i.HAL_NVIC_EnableIRQ                     0x08001e54   Section        0  stm32f0xx_hal_cortex.o(i.HAL_NVIC_EnableIRQ)
    i.HAL_NVIC_SetPriority                   0x08001e6c   Section        0  stm32f0xx_hal_cortex.o(i.HAL_NVIC_SetPriority)
    i.HAL_NVIC_SystemReset                   0x08001e80   Section        0  stm32f0xx_hal_cortex.o(i.HAL_NVIC_SystemReset)
    i.HAL_RCCEx_PeriphCLKConfig              0x08001eb8   Section        0  stm32f0xx_hal_rcc_ex.o(i.HAL_RCCEx_PeriphCLKConfig)
    i.HAL_RCC_ClockConfig                    0x08002008   Section        0  stm32f0xx_hal_rcc.o(i.HAL_RCC_ClockConfig)
    i.HAL_RCC_GetHCLKFreq                    0x0800219c   Section        0  stm32f0xx_hal_rcc.o(i.HAL_RCC_GetHCLKFreq)
    i.HAL_RCC_GetSysClockFreq                0x080021a8   Section        0  stm32f0xx_hal_rcc.o(i.HAL_RCC_GetSysClockFreq)
    i.HAL_RCC_OscConfig                      0x0800226c   Section        0  stm32f0xx_hal_rcc.o(i.HAL_RCC_OscConfig)
    i.HAL_SYSTICK_Config                     0x080027b8   Section        0  stm32f0xx_hal_cortex.o(i.HAL_SYSTICK_Config)
    i.HAL_TIMEx_BreakCallback                0x080027f0   Section        0  stm32f0xx_hal_tim_ex.o(i.HAL_TIMEx_BreakCallback)
    i.HAL_TIMEx_CommutationCallback          0x080027f2   Section        0  stm32f0xx_hal_tim_ex.o(i.HAL_TIMEx_CommutationCallback)
    i.HAL_TIMEx_MasterConfigSynchronization  0x080027f4   Section        0  stm32f0xx_hal_tim_ex.o(i.HAL_TIMEx_MasterConfigSynchronization)
    i.HAL_TIM_Base_Init                      0x08002856   Section        0  stm32f0xx_hal_tim.o(i.HAL_TIM_Base_Init)
    i.HAL_TIM_Base_MspInit                   0x08002890   Section        0  stm32f0xx_hal_msp.o(i.HAL_TIM_Base_MspInit)
    i.HAL_TIM_Base_Start                     0x080028d4   Section        0  stm32f0xx_hal_tim.o(i.HAL_TIM_Base_Start)
    i.HAL_TIM_ConfigClockSource              0x080028f2   Section        0  stm32f0xx_hal_tim.o(i.HAL_TIM_ConfigClockSource)
    i.HAL_TIM_IC_CaptureCallback             0x08002a30   Section        0  stm32f0xx_hal_tim.o(i.HAL_TIM_IC_CaptureCallback)
    i.HAL_TIM_IRQHandler                     0x08002a32   Section        0  stm32f0xx_hal_tim.o(i.HAL_TIM_IRQHandler)
    i.HAL_TIM_OC_DelayElapsedCallback        0x08002bfa   Section        0  stm32f0xx_hal_tim.o(i.HAL_TIM_OC_DelayElapsedCallback)
    i.HAL_TIM_PWM_PulseFinishedCallback      0x08002bfc   Section        0  stm32f0xx_hal_tim.o(i.HAL_TIM_PWM_PulseFinishedCallback)
    i.HAL_TIM_PeriodElapsedCallback          0x08002bfe   Section        0  stm32f0xx_hal_tim.o(i.HAL_TIM_PeriodElapsedCallback)
    i.HAL_TIM_TriggerCallback                0x08002c00   Section        0  stm32f0xx_hal_tim.o(i.HAL_TIM_TriggerCallback)
    i.HAL_UART_ErrorCallback                 0x08002c02   Section        0  stm32f0xx_hal_uart.o(i.HAL_UART_ErrorCallback)
    i.HAL_UART_IRQHandler                    0x08002c04   Section        0  stm32f0xx_hal_uart.o(i.HAL_UART_IRQHandler)
    i.HAL_UART_RxCpltCallback                0x08002d98   Section        0  stm32f0xx_hal_uart.o(i.HAL_UART_RxCpltCallback)
    i.HAL_UART_TxCpltCallback                0x08002d9a   Section        0  stm32f0xx_hal_uart.o(i.HAL_UART_TxCpltCallback)
    i.HardFault_Handler                      0x08002d9c   Section        0  stm32f0xx_it.o(i.HardFault_Handler)
    i.Hard_Init                              0x08002da0   Section        0  main.o(i.Hard_Init)
    i.Hardware_Init                          0x08002e0c   Section        0  main.o(i.Hardware_Init)
    i.I2C1_IRQHandler                        0x08002e50   Section        0  stm32f0xx_it.o(i.I2C1_IRQHandler)
    i.I2C_DMAAbort                           0x08002e78   Section        0  stm32f0xx_hal_i2c.o(i.I2C_DMAAbort)
    I2C_DMAAbort                             0x08002e79   Thumb Code    60  stm32f0xx_hal_i2c.o(i.I2C_DMAAbort)
    i.I2C_Disable_IRQ                        0x08002eb4   Section        0  stm32f0xx_hal_i2c.o(i.I2C_Disable_IRQ)
    I2C_Disable_IRQ                          0x08002eb5   Thumb Code   126  stm32f0xx_hal_i2c.o(i.I2C_Disable_IRQ)
    i.I2C_Flush_TXDR                         0x08002f32   Section        0  stm32f0xx_hal_i2c.o(i.I2C_Flush_TXDR)
    I2C_Flush_TXDR                           0x08002f33   Thumb Code    50  stm32f0xx_hal_i2c.o(i.I2C_Flush_TXDR)
    i.I2C_ITAddrCplt                         0x08002f64   Section        0  stm32f0xx_hal_i2c.o(i.I2C_ITAddrCplt)
    I2C_ITAddrCplt                           0x08002f65   Thumb Code   214  stm32f0xx_hal_i2c.o(i.I2C_ITAddrCplt)
    i.I2C_ITError                            0x0800303c   Section        0  stm32f0xx_hal_i2c.o(i.I2C_ITError)
    I2C_ITError                              0x0800303d   Thumb Code   268  stm32f0xx_hal_i2c.o(i.I2C_ITError)
    i.I2C_ITListenCplt                       0x08003154   Section        0  stm32f0xx_hal_i2c.o(i.I2C_ITListenCplt)
    I2C_ITListenCplt                         0x08003155   Thumb Code   110  stm32f0xx_hal_i2c.o(i.I2C_ITListenCplt)
    i.I2C_ITSlaveCplt                        0x080031c8   Section        0  stm32f0xx_hal_i2c.o(i.I2C_ITSlaveCplt)
    I2C_ITSlaveCplt                          0x080031c9   Thumb Code   308  stm32f0xx_hal_i2c.o(i.I2C_ITSlaveCplt)
    i.I2C_ITSlaveSequentialCplt              0x08003304   Section        0  stm32f0xx_hal_i2c.o(i.I2C_ITSlaveSequentialCplt)
    I2C_ITSlaveSequentialCplt                0x08003305   Thumb Code    98  stm32f0xx_hal_i2c.o(i.I2C_ITSlaveSequentialCplt)
    i.I2C_IsAcknowledgeFailed                0x08003368   Section        0  stm32f0xx_hal_i2c.o(i.I2C_IsAcknowledgeFailed)
    I2C_IsAcknowledgeFailed                  0x08003369   Thumb Code   144  stm32f0xx_hal_i2c.o(i.I2C_IsAcknowledgeFailed)
    i.I2C_RequestMemoryRead                  0x080033fc   Section        0  stm32f0xx_hal_i2c.o(i.I2C_RequestMemoryRead)
    I2C_RequestMemoryRead                    0x080033fd   Thumb Code   146  stm32f0xx_hal_i2c.o(i.I2C_RequestMemoryRead)
    i.I2C_RequestMemoryWrite                 0x0800348e   Section        0  stm32f0xx_hal_i2c.o(i.I2C_RequestMemoryWrite)
    I2C_RequestMemoryWrite                   0x0800348f   Thumb Code   146  stm32f0xx_hal_i2c.o(i.I2C_RequestMemoryWrite)
    i.I2C_Slave_ISR_IT                       0x08003520   Section        0  stm32f0xx_hal_i2c.o(i.I2C_Slave_ISR_IT)
    I2C_Slave_ISR_IT                         0x08003521   Thumb Code   348  stm32f0xx_hal_i2c.o(i.I2C_Slave_ISR_IT)
    i.I2C_TransferConfig                     0x08003680   Section        0  stm32f0xx_hal_i2c.o(i.I2C_TransferConfig)
    I2C_TransferConfig                       0x08003681   Thumb Code    42  stm32f0xx_hal_i2c.o(i.I2C_TransferConfig)
    i.I2C_WaitOnFlagUntilTimeout             0x080036b0   Section        0  stm32f0xx_hal_i2c.o(i.I2C_WaitOnFlagUntilTimeout)
    I2C_WaitOnFlagUntilTimeout               0x080036b1   Thumb Code    82  stm32f0xx_hal_i2c.o(i.I2C_WaitOnFlagUntilTimeout)
    i.I2C_WaitOnSTOPFlagUntilTimeout         0x08003702   Section        0  stm32f0xx_hal_i2c.o(i.I2C_WaitOnSTOPFlagUntilTimeout)
    I2C_WaitOnSTOPFlagUntilTimeout           0x08003703   Thumb Code    90  stm32f0xx_hal_i2c.o(i.I2C_WaitOnSTOPFlagUntilTimeout)
    i.I2C_WaitOnTXISFlagUntilTimeout         0x0800375c   Section        0  stm32f0xx_hal_i2c.o(i.I2C_WaitOnTXISFlagUntilTimeout)
    I2C_WaitOnTXISFlagUntilTimeout           0x0800375d   Thumb Code    96  stm32f0xx_hal_i2c.o(i.I2C_WaitOnTXISFlagUntilTimeout)
    i.InV__                                  0x080037bc   Section        0  ui.o(i.InV__)
    i.MX_ADC_Init                            0x080037cc   Section        0  main.o(i.MX_ADC_Init)
    MX_ADC_Init                              0x080037cd   Thumb Code   126  main.o(i.MX_ADC_Init)
    i.MX_DMA_Init                            0x08003854   Section        0  main.o(i.MX_DMA_Init)
    MX_DMA_Init                              0x08003855   Thumb Code    80  main.o(i.MX_DMA_Init)
    i.MX_GPIO_Init                           0x080038a8   Section        0  main.o(i.MX_GPIO_Init)
    MX_GPIO_Init                             0x080038a9   Thumb Code   396  main.o(i.MX_GPIO_Init)
    i.MX_I2C1_Init                           0x08003a54   Section        0  main.o(i.MX_I2C1_Init)
    MX_I2C1_Init                             0x08003a55   Thumb Code    80  main.o(i.MX_I2C1_Init)
    i.MX_TIM1_Init                           0x08003ab0   Section        0  main.o(i.MX_TIM1_Init)
    MX_TIM1_Init                             0x08003ab1   Thumb Code   108  main.o(i.MX_TIM1_Init)
    i.NMI_Handler                            0x08003b28   Section        0  stm32f0xx_it.o(i.NMI_Handler)
    i.NVIC_SetPriority                       0x08003b2c   Section        0  stm32f0xx_hal_cortex.o(i.NVIC_SetPriority)
    NVIC_SetPriority                         0x08003b2d   Thumb Code   110  stm32f0xx_hal_cortex.o(i.NVIC_SetPriority)
    i.PT24xx_init                            0x08003ba4   Section        0  pt24xx.o(i.PT24xx_init)
    i.PT24xx_read                            0x08003bb8   Section        0  pt24xx.o(i.PT24xx_read)
    i.PT24xx_write                           0x08003c14   Section        0  pt24xx.o(i.PT24xx_write)
    i.PendSV_Handler                         0x08003c68   Section        0  stm32f0xx_it.o(i.PendSV_Handler)
    i.Read_Eeprom_Data                       0x08003c6c   Section        0  rms.o(i.Read_Eeprom_Data)
    i.Rms_Calculations                       0x08003c8c   Section        0  rms.o(i.Rms_Calculations)
    i.SVC_Handler                            0x08003d74   Section        0  stm32f0xx_it.o(i.SVC_Handler)
    i.Selection_Of_Adc_Channel               0x08003d78   Section        0  rms.o(i.Selection_Of_Adc_Channel)
    i.Slop_Intercept_Cal                     0x08003da0   Section        0  rms.o(i.Slop_Intercept_Cal)
    i.Start_Check_Scaling                    0x08003e84   Section        0  rms.o(i.Start_Check_Scaling)
    i.Store_Adc_Data                         0x08003f64   Section        0  rms.o(i.Store_Adc_Data)
    i.SysTick_Handler                        0x08004004   Section        0  stm32f0xx_it.o(i.SysTick_Handler)
    i.SystemClock_Config                     0x0800400c   Section        0  main.o(i.SystemClock_Config)
    i.SystemInit                             0x08004098   Section        0  system_stm32f0xx.o(i.SystemInit)
    i.TIM1_BRK_UP_TRG_COM_IRQHandler         0x0800410c   Section        0  stm32f0xx_it.o(i.TIM1_BRK_UP_TRG_COM_IRQHandler)
    i.TIM_Base_SetConfig                     0x0800411c   Section        0  stm32f0xx_hal_tim.o(i.TIM_Base_SetConfig)
    i.TIM_ETR_SetConfig                      0x080041ac   Section        0  stm32f0xx_hal_tim.o(i.TIM_ETR_SetConfig)
    i.TIM_ITRx_SetConfig                     0x080041ca   Section        0  stm32f0xx_hal_tim.o(i.TIM_ITRx_SetConfig)
    TIM_ITRx_SetConfig                       0x080041cb   Thumb Code    26  stm32f0xx_hal_tim.o(i.TIM_ITRx_SetConfig)
    i.TIM_TI1_ConfigInputStage               0x080041e4   Section        0  stm32f0xx_hal_tim.o(i.TIM_TI1_ConfigInputStage)
    TIM_TI1_ConfigInputStage                 0x080041e5   Thumb Code    54  stm32f0xx_hal_tim.o(i.TIM_TI1_ConfigInputStage)
    i.TIM_TI2_ConfigInputStage               0x0800421a   Section        0  stm32f0xx_hal_tim.o(i.TIM_TI2_ConfigInputStage)
    TIM_TI2_ConfigInputStage                 0x0800421b   Thumb Code    54  stm32f0xx_hal_tim.o(i.TIM_TI2_ConfigInputStage)
    i.UART_DMAAbortOnError                   0x08004250   Section        0  stm32f0xx_hal_uart.o(i.UART_DMAAbortOnError)
    UART_DMAAbortOnError                     0x08004251   Thumb Code    24  stm32f0xx_hal_uart.o(i.UART_DMAAbortOnError)
    i.UART_EndRxTransfer                     0x08004268   Section        0  stm32f0xx_hal_uart.o(i.UART_EndRxTransfer)
    UART_EndRxTransfer                       0x08004269   Thumb Code    34  stm32f0xx_hal_uart.o(i.UART_EndRxTransfer)
    i.UART_EndTransmit_IT                    0x0800428a   Section        0  stm32f0xx_hal_uart.o(i.UART_EndTransmit_IT)
    i.UART_Receive_IT                        0x080042aa   Section        0  stm32f0xx_hal_uart.o(i.UART_Receive_IT)
    i.UART_Transmit_IT                       0x08004338   Section        0  stm32f0xx_hal_uart.o(i.UART_Transmit_IT)
    i.USART1_IRQHandler                      0x080043ac   Section        0  stm32f0xx_it.o(i.USART1_IRQHandler)
    i.__ARM_clz                              0x080043bc   Section        0  depilogue.o(i.__ARM_clz)
    i.__ARM_common_switch8                   0x080043ea   Section        0  rms.o(i.__ARM_common_switch8)
    i.__scatterload_copy                     0x08004406   Section       14  handlers.o(i.__scatterload_copy)
    i.__scatterload_null                     0x08004414   Section        2  handlers.o(i.__scatterload_null)
    i.__scatterload_zeroinit                 0x08004416   Section       14  handlers.o(i.__scatterload_zeroinit)
    i.__set_errno                            0x08004424   Section        0  errno.o(i.__set_errno)
    i._convertDecimalToDigitArr              0x08004430   Section        0  display.o(i._convertDecimalToDigitArr)
    i._convertDtoArr                         0x080044c8   Section        0  display.o(i._convertDtoArr)
    i._editSetupParam                        0x0800453c   Section        0  setup.o(i._editSetupParam)
    _editSetupParam                          0x0800453d   Thumb Code   122  setup.o(i._editSetupParam)
    i._getIndicatorStatus                    0x080045c8   Section        0  display.o(i._getIndicatorStatus)
    _getIndicatorStatus                      0x080045c9   Thumb Code    40  display.o(i._getIndicatorStatus)
    i._load_default                          0x080045f8   Section        0  setup.o(i._load_default)
    _load_default                            0x080045f9   Thumb Code    40  setup.o(i._load_default)
    i._save_and_exit                         0x0800462c   Section        0  setup.o(i._save_and_exit)
    _save_and_exit                           0x0800462d   Thumb Code    52  setup.o(i._save_and_exit)
    i._setupNumberText                       0x08004668   Section        0  display.o(i._setupNumberText)
    i._showText                              0x08004740   Section        0  display.o(i._showText)
    _showText                                0x08004741   Thumb Code   338  display.o(i._showText)
    i.btn_state                              0x080048cc   Section        0  ui.o(i.btn_state)
    i.button_scanEvent                       0x080048f8   Section        0  button.o(i.button_scanEvent)
    i.digit_4                                0x08004a98   Section        0  setup.o(i.digit_4)
    i.display_flashData                      0x08004ad0   Section        0  display.o(i.display_flashData)
    i.display_rowNumeric                     0x08004b1c   Section        0  display.o(i.display_rowNumeric)
    i.display_rowText                        0x08004d04   Section        0  display.o(i.display_rowText)
    i.display_setScalingFactor               0x08004d28   Section        0  display.o(i.display_setScalingFactor)
    i.display_setup                          0x08004d60   Section        0  setup.o(i.display_setup)
    i.interupt_state                         0x08004e54   Section        0  ui.o(i.interupt_state)
    i.main                                   0x08004f0c   Section        0  main.o(i.main)
    i.mv_sv_read                             0x0800502c   Section        0  ui.o(i.mv_sv_read)
    i.page_update                            0x08005068   Section        0  ui.o(i.page_update)
    i.read_value                             0x080050c8   Section        0  rms.o(i.read_value)
    i.segment_on                             0x0800511c   Section        0  display.o(i.segment_on)
    i.segment_skipper                        0x0800519c   Section        0  display.o(i.segment_skipper)
    i.setup_edit_display                     0x080051c4   Section        0  setup.o(i.setup_edit_display)
    i.setup_enter                            0x080052e8   Section        0  setup.o(i.setup_enter)
    i.setup_init                             0x08005490   Section        0  setup.o(i.setup_init)
    i.sqrt                                   0x08005504   Section        0  sqrt.o(i.sqrt)
    i.temp_run                               0x0800554c   Section        0  setup.o(i.temp_run)
    i.ui_init                                0x08005574   Section        0  ui.o(i.ui_init)
    i.ui_isButtonLongPressed                 0x08005580   Section        0  button.o(i.ui_isButtonLongPressed)
    i.ui_isButtonNormalPressed               0x080055a8   Section        0  button.o(i.ui_isButtonNormalPressed)
    i.ui_pageManager                         0x080055c8   Section        0  ui.o(i.ui_pageManager)
    i.ui_periodicProcess                     0x08005718   Section        0  ui.o(i.ui_periodicProcess)
    .constdata                               0x08005774   Section       16  button.o(.constdata)
    .constdata                               0x08005784   Section      267  display.o(.constdata)
    .constdata                               0x08005890   Section       60  ui.o(.constdata)
    .constdata                               0x080058cc   Section       36  setup.o(.constdata)
    .constdata                               0x080058f0   Section       24  system_stm32f0xx.o(.constdata)
    .data                                    0x20000000   Section       75  rms.o(.data)
    .data                                    0x2000004c   Section       25  button.o(.data)
    currState                                0x20000061   Data           2  button.o(.data)
    btnState                                 0x20000063   Data           2  button.o(.data)
    .data                                    0x20000068   Section       30  display.o(.data)
    DISP_m_IND_DIGITS                        0x20000068   Data           1  display.o(.data)
    DISP_K_IND_DIGITS                        0x20000069   Data           1  display.o(.data)
    flashData                                0x2000007c   Data          10  display.o(.data)
    .data                                    0x20000088   Section      140  ui.o(.data)
    currDigit                                0x20000110   Data           4  ui.o(.data)
    .data                                    0x20000114   Section        7  pt24xx.o(.data)
    PT24xxPort                               0x20000114   Data           4  pt24xx.o(.data)
    PT24xxDevAddr                            0x20000118   Data           1  pt24xx.o(.data)
    .data                                    0x2000011c   Section      171  setup.o(.data)
    ident                                    0x2000011c   Data           1  setup.o(.data)
    ident2                                   0x2000011d   Data           1  setup.o(.data)
    .data                                    0x200001c8   Section       49  main.o(.data)
    I_Sample                                 0x200001d0   Data           8  main.o(.data)
    .data                                    0x200001fc   Section        4  stm32f0xx_hal.o(.data)
    .data                                    0x20000200   Section        4  system_stm32f0xx.o(.data)
    .data                                    0x20000204   Section        4  errno.o(.data)
    _errno                                   0x20000204   Data           4  errno.o(.data)
    .bss                                     0x20000208   Section      876  rms.o(.bss)
    .bss                                     0x20000574   Section       32  setup.o(.bss)
    .bss                                     0x20000594   Section      548  main.o(.bss)
    STACK                                    0x200007b8   Section     1024  startup_stm32f030x6.o(STACK)

    Global Symbols

    Symbol Name                              Value     Ov Type        Size  Object(Section)

    BuildAttributes$$THM_ISAv3M$S$PE$A:L22$X:L11$S22$IEEE1$IW$USESV6$~STKCKD$USESV7$~SHL$OTIME$ROPI$IEEEJ$EBA8$MICROLIB$REQ8$PRES8$EABIv2 0x00000000   Number         0  anon$$obj.o ABSOLUTE
    __ARM_use_no_argv                        0x00000000   Number         0  main.o ABSOLUTE
    __cpp_initialize__aeabi_                  - Undefined Weak Reference
    __cxa_finalize                            - Undefined Weak Reference
    _clock_init                               - Undefined Weak Reference
    _microlib_exit                            - Undefined Weak Reference
    __Vectors_Size                           0x000000b0   Number         0  startup_stm32f030x6.o ABSOLUTE
    __Vectors                                0x08000000   Data           4  startup_stm32f030x6.o(RESET)
    __Vectors_End                            0x080000b0   Data           0  startup_stm32f030x6.o(RESET)
    __main                                   0x080000b1   Thumb Code     0  entry.o(.ARM.Collect$$$$00000000)
    _main_stk                                0x080000b1   Thumb Code     0  entry2.o(.ARM.Collect$$$$00000001)
    _main_scatterload                        0x080000b5   Thumb Code     0  entry5.o(.ARM.Collect$$$$00000004)
    __main_after_scatterload                 0x080000b9   Thumb Code     0  entry5.o(.ARM.Collect$$$$00000004)
    _main_clock                              0x080000b9   Thumb Code     0  entry7b.o(.ARM.Collect$$$$00000008)
    _main_cpp_init                           0x080000b9   Thumb Code     0  entry8b.o(.ARM.Collect$$$$0000000A)
    _main_init                               0x080000b9   Thumb Code     0  entry9a.o(.ARM.Collect$$$$0000000B)
    __rt_final_cpp                           0x080000c1   Thumb Code     0  entry10a.o(.ARM.Collect$$$$0000000D)
    __rt_final_exit                          0x080000c1   Thumb Code     0  entry11a.o(.ARM.Collect$$$$0000000F)
    Reset_Handler                            0x080000c5   Thumb Code     8  startup_stm32f030x6.o(.text)
    EXTI2_3_IRQHandler                       0x080000d7   Thumb Code     0  startup_stm32f030x6.o(.text)
    FLASH_IRQHandler                         0x080000d7   Thumb Code     0  startup_stm32f030x6.o(.text)
    RCC_IRQHandler                           0x080000d7   Thumb Code     0  startup_stm32f030x6.o(.text)
    RTC_IRQHandler                           0x080000d7   Thumb Code     0  startup_stm32f030x6.o(.text)
    SPI1_IRQHandler                          0x080000d7   Thumb Code     0  startup_stm32f030x6.o(.text)
    TIM14_IRQHandler                         0x080000d7   Thumb Code     0  startup_stm32f030x6.o(.text)
    TIM16_IRQHandler                         0x080000d7   Thumb Code     0  startup_stm32f030x6.o(.text)
    TIM17_IRQHandler                         0x080000d7   Thumb Code     0  startup_stm32f030x6.o(.text)
    TIM1_CC_IRQHandler                       0x080000d7   Thumb Code     0  startup_stm32f030x6.o(.text)
    TIM3_IRQHandler                          0x080000d7   Thumb Code     0  startup_stm32f030x6.o(.text)
    WWDG_IRQHandler                          0x080000d7   Thumb Code     0  startup_stm32f030x6.o(.text)
    __aeabi_uidiv                            0x080000e1   Thumb Code     0  uidiv.o(.text)
    __aeabi_uidivmod                         0x080000e1   Thumb Code    44  uidiv.o(.text)
    __aeabi_llsr                             0x0800010d   Thumb Code    34  llushr.o(.text)
    _ll_ushift_r                             0x0800010d   Thumb Code     0  llushr.o(.text)
    __aeabi_memset                           0x0800012f   Thumb Code    14  memseta.o(.text)
    __aeabi_memset4                          0x0800012f   Thumb Code     0  memseta.o(.text)
    __aeabi_memset8                          0x0800012f   Thumb Code     0  memseta.o(.text)
    __aeabi_memclr                           0x0800013d   Thumb Code     4  memseta.o(.text)
    __aeabi_memclr4                          0x0800013d   Thumb Code     0  memseta.o(.text)
    __aeabi_memclr8                          0x0800013d   Thumb Code     0  memseta.o(.text)
    _memset$wrapper                          0x08000141   Thumb Code    18  memseta.o(.text)
    __aeabi_fadd                             0x08000153   Thumb Code   162  fadd.o(.text)
    __aeabi_fsub                             0x080001f5   Thumb Code     8  fadd.o(.text)
    __aeabi_frsub                            0x080001fd   Thumb Code     8  fadd.o(.text)
    __aeabi_fmul                             0x08000205   Thumb Code   122  fmul.o(.text)
    __aeabi_fdiv                             0x0800027f   Thumb Code   124  fdiv.o(.text)
    __aeabi_ddiv                             0x080002fd   Thumb Code   234  ddiv.o(.text)
    __aeabi_i2f                              0x080003ed   Thumb Code    22  fflti.o(.text)
    __aeabi_ui2f                             0x08000403   Thumb Code    14  ffltui.o(.text)
    __aeabi_ui2d                             0x08000411   Thumb Code    24  dfltui.o(.text)
    __aeabi_f2uiz                            0x0800042d   Thumb Code    40  ffixui.o(.text)
    __aeabi_d2uiz                            0x08000455   Thumb Code    50  dfixui.o(.text)
    __aeabi_f2d                              0x08000491   Thumb Code    40  f2d.o(.text)
    __aeabi_d2f                              0x080004b9   Thumb Code    56  d2f.o(.text)
    __I$use$fp                               0x080004f1   Thumb Code     0  iusefp.o(.text)
    _float_round                             0x080004f1   Thumb Code    16  fepilogue.o(.text)
    _float_epilogue                          0x08000501   Thumb Code   114  fepilogue.o(.text)
    _double_round                            0x08000573   Thumb Code    26  depilogue.o(.text)
    _double_epilogue                         0x0800058d   Thumb Code   164  depilogue.o(.text)
    _dsqrt                                   0x08000631   Thumb Code   162  dsqrt.o(.text)
    __scatterload                            0x080006d5   Thumb Code    28  init.o(.text)
    __scatterload_rt2                        0x080006d5   Thumb Code     0  init.o(.text)
    __aeabi_llsl                             0x080006f9   Thumb Code    32  llshl.o(.text)
    _ll_shift_l                              0x080006f9   Thumb Code     0  llshl.o(.text)
    __decompress                             0x08000719   Thumb Code     0  __dczerorl2.o(.text)
    __decompress1                            0x08000719   Thumb Code    86  __dczerorl2.o(.text)
    ADC1_IRQHandler                          0x08000771   Thumb Code    10  stm32f0xx_it.o(i.ADC1_IRQHandler)
    Adc_Sample_Calculations                  0x08000909   Thumb Code   144  rms.o(i.Adc_Sample_Calculations)
    Average_Rms_Display                      0x080009a9   Thumb Code    56  rms.o(i.Average_Rms_Display)
    DMA1_Channel1_IRQHandler                 0x080009e9   Thumb Code    10  stm32f0xx_it.o(i.DMA1_Channel1_IRQHandler)
    DMA1_Channel2_3_IRQHandler               0x080009f9   Thumb Code    10  stm32f0xx_it.o(i.DMA1_Channel2_3_IRQHandler)
    DMA1_Channel4_5_IRQHandler               0x08000a09   Thumb Code    10  stm32f0xx_it.o(i.DMA1_Channel4_5_IRQHandler)
    Display_Bar                              0x08000a65   Thumb Code    70  rms.o(i.Display_Bar)
    EXTI0_1_IRQHandler                       0x08000ac1   Thumb Code    10  stm32f0xx_it.o(i.EXTI0_1_IRQHandler)
    EXTI4_15_IRQHandler                      0x08000acb   Thumb Code    10  stm32f0xx_it.o(i.EXTI4_15_IRQHandler)
    Error_Handler                            0x08000ad5   Thumb Code     2  main.o(i.Error_Handler)
    HAL_ADCEx_Calibration_Start              0x08000ad7   Thumb Code   228  stm32f0xx_hal_adc_ex.o(i.HAL_ADCEx_Calibration_Start)
    HAL_ADC_ConfigChannel                    0x08000bbd   Thumb Code   374  stm32f0xx_hal_adc.o(i.HAL_ADC_ConfigChannel)
    HAL_ADC_ConvCpltCallback                 0x08000d45   Thumb Code   158  main.o(i.HAL_ADC_ConvCpltCallback)
    HAL_ADC_ConvHalfCpltCallback             0x08000e11   Thumb Code     2  stm32f0xx_hal_adc.o(i.HAL_ADC_ConvHalfCpltCallback)
    HAL_ADC_ErrorCallback                    0x08000e13   Thumb Code     2  stm32f0xx_hal_adc.o(i.HAL_ADC_ErrorCallback)
    HAL_ADC_IRQHandler                       0x08000e15   Thumb Code   278  stm32f0xx_hal_adc.o(i.HAL_ADC_IRQHandler)
    HAL_ADC_Init                             0x08000f2d   Thumb Code   440  stm32f0xx_hal_adc.o(i.HAL_ADC_Init)
    HAL_ADC_LevelOutOfWindowCallback         0x080010ed   Thumb Code     2  stm32f0xx_hal_adc.o(i.HAL_ADC_LevelOutOfWindowCallback)
    HAL_ADC_MspInit                          0x080010f1   Thumb Code   180  stm32f0xx_hal_msp.o(i.HAL_ADC_MspInit)
    HAL_ADC_Start_DMA                        0x080011b5   Thumb Code   176  stm32f0xx_hal_adc.o(i.HAL_ADC_Start_DMA)
    HAL_DMA_Abort_IT                         0x08001275   Thumb Code    88  stm32f0xx_hal_dma.o(i.HAL_DMA_Abort_IT)
    HAL_DMA_IRQHandler                       0x080012cd   Thumb Code   240  stm32f0xx_hal_dma.o(i.HAL_DMA_IRQHandler)
    HAL_DMA_Init                             0x080013bd   Thumb Code    94  stm32f0xx_hal_dma.o(i.HAL_DMA_Init)
    HAL_DMA_Start_IT                         0x08001421   Thumb Code   154  stm32f0xx_hal_dma.o(i.HAL_DMA_Start_IT)
    HAL_Delay                                0x080014bb   Thumb Code    32  stm32f0xx_hal.o(i.HAL_Delay)
    HAL_GPIO_EXTI_Callback                   0x080014db   Thumb Code     2  stm32f0xx_hal_gpio.o(i.HAL_GPIO_EXTI_Callback)
    HAL_GPIO_EXTI_IRQHandler                 0x080014dd   Thumb Code    26  stm32f0xx_hal_gpio.o(i.HAL_GPIO_EXTI_IRQHandler)
    HAL_GPIO_Init                            0x080014fd   Thumb Code   470  stm32f0xx_hal_gpio.o(i.HAL_GPIO_Init)
    HAL_GPIO_WritePin                        0x080016ed   Thumb Code    12  stm32f0xx_hal_gpio.o(i.HAL_GPIO_WritePin)
    HAL_GetTick                              0x080016f9   Thumb Code     6  stm32f0xx_hal.o(i.HAL_GetTick)
    HAL_I2CEx_ConfigAnalogFilter             0x08001705   Thumb Code   110  stm32f0xx_hal_i2c_ex.o(i.HAL_I2CEx_ConfigAnalogFilter)
    HAL_I2CEx_ConfigDigitalFilter            0x08001773   Thumb Code   114  stm32f0xx_hal_i2c_ex.o(i.HAL_I2CEx_ConfigDigitalFilter)
    HAL_I2C_AbortCpltCallback                0x080017e5   Thumb Code     2  stm32f0xx_hal_i2c.o(i.HAL_I2C_AbortCpltCallback)
    HAL_I2C_AddrCallback                     0x080017e7   Thumb Code     2  stm32f0xx_hal_i2c.o(i.HAL_I2C_AddrCallback)
    HAL_I2C_ER_IRQHandler                    0x080017e9   Thumb Code   128  stm32f0xx_hal_i2c.o(i.HAL_I2C_ER_IRQHandler)
    HAL_I2C_EV_IRQHandler                    0x08001869   Thumb Code    30  stm32f0xx_hal_i2c.o(i.HAL_I2C_EV_IRQHandler)
    HAL_I2C_ErrorCallback                    0x08001887   Thumb Code     2  stm32f0xx_hal_i2c.o(i.HAL_I2C_ErrorCallback)
    HAL_I2C_Init                             0x08001889   Thumb Code   208  stm32f0xx_hal_i2c.o(i.HAL_I2C_Init)
    HAL_I2C_ListenCpltCallback               0x0800195d   Thumb Code     2  stm32f0xx_hal_i2c.o(i.HAL_I2C_ListenCpltCallback)
    HAL_I2C_Mem_Read                         0x08001961   Thumb Code   446  stm32f0xx_hal_i2c.o(i.HAL_I2C_Mem_Read)
    HAL_I2C_Mem_Write                        0x08001b25   Thumb Code   446  stm32f0xx_hal_i2c.o(i.HAL_I2C_Mem_Write)
    HAL_I2C_MspInit                          0x08001ce9   Thumb Code   188  stm32f0xx_hal_msp.o(i.HAL_I2C_MspInit)
    HAL_I2C_SlaveRxCpltCallback              0x08001db9   Thumb Code     2  stm32f0xx_hal_i2c.o(i.HAL_I2C_SlaveRxCpltCallback)
    HAL_I2C_SlaveTxCpltCallback              0x08001dbb   Thumb Code     2  stm32f0xx_hal_i2c.o(i.HAL_I2C_SlaveTxCpltCallback)
    HAL_IncTick                              0x08001dbd   Thumb Code    12  stm32f0xx_hal.o(i.HAL_IncTick)
    HAL_Init                                 0x08001dcd   Thumb Code    28  stm32f0xx_hal.o(i.HAL_Init)
    HAL_InitTick                             0x08001ded   Thumb Code    38  stm32f0xx_hal.o(i.HAL_InitTick)
    HAL_MspInit                              0x08001e15   Thumb Code    60  stm32f0xx_hal_msp.o(i.HAL_MspInit)
    HAL_NVIC_EnableIRQ                       0x08001e55   Thumb Code    18  stm32f0xx_hal_cortex.o(i.HAL_NVIC_EnableIRQ)
    HAL_NVIC_SetPriority                     0x08001e6d   Thumb Code    18  stm32f0xx_hal_cortex.o(i.HAL_NVIC_SetPriority)
    HAL_NVIC_SystemReset                     0x08001e81   Thumb Code    48  stm32f0xx_hal_cortex.o(i.HAL_NVIC_SystemReset)
    HAL_RCCEx_PeriphCLKConfig                0x08001eb9   Thumb Code   322  stm32f0xx_hal_rcc_ex.o(i.HAL_RCCEx_PeriphCLKConfig)
    HAL_RCC_ClockConfig                      0x08002009   Thumb Code   382  stm32f0xx_hal_rcc.o(i.HAL_RCC_ClockConfig)
    HAL_RCC_GetHCLKFreq                      0x0800219d   Thumb Code     6  stm32f0xx_hal_rcc.o(i.HAL_RCC_GetHCLKFreq)
    HAL_RCC_GetSysClockFreq                  0x080021a9   Thumb Code   150  stm32f0xx_hal_rcc.o(i.HAL_RCC_GetSysClockFreq)
    HAL_RCC_OscConfig                        0x0800226d   Thumb Code  1352  stm32f0xx_hal_rcc.o(i.HAL_RCC_OscConfig)
    HAL_SYSTICK_Config                       0x080027b9   Thumb Code    46  stm32f0xx_hal_cortex.o(i.HAL_SYSTICK_Config)
    HAL_TIMEx_BreakCallback                  0x080027f1   Thumb Code     2  stm32f0xx_hal_tim_ex.o(i.HAL_TIMEx_BreakCallback)
    HAL_TIMEx_CommutationCallback            0x080027f3   Thumb Code     2  stm32f0xx_hal_tim_ex.o(i.HAL_TIMEx_CommutationCallback)
    HAL_TIMEx_MasterConfigSynchronization    0x080027f5   Thumb Code    98  stm32f0xx_hal_tim_ex.o(i.HAL_TIMEx_MasterConfigSynchronization)
    HAL_TIM_Base_Init                        0x08002857   Thumb Code    56  stm32f0xx_hal_tim.o(i.HAL_TIM_Base_Init)
    HAL_TIM_Base_MspInit                     0x08002891   Thumb Code    58  stm32f0xx_hal_msp.o(i.HAL_TIM_Base_MspInit)
    HAL_TIM_Base_Start                       0x080028d5   Thumb Code    30  stm32f0xx_hal_tim.o(i.HAL_TIM_Base_Start)
    HAL_TIM_ConfigClockSource                0x080028f3   Thumb Code   318  stm32f0xx_hal_tim.o(i.HAL_TIM_ConfigClockSource)
    HAL_TIM_IC_CaptureCallback               0x08002a31   Thumb Code     2  stm32f0xx_hal_tim.o(i.HAL_TIM_IC_CaptureCallback)
    HAL_TIM_IRQHandler                       0x08002a33   Thumb Code   456  stm32f0xx_hal_tim.o(i.HAL_TIM_IRQHandler)
    HAL_TIM_OC_DelayElapsedCallback          0x08002bfb   Thumb Code     2  stm32f0xx_hal_tim.o(i.HAL_TIM_OC_DelayElapsedCallback)
    HAL_TIM_PWM_PulseFinishedCallback        0x08002bfd   Thumb Code     2  stm32f0xx_hal_tim.o(i.HAL_TIM_PWM_PulseFinishedCallback)
    HAL_TIM_PeriodElapsedCallback            0x08002bff   Thumb Code     2  stm32f0xx_hal_tim.o(i.HAL_TIM_PeriodElapsedCallback)
    HAL_TIM_TriggerCallback                  0x08002c01   Thumb Code     2  stm32f0xx_hal_tim.o(i.HAL_TIM_TriggerCallback)
    HAL_UART_ErrorCallback                   0x08002c03   Thumb Code     2  stm32f0xx_hal_uart.o(i.HAL_UART_ErrorCallback)
    HAL_UART_IRQHandler                      0x08002c05   Thumb Code   398  stm32f0xx_hal_uart.o(i.HAL_UART_IRQHandler)
    HAL_UART_RxCpltCallback                  0x08002d99   Thumb Code     2  stm32f0xx_hal_uart.o(i.HAL_UART_RxCpltCallback)
    HAL_UART_TxCpltCallback                  0x08002d9b   Thumb Code     2  stm32f0xx_hal_uart.o(i.HAL_UART_TxCpltCallback)
    HardFault_Handler                        0x08002d9d   Thumb Code     4  stm32f0xx_it.o(i.HardFault_Handler)
    Hard_Init                                0x08002da1   Thumb Code   100  main.o(i.Hard_Init)
    Hardware_Init                            0x08002e0d   Thumb Code    48  main.o(i.Hardware_Init)
    I2C1_IRQHandler                          0x08002e51   Thumb Code    34  stm32f0xx_it.o(i.I2C1_IRQHandler)
    InV__                                    0x080037bd   Thumb Code    14  ui.o(i.InV__)
    NMI_Handler                              0x08003b29   Thumb Code     2  stm32f0xx_it.o(i.NMI_Handler)
    PT24xx_init                              0x08003ba5   Thumb Code    10  pt24xx.o(i.PT24xx_init)
    PT24xx_read                              0x08003bb9   Thumb Code    80  pt24xx.o(i.PT24xx_read)
    PT24xx_write                             0x08003c15   Thumb Code    72  pt24xx.o(i.PT24xx_write)
    PendSV_Handler                           0x08003c69   Thumb Code     2  stm32f0xx_it.o(i.PendSV_Handler)
    Read_Eeprom_Data                         0x08003c6d   Thumb Code    26  rms.o(i.Read_Eeprom_Data)
    Rms_Calculations                         0x08003c8d   Thumb Code   204  rms.o(i.Rms_Calculations)
    SVC_Handler                              0x08003d75   Thumb Code     2  stm32f0xx_it.o(i.SVC_Handler)
    Selection_Of_Adc_Channel                 0x08003d79   Thumb Code    32  rms.o(i.Selection_Of_Adc_Channel)
    Slop_Intercept_Cal                       0x08003da1   Thumb Code   214  rms.o(i.Slop_Intercept_Cal)
    Start_Check_Scaling                      0x08003e85   Thumb Code   210  rms.o(i.Start_Check_Scaling)
    Store_Adc_Data                           0x08003f65   Thumb Code   142  rms.o(i.Store_Adc_Data)
    SysTick_Handler                          0x08004005   Thumb Code     8  stm32f0xx_it.o(i.SysTick_Handler)
    SystemClock_Config                       0x0800400d   Thumb Code   138  main.o(i.SystemClock_Config)
    SystemInit                               0x08004099   Thumb Code   104  system_stm32f0xx.o(i.SystemInit)
    TIM1_BRK_UP_TRG_COM_IRQHandler           0x0800410d   Thumb Code    10  stm32f0xx_it.o(i.TIM1_BRK_UP_TRG_COM_IRQHandler)
    TIM_Base_SetConfig                       0x0800411d   Thumb Code   124  stm32f0xx_hal_tim.o(i.TIM_Base_SetConfig)
    TIM_ETR_SetConfig                        0x080041ad   Thumb Code    30  stm32f0xx_hal_tim.o(i.TIM_ETR_SetConfig)
    UART_EndTransmit_IT                      0x0800428b   Thumb Code    32  stm32f0xx_hal_uart.o(i.UART_EndTransmit_IT)
    UART_Receive_IT                          0x080042ab   Thumb Code   142  stm32f0xx_hal_uart.o(i.UART_Receive_IT)
    UART_Transmit_IT                         0x08004339   Thumb Code   114  stm32f0xx_hal_uart.o(i.UART_Transmit_IT)
    USART1_IRQHandler                        0x080043ad   Thumb Code    10  stm32f0xx_it.o(i.USART1_IRQHandler)
    __ARM_clz                                0x080043bd   Thumb Code    46  depilogue.o(i.__ARM_clz)
    __ARM_common_switch8                     0x080043eb   Thumb Code    28  rms.o(i.__ARM_common_switch8)
    __scatterload_copy                       0x08004407   Thumb Code    14  handlers.o(i.__scatterload_copy)
    __scatterload_null                       0x08004415   Thumb Code     2  handlers.o(i.__scatterload_null)
    __scatterload_zeroinit                   0x08004417   Thumb Code    14  handlers.o(i.__scatterload_zeroinit)
    __set_errno                              0x08004425   Thumb Code     6  errno.o(i.__set_errno)
    _convertDecimalToDigitArr                0x08004431   Thumb Code   142  display.o(i._convertDecimalToDigitArr)
    _convertDtoArr                           0x080044c9   Thumb Code   110  display.o(i._convertDtoArr)
    _setupNumberText                         0x08004669   Thumb Code   194  display.o(i._setupNumberText)
    btn_state                                0x080048cd   Thumb Code    32  ui.o(i.btn_state)
    button_scanEvent                         0x080048f9   Thumb Code   364  button.o(i.button_scanEvent)
    digit_4                                  0x08004a99   Thumb Code    50  setup.o(i.digit_4)
    display_flashData                        0x08004ad1   Thumb Code    64  display.o(i.display_flashData)
    display_rowNumeric                       0x08004b1d   Thumb Code   416  display.o(i.display_rowNumeric)
    display_rowText                          0x08004d05   Thumb Code    26  display.o(i.display_rowText)
    display_setScalingFactor                 0x08004d29   Thumb Code    34  display.o(i.display_setScalingFactor)
    display_setup                            0x08004d61   Thumb Code   214  setup.o(i.display_setup)
    interupt_state                           0x08004e55   Thumb Code   152  ui.o(i.interupt_state)
    main                                     0x08004f0d   Thumb Code   234  main.o(i.main)
    mv_sv_read                               0x0800502d   Thumb Code    48  ui.o(i.mv_sv_read)
    page_update                              0x08005069   Thumb Code    82  ui.o(i.page_update)
    read_value                               0x080050c9   Thumb Code    72  rms.o(i.read_value)
    segment_on                               0x0800511d   Thumb Code   110  display.o(i.segment_on)
    segment_skipper                          0x0800519d   Thumb Code    28  display.o(i.segment_skipper)
    setup_edit_display                       0x080051c5   Thumb Code   266  setup.o(i.setup_edit_display)
    setup_enter                              0x080052e9   Thumb Code   380  setup.o(i.setup_enter)
    setup_init                               0x08005491   Thumb Code    88  setup.o(i.setup_init)
    sqrt                                     0x08005505   Thumb Code    66  sqrt.o(i.sqrt)
    temp_run                                 0x0800554d   Thumb Code    36  setup.o(i.temp_run)
    ui_init                                  0x08005575   Thumb Code    10  ui.o(i.ui_init)
    ui_isButtonLongPressed                   0x08005581   Thumb Code    32  button.o(i.ui_isButtonLongPressed)
    ui_isButtonNormalPressed                 0x080055a9   Thumb Code    26  button.o(i.ui_isButtonNormalPressed)
    ui_pageManager                           0x080055c9   Thumb Code   286  ui.o(i.ui_pageManager)
    ui_periodicProcess                       0x08005719   Thumb Code    78  ui.o(i.ui_periodicProcess)
    ButtonPort                               0x08005774   Data           8  button.o(.constdata)
    ButtonPin                                0x0800577c   Data           8  button.o(.constdata)
    DataPort                                 0x08005784   Data          44  display.o(.constdata)
    DataPin                                  0x080057b0   Data          22  display.o(.constdata)
    dpPos                                    0x080057c6   Data          65  display.o(.constdata)
    sf_digits                                0x08005807   Data           5  display.o(.constdata)
    indRowBitMask                            0x0800580c   Data          20  display.o(.constdata)
    indRowBitPos                             0x08005820   Data           5  display.o(.constdata)
    digBCDMap                                0x08005825   Data          10  display.o(.constdata)
    textString                               0x0800582f   Data          96  display.o(.constdata)
    DigitPort                                0x08005890   Data          20  ui.o(.constdata)
    DigitPin                                 0x080058a4   Data          10  ui.o(.constdata)
    pageParam                                0x080058ae   Data          10  ui.o(.constdata)
    pageIndicators                           0x080058b8   Data          20  ui.o(.constdata)
    setupParam                               0x080058cc   Data          36  setup.o(.constdata)
    AHBPrescTable                            0x080058f0   Data          16  system_stm32f0xx.o(.constdata)
    APBPrescTable                            0x08005900   Data           8  system_stm32f0xx.o(.constdata)
    Region$$Table$$Base                      0x08005908   Number         0  anon$$obj.o(Region$$Table)
    Region$$Table$$Limit                     0x08005928   Number         0  anon$$obj.o(Region$$Table)
    Trip_Value                               0x20000000   Data           4  rms.o(.data)
    Trip_Relay_1                             0x20000004   Data           1  rms.o(.data)
    Trip_Relay_2                             0x20000005   Data           1  rms.o(.data)
    Select_Adc_Channel_1_Rms                 0x20000006   Data           1  rms.o(.data)
    Select_Adc_Channel_2_Rms                 0x20000007   Data           1  rms.o(.data)
    DG_Status                                0x20000008   Data           1  rms.o(.data)
    Alarm_Set_Flag                           0x20000009   Data           1  rms.o(.data)
    relay_trip_status_1                      0x2000000a   Data           1  rms.o(.data)
    relay_trip_status_2                      0x2000000b   Data           1  rms.o(.data)
    Pk_Display_Flag                          0x2000000c   Data           1  rms.o(.data)
    __temp_write                             0x20000010   Data           4  rms.o(.data)
    Alarm_value                              0x20000014   Data           4  rms.o(.data)
    __relay_test                             0x20000018   Data           1  rms.o(.data)
    refrence_flag                            0x20000019   Data           1  rms.o(.data)
    Avg_sqr_rot_sample                       0x2000001c   Data           8  rms.o(.data)
    __Avg_Value                              0x20000024   Data           8  rms.o(.data)
    Display_Bar_per                          0x2000002c   Data           1  rms.o(.data)
    __adc_select                             0x2000002d   Data           1  rms.o(.data)
    delay_trip                               0x2000002e   Data           2  rms.o(.data)
    disp_trip                                0x20000030   Data           4  rms.o(.data)
    Calibartion_Factor_Array                 0x20000034   Data          16  rms.o(.data)
    Relay_Voltage_Detection                  0x20000044   Data           1  rms.o(.data)
    __temp                                   0x20000045   Data           1  rms.o(.data)
    Select_Adc                               0x20000046   Data           1  rms.o(.data)
    history_flag                             0x20000047   Data           1  rms.o(.data)
    __temp253                                0x20000048   Data           1  rms.o(.data)
    __just                                   0x20000049   Data           1  rms.o(.data)
    _buffer_count                            0x2000004a   Data           1  rms.o(.data)
    state_shifter                            0x2000004c   Data           2  button.o(.data)
    btnEventPressedCntr                      0x2000004e   Data           4  button.o(.data)
    btnEventPressed                          0x20000052   Data           2  button.o(.data)
    btnEventReleasedCntr                     0x20000054   Data           4  button.o(.data)
    btnEventReleased                         0x20000058   Data           2  button.o(.data)
    btnEventLongPressedCntr                  0x2000005a   Data           4  button.o(.data)
    btnEventLongPressed                      0x2000005e   Data           2  button.o(.data)
    btn                                      0x20000060   Data           1  button.o(.data)
    bar_percent                              0x2000006a   Data           1  display.o(.data)
    pageVarIndicatorStatus                   0x2000006c   Data           4  display.o(.data)
    currDP                                   0x20000070   Data           4  display.o(.data)
    setup_status                             0x20000074   Data           1  display.o(.data)
    bridge_digit                             0x20000078   Data           4  display.o(.data)
    toggle_Sv_Mv                             0x20000088   Data           1  ui.o(.data)
    return_flag                              0x20000089   Data           1  ui.o(.data)
    prev_tog_state                           0x2000008a   Data           1  ui.o(.data)
    test                                     0x2000008b   Data           1  ui.o(.data)
    min_max1                                 0x2000008c   Data           1  ui.o(.data)
    min_max2                                 0x2000008d   Data           1  ui.o(.data)
    intrpt_hndl                              0x2000008e   Data           1  ui.o(.data)
    flow_cntl_flag                           0x2000008f   Data           1  ui.o(.data)
    min_max_counter                          0x20000090   Data           1  ui.o(.data)
    min_max2c                                0x20000091   Data           1  ui.o(.data)
    cop_idex1                                0x20000092   Data           1  ui.o(.data)
    copy_index2                              0x20000093   Data           1  ui.o(.data)
    return_counter                           0x20000094   Data           1  ui.o(.data)
    page_Cur_row                             0x20000095   Data           1  ui.o(.data)
    page_Cur_col                             0x20000096   Data           1  ui.o(.data)
    sv_mv_counter                            0x20000097   Data           1  ui.o(.data)
    enter_setup                              0x20000098   Data           1  ui.o(.data)
    record_counter                           0x2000009a   Data           2  ui.o(.data)
    page                                     0x2000009c   Data           4  ui.o(.data)
    setting                                  0x200000a0   Data           4  ui.o(.data)
    setted                                   0x200000a4   Data           4  ui.o(.data)
    minValue                                 0x200000a8   Data           4  ui.o(.data)
    maxValue                                 0x200000ac   Data           4  ui.o(.data)
    page_Wr_flgs                             0x200000b0   Data          20  ui.o(.data)
    pageupdIndicators                        0x200000c4   Data          40  ui.o(.data)
    minValues                                0x200000ec   Data           6  ui.o(.data)
    maxValues                                0x200000f4   Data          24  ui.o(.data)
    check_bit2                               0x2000010c   Data           1  ui.o(.data)
    wr_Ind                                   0x20000119   Data           1  pt24xx.o(.data)
    rd_Ind                                   0x2000011a   Data           1  pt24xx.o(.data)
    menuId                                   0x2000011e   Data           1  setup.o(.data)
    leftId                                   0x2000011f   Data           1  setup.o(.data)
    updId                                    0x20000120   Data           1  setup.o(.data)
    one_second_counter                       0x20000121   Data           1  setup.o(.data)
    save_temp                                0x20000122   Data           4  setup.o(.data)
    save_3_digit                             0x20000126   Data           3  setup.o(.data)
    error_indicator                          0x20000129   Data           3  setup.o(.data)
    setup_ctrl                               0x2000012c   Data           1  setup.o(.data)
    mili_flag                                0x2000012d   Data           1  setup.o(.data)
    retrive                                  0x2000012e   Data           1  setup.o(.data)
    setup_arr                                0x20000130   Data         100  setup.o(.data)
    setupind                                 0x20000194   Data          28  setup.o(.data)
    scaling_factor                           0x200001b0   Data           7  setup.o(.data)
    setupParam_infom                         0x200001b7   Data          16  setup.o(.data)
    Adc_Timmer_Counter                       0x200001c8   Data           2  main.o(.data)
    Adc_Flag                                 0x200001ca   Data           1  main.o(.data)
    disp_flag                                0x200001cb   Data           1  main.o(.data)
    back_flag                                0x200001cc   Data           1  main.o(.data)
    button_flag                              0x200001cd   Data           1  main.o(.data)
    Trip_Value_Status                        0x200001d8   Data           1  main.o(.data)
    toggle                                   0x200001d9   Data           1  main.o(.data)
    Start_Timmer                             0x200001dc   Data           4  main.o(.data)
    callibartion_flag                        0x200001e0   Data           1  main.o(.data)
    start_calibartions_flag                  0x200001e1   Data           1  main.o(.data)
    Write_history_trip                       0x200001e2   Data           1  main.o(.data)
    testing_blur                             0x200001e4   Data           2  main.o(.data)
    testing_flag                             0x200001e6   Data           1  main.o(.data)
    falt_disp                                0x200001e7   Data           1  main.o(.data)
    setup_digit                              0x200001e8   Data           1  main.o(.data)
    Slot                                     0x200001e9   Data           1  main.o(.data)
    __temp_timmer                            0x200001ea   Data           1  main.o(.data)
    __temp_disp                              0x200001ec   Data           2  main.o(.data)
    ui_periodic_flag                         0x200001ee   Data           1  main.o(.data)
    three_sec_flag                           0x200001ef   Data           1  main.o(.data)
    three_sec_counter                        0x200001f0   Data           1  main.o(.data)
    half_sec_couter                          0x200001f1   Data           1  main.o(.data)
    setup_digit_del                          0x200001f2   Data           1  main.o(.data)
    __temp548                                0x200001f4   Data           2  main.o(.data)
    comp_mem                                 0x200001f6   Data           1  main.o(.data)
    __temp_scal                              0x200001f7   Data           1  main.o(.data)
    No_Of_cal                                0x200001f8   Data           1  main.o(.data)
    uwTick                                   0x200001fc   Data           4  stm32f0xx_hal.o(.data)
    SystemCoreClock                          0x20000200   Data           4  system_stm32f0xx.o(.data)
    Rms_Buffer                               0x20000208   Data          40  rms.o(.bss)
    Stored_Trip_Data                         0x20000230   Data          20  rms.o(.bss)
    Adc_Rms                                  0x20000244   Data          16  rms.o(.bss)
    Common                                   0x20000254   Data          32  rms.o(.bss)
    Stored                                   0x20000274   Data          16  rms.o(.bss)
    sqr_sample_buffer                        0x20000284   Data          80  rms.o(.bss)
    _stored_sqr_value                        0x200002d4   Data          32  rms.o(.bss)
    acd                                      0x200002f4   Data         640  rms.o(.bss)
    cfg                                      0x20000574   Data          20  setup.o(.bss)
    temp_cfg                                 0x20000588   Data          12  setup.o(.bss)
    hadc                                     0x20000594   Data          76  main.o(.bss)
    hdma_adc                                 0x200005e0   Data          68  main.o(.bss)
    hi2c1                                    0x20000624   Data          76  main.o(.bss)
    hdma_i2c1_rx                             0x20000670   Data          68  main.o(.bss)
    hiwdg                                    0x200006b4   Data          16  main.o(.bss)
    htim1                                    0x200006c4   Data          64  main.o(.bss)
    huart1                                   0x20000704   Data         112  main.o(.bss)
    hdma_usart1_rx                           0x20000774   Data          68  main.o(.bss)
    __initial_sp                             0x20000bb8   Data           0  startup_stm32f030x6.o(STACK)



==============================================================================

Memory Map of the image

  Image Entry point : 0x080000b1

  Load Region LR_IROM1 (Base: 0x08000000, Size: 0x00005b30, Max: 0x00008000, ABSOLUTE, COMPRESSED[0x000059fc])

    Execution Region ER_IROM1 (Exec base: 0x08000000, Load base: 0x08000000, Size: 0x00005928, Max: 0x00008000, ABSOLUTE)

    Exec Addr    Load Addr    Size         Type   Attr      Idx    E Section Name        Object

    0x08000000   0x08000000   0x000000b0   Data   RO            3    RESET               startup_stm32f030x6.o
    0x080000b0   0x080000b0   0x00000000   Code   RO         3689  * .ARM.Collect$$$$00000000  mc_p.l(entry.o)
    0x080000b0   0x080000b0   0x00000004   Code   RO         3720    .ARM.Collect$$$$00000001  mc_p.l(entry2.o)
    0x080000b4   0x080000b4   0x00000004   Code   RO         3723    .ARM.Collect$$$$00000004  mc_p.l(entry5.o)
    0x080000b8   0x080000b8   0x00000000   Code   RO         3725    .ARM.Collect$$$$00000008  mc_p.l(entry7b.o)
    0x080000b8   0x080000b8   0x00000000   Code   RO         3727    .ARM.Collect$$$$0000000A  mc_p.l(entry8b.o)
    0x080000b8   0x080000b8   0x00000008   Code   RO         3728    .ARM.Collect$$$$0000000B  mc_p.l(entry9a.o)
    0x080000c0   0x080000c0   0x00000000   Code   RO         3730    .ARM.Collect$$$$0000000D  mc_p.l(entry10a.o)
    0x080000c0   0x080000c0   0x00000000   Code   RO         3732    .ARM.Collect$$$$0000000F  mc_p.l(entry11a.o)
    0x080000c0   0x080000c0   0x00000004   Code   RO         3721    .ARM.Collect$$$$00002712  mc_p.l(entry2.o)
    0x080000c4   0x080000c4   0x0000001c   Code   RO            4    .text               startup_stm32f030x6.o
    0x080000e0   0x080000e0   0x0000002c   Code   RO         3692    .text               mc_p.l(uidiv.o)
    0x0800010c   0x0800010c   0x00000022   Code   RO         3694    .text               mc_p.l(llushr.o)
    0x0800012e   0x0800012e   0x00000024   Code   RO         3696    .text               mc_p.l(memseta.o)
    0x08000152   0x08000152   0x000000b2   Code   RO         3698    .text               mf_p.l(fadd.o)
    0x08000204   0x08000204   0x0000007a   Code   RO         3700    .text               mf_p.l(fmul.o)
    0x0800027e   0x0800027e   0x0000007c   Code   RO         3702    .text               mf_p.l(fdiv.o)
    0x080002fa   0x080002fa   0x00000002   PAD
    0x080002fc   0x080002fc   0x000000f0   Code   RO         3704    .text               mf_p.l(ddiv.o)
    0x080003ec   0x080003ec   0x00000016   Code   RO         3706    .text               mf_p.l(fflti.o)
    0x08000402   0x08000402   0x0000000e   Code   RO         3708    .text               mf_p.l(ffltui.o)
    0x08000410   0x08000410   0x0000001c   Code   RO         3710    .text               mf_p.l(dfltui.o)
    0x0800042c   0x0800042c   0x00000028   Code   RO         3712    .text               mf_p.l(ffixui.o)
    0x08000454   0x08000454   0x0000003c   Code   RO         3714    .text               mf_p.l(dfixui.o)
    0x08000490   0x08000490   0x00000028   Code   RO         3716    .text               mf_p.l(f2d.o)
    0x080004b8   0x080004b8   0x00000038   Code   RO         3718    .text               mf_p.l(d2f.o)
    0x080004f0   0x080004f0   0x00000000   Code   RO         3741    .text               mc_p.l(iusefp.o)
    0x080004f0   0x080004f0   0x00000082   Code   RO         3742    .text               mf_p.l(fepilogue.o)
    0x08000572   0x08000572   0x000000be   Code   RO         3744    .text               mf_p.l(depilogue.o)
    0x08000630   0x08000630   0x000000a2   Code   RO         3748    .text               mf_p.l(dsqrt.o)
    0x080006d2   0x080006d2   0x00000002   PAD
    0x080006d4   0x080006d4   0x00000024   Code   RO         3752    .text               mc_p.l(init.o)
    0x080006f8   0x080006f8   0x00000020   Code   RO         3754    .text               mc_p.l(llshl.o)
    0x08000718   0x08000718   0x00000056   Code   RO         3764    .text               mc_p.l(__dczerorl2.o)
    0x0800076e   0x0800076e   0x00000002   PAD
    0x08000770   0x08000770   0x00000010   Code   RO          732    i.ADC1_IRQHandler   stm32f0xx_it.o
    0x08000780   0x08000780   0x00000086   Code   RO          930    i.ADC_DMAConvCplt   stm32f0xx_hal_adc.o
    0x08000806   0x08000806   0x0000001e   Code   RO          931    i.ADC_DMAError      stm32f0xx_hal_adc.o
    0x08000824   0x08000824   0x0000000e   Code   RO          932    i.ADC_DMAHalfConvCplt  stm32f0xx_hal_adc.o
    0x08000832   0x08000832   0x00000002   PAD
    0x08000834   0x08000834   0x000000d4   Code   RO          934    i.ADC_Enable        stm32f0xx_hal_adc.o
    0x08000908   0x08000908   0x000000a0   Code   RO          115    i.Adc_Sample_Calculations  rms.o
    0x080009a8   0x080009a8   0x00000040   Code   RO           12    i.Average_Rms_Display  rms.o
    0x080009e8   0x080009e8   0x00000010   Code   RO          733    i.DMA1_Channel1_IRQHandler  stm32f0xx_it.o
    0x080009f8   0x080009f8   0x00000010   Code   RO          734    i.DMA1_Channel2_3_IRQHandler  stm32f0xx_it.o
    0x08000a08   0x08000a08   0x00000010   Code   RO          735    i.DMA1_Channel4_5_IRQHandler  stm32f0xx_it.o
    0x08000a18   0x08000a18   0x00000020   Code   RO         3159    i.DMA_CalcBaseAndBitshift  stm32f0xx_hal_dma.o
    0x08000a38   0x08000a38   0x0000002a   Code   RO         3160    i.DMA_SetConfig     stm32f0xx_hal_dma.o
    0x08000a62   0x08000a62   0x00000002   PAD
    0x08000a64   0x08000a64   0x0000005c   Code   RO           14    i.Display_Bar       rms.o
    0x08000ac0   0x08000ac0   0x0000000a   Code   RO          736    i.EXTI0_1_IRQHandler  stm32f0xx_it.o
    0x08000aca   0x08000aca   0x0000000a   Code   RO          737    i.EXTI4_15_IRQHandler  stm32f0xx_it.o
    0x08000ad4   0x08000ad4   0x00000002   Code   RO          637    i.Error_Handler     main.o
    0x08000ad6   0x08000ad6   0x000000e4   Code   RO         1105    i.HAL_ADCEx_Calibration_Start  stm32f0xx_hal_adc_ex.o
    0x08000bba   0x08000bba   0x00000002   PAD
    0x08000bbc   0x08000bbc   0x00000188   Code   RO          936    i.HAL_ADC_ConfigChannel  stm32f0xx_hal_adc.o
    0x08000d44   0x08000d44   0x000000cc   Code   RO          638    i.HAL_ADC_ConvCpltCallback  main.o
    0x08000e10   0x08000e10   0x00000002   Code   RO          938    i.HAL_ADC_ConvHalfCpltCallback  stm32f0xx_hal_adc.o
    0x08000e12   0x08000e12   0x00000002   Code   RO          940    i.HAL_ADC_ErrorCallback  stm32f0xx_hal_adc.o
    0x08000e14   0x08000e14   0x00000116   Code   RO          944    i.HAL_ADC_IRQHandler  stm32f0xx_hal_adc.o
    0x08000f2a   0x08000f2a   0x00000002   PAD
    0x08000f2c   0x08000f2c   0x000001c0   Code   RO          945    i.HAL_ADC_Init      stm32f0xx_hal_adc.o
    0x080010ec   0x080010ec   0x00000002   Code   RO          946    i.HAL_ADC_LevelOutOfWindowCallback  stm32f0xx_hal_adc.o
    0x080010ee   0x080010ee   0x00000002   PAD
    0x080010f0   0x080010f0   0x000000c4   Code   RO          835    i.HAL_ADC_MspInit   stm32f0xx_hal_msp.o
    0x080011b4   0x080011b4   0x000000c0   Code   RO          952    i.HAL_ADC_Start_DMA  stm32f0xx_hal_adc.o
    0x08001274   0x08001274   0x00000058   Code   RO         3162    i.HAL_DMA_Abort_IT  stm32f0xx_hal_dma.o
    0x080012cc   0x080012cc   0x000000f0   Code   RO         3166    i.HAL_DMA_IRQHandler  stm32f0xx_hal_dma.o
    0x080013bc   0x080013bc   0x00000064   Code   RO         3167    i.HAL_DMA_Init      stm32f0xx_hal_dma.o
    0x08001420   0x08001420   0x0000009a   Code   RO         3171    i.HAL_DMA_Start_IT  stm32f0xx_hal_dma.o
    0x080014ba   0x080014ba   0x00000020   Code   RO         2965    i.HAL_Delay         stm32f0xx_hal.o
    0x080014da   0x080014da   0x00000002   Code   RO         3098    i.HAL_GPIO_EXTI_Callback  stm32f0xx_hal_gpio.o
    0x080014dc   0x080014dc   0x00000020   Code   RO         3099    i.HAL_GPIO_EXTI_IRQHandler  stm32f0xx_hal_gpio.o
    0x080014fc   0x080014fc   0x000001f0   Code   RO         3100    i.HAL_GPIO_Init     stm32f0xx_hal_gpio.o
    0x080016ec   0x080016ec   0x0000000c   Code   RO         3104    i.HAL_GPIO_WritePin  stm32f0xx_hal_gpio.o
    0x080016f8   0x080016f8   0x0000000c   Code   RO         2969    i.HAL_GetTick       stm32f0xx_hal.o
    0x08001704   0x08001704   0x0000006e   Code   RO         1549    i.HAL_I2CEx_ConfigAnalogFilter  stm32f0xx_hal_i2c_ex.o
    0x08001772   0x08001772   0x00000072   Code   RO         1550    i.HAL_I2CEx_ConfigDigitalFilter  stm32f0xx_hal_i2c_ex.o
    0x080017e4   0x080017e4   0x00000002   Code   RO         1125    i.HAL_I2C_AbortCpltCallback  stm32f0xx_hal_i2c.o
    0x080017e6   0x080017e6   0x00000002   Code   RO         1126    i.HAL_I2C_AddrCallback  stm32f0xx_hal_i2c.o
    0x080017e8   0x080017e8   0x00000080   Code   RO         1129    i.HAL_I2C_ER_IRQHandler  stm32f0xx_hal_i2c.o
    0x08001868   0x08001868   0x0000001e   Code   RO         1130    i.HAL_I2C_EV_IRQHandler  stm32f0xx_hal_i2c.o
    0x08001886   0x08001886   0x00000002   Code   RO         1132    i.HAL_I2C_ErrorCallback  stm32f0xx_hal_i2c.o
    0x08001888   0x08001888   0x000000d4   Code   RO         1136    i.HAL_I2C_Init      stm32f0xx_hal_i2c.o
    0x0800195c   0x0800195c   0x00000002   Code   RO         1138    i.HAL_I2C_ListenCpltCallback  stm32f0xx_hal_i2c.o
    0x0800195e   0x0800195e   0x00000002   PAD
    0x08001960   0x08001960   0x000001c4   Code   RO         1152    i.HAL_I2C_Mem_Read  stm32f0xx_hal_i2c.o
    0x08001b24   0x08001b24   0x000001c4   Code   RO         1155    i.HAL_I2C_Mem_Write  stm32f0xx_hal_i2c.o
    0x08001ce8   0x08001ce8   0x000000d0   Code   RO          837    i.HAL_I2C_MspInit   stm32f0xx_hal_msp.o
    0x08001db8   0x08001db8   0x00000002   Code   RO         1160    i.HAL_I2C_SlaveRxCpltCallback  stm32f0xx_hal_i2c.o
    0x08001dba   0x08001dba   0x00000002   Code   RO         1161    i.HAL_I2C_SlaveTxCpltCallback  stm32f0xx_hal_i2c.o
    0x08001dbc   0x08001dbc   0x00000010   Code   RO         2973    i.HAL_IncTick       stm32f0xx_hal.o
    0x08001dcc   0x08001dcc   0x00000020   Code   RO         2974    i.HAL_Init          stm32f0xx_hal.o
    0x08001dec   0x08001dec   0x00000026   Code   RO         2975    i.HAL_InitTick      stm32f0xx_hal.o
    0x08001e12   0x08001e12   0x00000002   PAD
    0x08001e14   0x08001e14   0x00000040   Code   RO          838    i.HAL_MspInit       stm32f0xx_hal_msp.o
    0x08001e54   0x08001e54   0x00000018   Code   RO         3257    i.HAL_NVIC_EnableIRQ  stm32f0xx_hal_cortex.o
    0x08001e6c   0x08001e6c   0x00000012   Code   RO         3261    i.HAL_NVIC_SetPriority  stm32f0xx_hal_cortex.o
    0x08001e7e   0x08001e7e   0x00000002   PAD
    0x08001e80   0x08001e80   0x00000038   Code   RO         3262    i.HAL_NVIC_SystemReset  stm32f0xx_hal_cortex.o
    0x08001eb8   0x08001eb8   0x00000150   Code   RO         2930    i.HAL_RCCEx_PeriphCLKConfig  stm32f0xx_hal_rcc_ex.o
    0x08002008   0x08002008   0x00000194   Code   RO         2837    i.HAL_RCC_ClockConfig  stm32f0xx_hal_rcc.o
    0x0800219c   0x0800219c   0x0000000c   Code   RO         2842    i.HAL_RCC_GetHCLKFreq  stm32f0xx_hal_rcc.o
    0x080021a8   0x080021a8   0x000000c4   Code   RO         2845    i.HAL_RCC_GetSysClockFreq  stm32f0xx_hal_rcc.o
    0x0800226c   0x0800226c   0x0000054c   Code   RO         2848    i.HAL_RCC_OscConfig  stm32f0xx_hal_rcc.o
    0x080027b8   0x080027b8   0x00000038   Code   RO         3265    i.HAL_SYSTICK_Config  stm32f0xx_hal_cortex.o
    0x080027f0   0x080027f0   0x00000002   Code   RO         2237    i.HAL_TIMEx_BreakCallback  stm32f0xx_hal_tim_ex.o
    0x080027f2   0x080027f2   0x00000002   Code   RO         2238    i.HAL_TIMEx_CommutationCallback  stm32f0xx_hal_tim_ex.o
    0x080027f4   0x080027f4   0x00000062   Code   RO         2254    i.HAL_TIMEx_MasterConfigSynchronization  stm32f0xx_hal_tim_ex.o
    0x08002856   0x08002856   0x00000038   Code   RO         1589    i.HAL_TIM_Base_Init  stm32f0xx_hal_tim.o
    0x0800288e   0x0800288e   0x00000002   PAD
    0x08002890   0x08002890   0x00000044   Code   RO          840    i.HAL_TIM_Base_MspInit  stm32f0xx_hal_msp.o
    0x080028d4   0x080028d4   0x0000001e   Code   RO         1592    i.HAL_TIM_Base_Start  stm32f0xx_hal_tim.o
    0x080028f2   0x080028f2   0x0000013e   Code   RO         1598    i.HAL_TIM_ConfigClockSource  stm32f0xx_hal_tim.o
    0x08002a30   0x08002a30   0x00000002   Code   RO         1620    i.HAL_TIM_IC_CaptureCallback  stm32f0xx_hal_tim.o
    0x08002a32   0x08002a32   0x000001c8   Code   RO         1633    i.HAL_TIM_IRQHandler  stm32f0xx_hal_tim.o
    0x08002bfa   0x08002bfa   0x00000002   Code   RO         1636    i.HAL_TIM_OC_DelayElapsedCallback  stm32f0xx_hal_tim.o
    0x08002bfc   0x08002bfc   0x00000002   Code   RO         1663    i.HAL_TIM_PWM_PulseFinishedCallback  stm32f0xx_hal_tim.o
    0x08002bfe   0x08002bfe   0x00000002   Code   RO         1670    i.HAL_TIM_PeriodElapsedCallback  stm32f0xx_hal_tim.o
    0x08002c00   0x08002c00   0x00000002   Code   RO         1674    i.HAL_TIM_TriggerCallback  stm32f0xx_hal_tim.o
    0x08002c02   0x08002c02   0x00000002   Code   RO         2492    i.HAL_UART_ErrorCallback  stm32f0xx_hal_uart.o
    0x08002c04   0x08002c04   0x00000194   Code   RO         2495    i.HAL_UART_IRQHandler  stm32f0xx_hal_uart.o
    0x08002d98   0x08002d98   0x00000002   Code   RO         2502    i.HAL_UART_RxCpltCallback  stm32f0xx_hal_uart.o
    0x08002d9a   0x08002d9a   0x00000002   Code   RO         2507    i.HAL_UART_TxCpltCallback  stm32f0xx_hal_uart.o
    0x08002d9c   0x08002d9c   0x00000004   Code   RO          738    i.HardFault_Handler  stm32f0xx_it.o
    0x08002da0   0x08002da0   0x0000006c   Code   RO          639    i.Hard_Init         main.o
    0x08002e0c   0x08002e0c   0x00000044   Code   RO          640    i.Hardware_Init     main.o
    0x08002e50   0x08002e50   0x00000028   Code   RO          739    i.I2C1_IRQHandler   stm32f0xx_it.o
    0x08002e78   0x08002e78   0x0000003c   Code   RO         1170    i.I2C_DMAAbort      stm32f0xx_hal_i2c.o
    0x08002eb4   0x08002eb4   0x0000007e   Code   RO         1176    i.I2C_Disable_IRQ   stm32f0xx_hal_i2c.o
    0x08002f32   0x08002f32   0x00000032   Code   RO         1178    i.I2C_Flush_TXDR    stm32f0xx_hal_i2c.o
    0x08002f64   0x08002f64   0x000000d6   Code   RO         1179    i.I2C_ITAddrCplt    stm32f0xx_hal_i2c.o
    0x0800303a   0x0800303a   0x00000002   PAD
    0x0800303c   0x0800303c   0x00000118   Code   RO         1180    i.I2C_ITError       stm32f0xx_hal_i2c.o
    0x08003154   0x08003154   0x00000074   Code   RO         1181    i.I2C_ITListenCplt  stm32f0xx_hal_i2c.o
    0x080031c8   0x080031c8   0x0000013c   Code   RO         1184    i.I2C_ITSlaveCplt   stm32f0xx_hal_i2c.o
    0x08003304   0x08003304   0x00000062   Code   RO         1185    i.I2C_ITSlaveSequentialCplt  stm32f0xx_hal_i2c.o
    0x08003366   0x08003366   0x00000002   PAD
    0x08003368   0x08003368   0x00000094   Code   RO         1186    i.I2C_IsAcknowledgeFailed  stm32f0xx_hal_i2c.o
    0x080033fc   0x080033fc   0x00000092   Code   RO         1189    i.I2C_RequestMemoryRead  stm32f0xx_hal_i2c.o
    0x0800348e   0x0800348e   0x00000092   Code   RO         1190    i.I2C_RequestMemoryWrite  stm32f0xx_hal_i2c.o
    0x08003520   0x08003520   0x00000160   Code   RO         1192    i.I2C_Slave_ISR_IT  stm32f0xx_hal_i2c.o
    0x08003680   0x08003680   0x00000030   Code   RO         1193    i.I2C_TransferConfig  stm32f0xx_hal_i2c.o
    0x080036b0   0x080036b0   0x00000052   Code   RO         1194    i.I2C_WaitOnFlagUntilTimeout  stm32f0xx_hal_i2c.o
    0x08003702   0x08003702   0x0000005a   Code   RO         1196    i.I2C_WaitOnSTOPFlagUntilTimeout  stm32f0xx_hal_i2c.o
    0x0800375c   0x0800375c   0x00000060   Code   RO         1197    i.I2C_WaitOnTXISFlagUntilTimeout  stm32f0xx_hal_i2c.o
    0x080037bc   0x080037bc   0x0000000e   Code   RO          421    i.InV__             ui.o
    0x080037ca   0x080037ca   0x00000002   PAD
    0x080037cc   0x080037cc   0x00000088   Code   RO          641    i.MX_ADC_Init       main.o
    0x08003854   0x08003854   0x00000054   Code   RO          642    i.MX_DMA_Init       main.o
    0x080038a8   0x080038a8   0x000001ac   Code   RO          643    i.MX_GPIO_Init      main.o
    0x08003a54   0x08003a54   0x0000005c   Code   RO          644    i.MX_I2C1_Init      main.o
    0x08003ab0   0x08003ab0   0x00000078   Code   RO          646    i.MX_TIM1_Init      main.o
    0x08003b28   0x08003b28   0x00000002   Code   RO          740    i.NMI_Handler       stm32f0xx_it.o
    0x08003b2a   0x08003b2a   0x00000002   PAD
    0x08003b2c   0x08003b2c   0x00000078   Code   RO         3267    i.NVIC_SetPriority  stm32f0xx_hal_cortex.o
    0x08003ba4   0x08003ba4   0x00000014   Code   RO          509    i.PT24xx_init       pt24xx.o
    0x08003bb8   0x08003bb8   0x0000005c   Code   RO          510    i.PT24xx_read       pt24xx.o
    0x08003c14   0x08003c14   0x00000054   Code   RO          511    i.PT24xx_write      pt24xx.o
    0x08003c68   0x08003c68   0x00000002   Code   RO          741    i.PendSV_Handler    stm32f0xx_it.o
    0x08003c6a   0x08003c6a   0x00000002   PAD
    0x08003c6c   0x08003c6c   0x00000020   Code   RO           15    i.Read_Eeprom_Data  rms.o
    0x08003c8c   0x08003c8c   0x000000e8   Code   RO           18    i.Rms_Calculations  rms.o
    0x08003d74   0x08003d74   0x00000002   Code   RO          742    i.SVC_Handler       stm32f0xx_it.o
    0x08003d76   0x08003d76   0x00000002   PAD
    0x08003d78   0x08003d78   0x00000028   Code   RO           19    i.Selection_Of_Adc_Channel  rms.o
    0x08003da0   0x08003da0   0x000000e4   Code   RO           20    i.Slop_Intercept_Cal  rms.o
    0x08003e84   0x08003e84   0x000000e0   Code   RO           21    i.Start_Check_Scaling  rms.o
    0x08003f64   0x08003f64   0x000000a0   Code   RO           22    i.Store_Adc_Data    rms.o
    0x08004004   0x08004004   0x00000008   Code   RO          743    i.SysTick_Handler   stm32f0xx_it.o
    0x0800400c   0x0800400c   0x0000008a   Code   RO          648    i.SystemClock_Config  main.o
    0x08004096   0x08004096   0x00000002   PAD
    0x08004098   0x08004098   0x00000074   Code   RO         3651    i.SystemInit        system_stm32f0xx.o
    0x0800410c   0x0800410c   0x00000010   Code   RO          744    i.TIM1_BRK_UP_TRG_COM_IRQHandler  stm32f0xx_it.o
    0x0800411c   0x0800411c   0x00000090   Code   RO         1675    i.TIM_Base_SetConfig  stm32f0xx_hal_tim.o
    0x080041ac   0x080041ac   0x0000001e   Code   RO         1682    i.TIM_ETR_SetConfig  stm32f0xx_hal_tim.o
    0x080041ca   0x080041ca   0x0000001a   Code   RO         1683    i.TIM_ITRx_SetConfig  stm32f0xx_hal_tim.o
    0x080041e4   0x080041e4   0x00000036   Code   RO         1689    i.TIM_TI1_ConfigInputStage  stm32f0xx_hal_tim.o
    0x0800421a   0x0800421a   0x00000036   Code   RO         1691    i.TIM_TI2_ConfigInputStage  stm32f0xx_hal_tim.o
    0x08004250   0x08004250   0x00000018   Code   RO         2511    i.UART_DMAAbortOnError  stm32f0xx_hal_uart.o
    0x08004268   0x08004268   0x00000022   Code   RO         2521    i.UART_EndRxTransfer  stm32f0xx_hal_uart.o
    0x0800428a   0x0800428a   0x00000020   Code   RO         2522    i.UART_EndTransmit_IT  stm32f0xx_hal_uart.o
    0x080042aa   0x080042aa   0x0000008e   Code   RO         2524    i.UART_Receive_IT   stm32f0xx_hal_uart.o
    0x08004338   0x08004338   0x00000072   Code   RO         2526    i.UART_Transmit_IT  stm32f0xx_hal_uart.o
    0x080043aa   0x080043aa   0x00000002   PAD
    0x080043ac   0x080043ac   0x00000010   Code   RO          745    i.USART1_IRQHandler  stm32f0xx_it.o
    0x080043bc   0x080043bc   0x0000002e   Code   RO         3746    i.__ARM_clz         mf_p.l(depilogue.o)
    0x080043ea   0x080043ea   0x0000001c   Code   RO          121    i.__ARM_common_switch8  rms.o
    0x08004406   0x08004406   0x0000000e   Code   RO         3758    i.__scatterload_copy  mc_p.l(handlers.o)
    0x08004414   0x08004414   0x00000002   Code   RO         3759    i.__scatterload_null  mc_p.l(handlers.o)
    0x08004416   0x08004416   0x0000000e   Code   RO         3760    i.__scatterload_zeroinit  mc_p.l(handlers.o)
    0x08004424   0x08004424   0x0000000c   Code   RO         3736    i.__set_errno       mc_p.l(errno.o)
    0x08004430   0x08004430   0x00000098   Code   RO          322    i._convertDecimalToDigitArr  display.o
    0x080044c8   0x080044c8   0x00000074   Code   RO          323    i._convertDtoArr    display.o
    0x0800453c   0x0800453c   0x0000008c   Code   RO          547    i._editSetupParam   setup.o
    0x080045c8   0x080045c8   0x00000030   Code   RO          324    i._getIndicatorStatus  display.o
    0x080045f8   0x080045f8   0x00000034   Code   RO          548    i._load_default     setup.o
    0x0800462c   0x0800462c   0x0000003c   Code   RO          549    i._save_and_exit    setup.o
    0x08004668   0x08004668   0x000000d8   Code   RO          325    i._setupNumberText  display.o
    0x08004740   0x08004740   0x0000018c   Code   RO          326    i._showText         display.o
    0x080048cc   0x080048cc   0x0000002c   Code   RO          422    i.btn_state         ui.o
    0x080048f8   0x080048f8   0x000001a0   Code   RO          258    i.button_scanEvent  button.o
    0x08004a98   0x08004a98   0x00000038   Code   RO          550    i.digit_4           setup.o
    0x08004ad0   0x08004ad0   0x0000004c   Code   RO          328    i.display_flashData  display.o
    0x08004b1c   0x08004b1c   0x000001e8   Code   RO          329    i.display_rowNumeric  display.o
    0x08004d04   0x08004d04   0x00000024   Code   RO          330    i.display_rowText   display.o
    0x08004d28   0x08004d28   0x00000038   Code   RO          331    i.display_setScalingFactor  display.o
    0x08004d60   0x08004d60   0x000000f4   Code   RO          551    i.display_setup     setup.o
    0x08004e54   0x08004e54   0x000000b8   Code   RO          423    i.interupt_state    ui.o
    0x08004f0c   0x08004f0c   0x00000120   Code   RO          649    i.main              main.o
    0x0800502c   0x0800502c   0x0000003c   Code   RO          424    i.mv_sv_read        ui.o
    0x08005068   0x08005068   0x00000060   Code   RO          425    i.page_update       ui.o
    0x080050c8   0x080050c8   0x00000054   Code   RO           26    i.read_value        rms.o
    0x0800511c   0x0800511c   0x00000080   Code   RO          332    i.segment_on        display.o
    0x0800519c   0x0800519c   0x00000028   Code   RO          333    i.segment_skipper   display.o
    0x080051c4   0x080051c4   0x00000124   Code   RO          553    i.setup_edit_display  setup.o
    0x080052e8   0x080052e8   0x000001a8   Code   RO          554    i.setup_enter       setup.o
    0x08005490   0x08005490   0x00000074   Code   RO          555    i.setup_init        setup.o
    0x08005504   0x08005504   0x00000048   Code   RO         3682    i.sqrt              m_ps.l(sqrt.o)
    0x0800554c   0x0800554c   0x00000028   Code   RO          556    i.temp_run          setup.o
    0x08005574   0x08005574   0x0000000a   Code   RO          429    i.ui_init           ui.o
    0x0800557e   0x0800557e   0x00000002   PAD
    0x08005580   0x08005580   0x00000028   Code   RO          260    i.ui_isButtonLongPressed  button.o
    0x080055a8   0x080055a8   0x00000020   Code   RO          261    i.ui_isButtonNormalPressed  button.o
    0x080055c8   0x080055c8   0x00000150   Code   RO          430    i.ui_pageManager    ui.o
    0x08005718   0x08005718   0x0000005c   Code   RO          431    i.ui_periodicProcess  ui.o
    0x08005774   0x08005774   0x00000010   Data   RO          263    .constdata          button.o
    0x08005784   0x08005784   0x0000010b   Data   RO          334    .constdata          display.o
    0x0800588f   0x0800588f   0x00000001   PAD
    0x08005890   0x08005890   0x0000003c   Data   RO          432    .constdata          ui.o
    0x080058cc   0x080058cc   0x00000024   Data   RO          558    .constdata          setup.o
    0x080058f0   0x080058f0   0x00000018   Data   RO         3652    .constdata          system_stm32f0xx.o
    0x08005908   0x08005908   0x00000020   Data   RO         3756    Region$$Table       anon$$obj.o


    Execution Region RW_IRAM1 (Exec base: 0x20000000, Load base: 0x08005928, Size: 0x00000bb8, Max: 0x00001000, ABSOLUTE, COMPRESSED[0x000000d4])

    Exec Addr    Load Addr    Size         Type   Attr      Idx    E Section Name        Object

    0x20000000   COMPRESSED   0x0000004b   Data   RW           28    .data               rms.o
    0x2000004b   COMPRESSED   0x00000001   PAD
    0x2000004c   COMPRESSED   0x00000019   Data   RW          264    .data               button.o
    0x20000065   COMPRESSED   0x00000003   PAD
    0x20000068   COMPRESSED   0x0000001e   Data   RW          335    .data               display.o
    0x20000086   COMPRESSED   0x00000002   PAD
    0x20000088   COMPRESSED   0x0000008c   Data   RW          433    .data               ui.o
    0x20000114   COMPRESSED   0x00000007   Data   RW          512    .data               pt24xx.o
    0x2000011b   COMPRESSED   0x00000001   PAD
    0x2000011c   COMPRESSED   0x000000ab   Data   RW          559    .data               setup.o
    0x200001c7   COMPRESSED   0x00000001   PAD
    0x200001c8   COMPRESSED   0x00000031   Data   RW          652    .data               main.o
    0x200001f9   COMPRESSED   0x00000003   PAD
    0x200001fc   COMPRESSED   0x00000004   Data   RW         2980    .data               stm32f0xx_hal.o
    0x20000200   COMPRESSED   0x00000004   Data   RW         3653    .data               system_stm32f0xx.o
    0x20000204   COMPRESSED   0x00000004   Data   RW         3737    .data               mc_p.l(errno.o)
    0x20000208        -       0x0000036c   Zero   RW           27    .bss                rms.o
    0x20000574        -       0x00000020   Zero   RW          557    .bss                setup.o
    0x20000594        -       0x00000224   Zero   RW          650    .bss                main.o
    0x200007b8        -       0x00000400   Zero   RW            1    STACK               startup_stm32f030x6.o


==============================================================================

Image component sizes


      Code (inc. data)   RO Data    RW Data    ZI Data      Debug   Object Name

       488         66         16         25          0       3386   button.o
      1752        250        267         30          0      11325   display.o
      1668        198          0         49        548       8486   main.o
       196         34          0          7          0       2647   pt24xx.o
      1344        156          0         75        876     286638   rms.o
      1424        176         36        171         32       7606   setup.o
        28          8        176          0       1024        640   startup_stm32f030x6.o
       130         14          0          4          0       3711   stm32f0xx_hal.o
      1706         56          0          0          0       8274   stm32f0xx_hal_adc.o
       228          0          0          0          0       1378   stm32f0xx_hal_adc_ex.o
       274         34          0          0          0       9636   stm32f0xx_hal_cortex.o
       656         10          0          0          0       4682   stm32f0xx_hal_dma.o
       542         32          0          0          0       3392   stm32f0xx_hal_gpio.o
      3654         56          0          0          0      22134   stm32f0xx_hal_i2c.o
       224          0          0          0          0       1931   stm32f0xx_hal_i2c_ex.o
       536         50          0          0          0       3020   stm32f0xx_hal_msp.o
      1968         90          0          0          0       4434   stm32f0xx_hal_rcc.o
       336         14          0          0          0       1412   stm32f0xx_hal_rcc_ex.o
      1178         20          0          0          0       9764   stm32f0xx_hal_tim.o
       102          0          0          0          0       2282   stm32f0xx_hal_tim_ex.o
       756          6          0          0          0       6418   stm32f0xx_hal_uart.o
       174         42          0          0          0       6360   stm32f0xx_it.o
       116         12         24          4          0       1171   system_stm32f0xx.o
       836        134         60        140          0       6219   ui.o

    ----------------------------------------------------------------------
     20352       1458        612        516       2480     416946   Object Totals
         0          0         32          0          0          0   (incl. Generated)
        36          0          1         11          0          0   (incl. Padding)

    ----------------------------------------------------------------------

      Code (inc. data)   RO Data    RW Data    ZI Data      Debug   Library Member Name

        72          6          0          0          0         76   sqrt.o
        86          0          0          0          0          0   __dczerorl2.o
         0          0          0          0          0          0   entry.o
         0          0          0          0          0          0   entry10a.o
         0          0          0          0          0          0   entry11a.o
         8          4          0          0          0          0   entry2.o
         4          0          0          0          0          0   entry5.o
         0          0          0          0          0          0   entry7b.o
         0          0          0          0          0          0   entry8b.o
         8          4          0          0          0          0   entry9a.o
        12          6          0          4          0         60   errno.o
        30          0          0          0          0          0   handlers.o
        36          8          0          0          0         68   init.o
         0          0          0          0          0          0   iusefp.o
        32          0          0          0          0         68   llshl.o
        34          0          0          0          0         68   llushr.o
        36          0          0          0          0        100   memseta.o
        44          0          0          0          0         72   uidiv.o
        56          0          0          0          0         68   d2f.o
       240          6          0          0          0         84   ddiv.o
       236          0          0          0          0        216   depilogue.o
        60         10          0          0          0         68   dfixui.o
        28          4          0          0          0         68   dfltui.o
       162          0          0          0          0         80   dsqrt.o
        40          0          0          0          0         60   f2d.o
       178          0          0          0          0        108   fadd.o
       124          0          0          0          0         72   fdiv.o
       130          0          0          0          0        144   fepilogue.o
        40          0          0          0          0         60   ffixui.o
        22          0          0          0          0         68   fflti.o
        14          0          0          0          0         68   ffltui.o
       122          0          0          0          0         72   fmul.o

    ----------------------------------------------------------------------
      1860         48          0          4          0       1748   Library Totals
         6          0          0          0          0          0   (incl. Padding)

    ----------------------------------------------------------------------

      Code (inc. data)   RO Data    RW Data    ZI Data      Debug   Library Name

        72          6          0          0          0         76   m_ps.l
       330         22          0          4          0        436   mc_p.l
      1452         20          0          0          0       1236   mf_p.l

    ----------------------------------------------------------------------
      1860         48          0          4          0       1748   Library Totals

    ----------------------------------------------------------------------

==============================================================================


      Code (inc. data)   RO Data    RW Data    ZI Data      Debug   

     22212       1506        612        520       2480     410954   Grand Totals
     22212       1506        612        212       2480     410954   ELF Image Totals (compressed)
     22212       1506        612        212          0          0   ROM Totals

==============================================================================

    Total RO  Size (Code + RO Data)                22824 (  22.29kB)
    Total RW  Size (RW Data + ZI Data)              3000 (   2.93kB)
    Total ROM Size (Code + RO Data + RW Data)      23036 (  22.50kB)

==============================================================================

