Component: ARM Compiler 5.06 update 6 (build 750) Tool: armlink [4d35ed]

==============================================================================

Section Cross References

    startup_stm32f030x6.o(RESET) refers to startup_stm32f030x6.o(STACK) for __initial_sp
    startup_stm32f030x6.o(RESET) refers to startup_stm32f030x6.o(.text) for Reset_Handler
    startup_stm32f030x6.o(RESET) refers to stm32f0xx_it.o(i.NMI_Handler) for NMI_Handler
    startup_stm32f030x6.o(RESET) refers to stm32f0xx_it.o(i.HardFault_Handler) for HardFault_Handler
    startup_stm32f030x6.o(RESET) refers to stm32f0xx_it.o(i.SVC_Handler) for SVC_Handler
    startup_stm32f030x6.o(RESET) refers to stm32f0xx_it.o(i.PendSV_Handler) for PendSV_Handler
    startup_stm32f030x6.o(RESET) refers to stm32f0xx_it.o(i.SysTick_Handler) for SysTick_Handler
    startup_stm32f030x6.o(RESET) refers to stm32f0xx_it.o(i.EXTI0_1_IRQHandler) for EXTI0_1_IRQHandler
    startup_stm32f030x6.o(RESET) refers to stm32f0xx_it.o(i.EXTI4_15_IRQHandler) for EXTI4_15_IRQHandler
    startup_stm32f030x6.o(RESET) refers to stm32f0xx_it.o(i.DMA1_Channel1_IRQHandler) for DMA1_Channel1_IRQHandler
    startup_stm32f030x6.o(RESET) refers to stm32f0xx_it.o(i.DMA1_Channel2_3_IRQHandler) for DMA1_Channel2_3_IRQHandler
    startup_stm32f030x6.o(RESET) refers to stm32f0xx_it.o(i.DMA1_Channel4_5_IRQHandler) for DMA1_Channel4_5_IRQHandler
    startup_stm32f030x6.o(RESET) refers to stm32f0xx_it.o(i.ADC1_IRQHandler) for ADC1_IRQHandler
    startup_stm32f030x6.o(RESET) refers to stm32f0xx_it.o(i.TIM1_BRK_UP_TRG_COM_IRQHandler) for TIM1_BRK_UP_TRG_COM_IRQHandler
    startup_stm32f030x6.o(RESET) refers to stm32f0xx_it.o(i.I2C1_IRQHandler) for I2C1_IRQHandler
    startup_stm32f030x6.o(RESET) refers to stm32f0xx_it.o(i.USART1_IRQHandler) for USART1_IRQHandler
    startup_stm32f030x6.o(.text) refers to system_stm32f0xx.o(i.SystemInit) for SystemInit
    startup_stm32f030x6.o(.text) refers to entry.o(.ARM.Collect$$$$00000000) for __main
    rms.o(i.Average_Rms_Display) refers to uidiv.o(.text) for __aeabi_uidivmod
    rms.o(i.Average_Rms_Display) refers to rms.o(.bss) for Adc_Rms
    rms.o(i.Calibaration) refers to uidiv.o(.text) for __aeabi_uidivmod
    rms.o(i.Calibaration) refers to pt24xx.o(i.PT24xx_write) for PT24xx_write
    rms.o(i.Calibaration) refers to rms.o(.data) for Avg_sqr_rot_sample
    rms.o(i.Calibaration) refers to rms.o(.bss) for sqr_sample_buffer
    rms.o(i.Display_Bar) refers to uidiv.o(.text) for __aeabi_uidivmod
    rms.o(i.Display_Bar) refers to rms.o(.data) for Select_Adc_Channel_1_Rms
    rms.o(i.Display_Bar) refers to rms.o(.bss) for Adc_Rms
    rms.o(i.Read_Eeprom_Data) refers to pt24xx.o(i.PT24xx_read) for PT24xx_read
    rms.o(i.Read_Eeprom_Data) refers to rms.o(.bss) for _stored_sqr_value
    rms.o(i.Read_Eeprom_Data) refers to rms.o(.data) for Calibartion_Factor_Array
    rms.o(i.Refrence_Voltage_Status) refers to rms.o(i.Relay_Set_Reset) for Relay_Set_Reset
    rms.o(i.Refrence_Voltage_Status) refers to rms.o(.bss) for Adc_Rms
    rms.o(i.Refrence_Voltage_Status) refers to rms.o(.data) for Trip_Relay_1
    rms.o(i.Relay_Set_Reset) refers to rms.o(.data) for relay_trip_status_1
    rms.o(i.Rms_Calculations) refers to dfltui.o(.text) for __aeabi_ui2d
    rms.o(i.Rms_Calculations) refers to sqrt.o(i.sqrt) for sqrt
    rms.o(i.Rms_Calculations) refers to dfixui.o(.text) for __aeabi_d2uiz
    rms.o(i.Rms_Calculations) refers to ffltui.o(.text) for __aeabi_ui2f
    rms.o(i.Rms_Calculations) refers to fmul.o(.text) for __aeabi_fmul
    rms.o(i.Rms_Calculations) refers to ffixui.o(.text) for __aeabi_f2uiz
    rms.o(i.Rms_Calculations) refers to rms.o(i.Start_Check_Scaling) for Start_Check_Scaling
    rms.o(i.Rms_Calculations) refers to rms.o(.bss) for Stored
    rms.o(i.Rms_Calculations) refers to rms.o(.data) for Select_Adc_Channel_1_Rms
    rms.o(i.Selection_Of_Adc_Channel) refers to rms.o(.data) for Select_Adc_Channel_1_Rms
    rms.o(i.Slop_Intercept_Cal) refers to dfltui.o(.text) for __aeabi_ui2d
    rms.o(i.Slop_Intercept_Cal) refers to sqrt.o(i.sqrt) for sqrt
    rms.o(i.Slop_Intercept_Cal) refers to dfixui.o(.text) for __aeabi_d2uiz
    rms.o(i.Slop_Intercept_Cal) refers to ffltui.o(.text) for __aeabi_ui2f
    rms.o(i.Slop_Intercept_Cal) refers to fdiv.o(.text) for __aeabi_fdiv
    rms.o(i.Slop_Intercept_Cal) refers to fadd.o(.text) for __aeabi_fsub
    rms.o(i.Slop_Intercept_Cal) refers to fmul.o(.text) for __aeabi_fmul
    rms.o(i.Slop_Intercept_Cal) refers to rms.o(.bss) for _stored_sqr_value
    rms.o(i.Slop_Intercept_Cal) refers to rms.o(.data) for Calibartion_Factor_Array
    rms.o(i.Start_Check_Scaling) refers to rms.o(i.Slop_Intercept_Cal) for Slop_Intercept_Cal
    rms.o(i.Start_Check_Scaling) refers to dfltui.o(.text) for __aeabi_ui2d
    rms.o(i.Start_Check_Scaling) refers to sqrt.o(i.sqrt) for sqrt
    rms.o(i.Start_Check_Scaling) refers to ffltui.o(.text) for __aeabi_ui2f
[...]
    i.HAL_RCC_GetPCLK1Freq                   0x080022cc   Section        0  stm32f0xx_hal_rcc.o(i.HAL_RCC_GetPCLK1Freq)
    i.HAL_RCC_GetSysClockFreq                0x080022f0   Section        0  stm32f0xx_hal_rcc.o(i.HAL_RCC_GetSysClockFreq)
    i.HAL_RCC_OscConfig                      0x080023b4   Section        0  stm32f0xx_hal_rcc.o(i.HAL_RCC_OscConfig)
    i.HAL_RS485Ex_Init                       0x08002900   Section        0  stm32f0xx_hal_uart_ex.o(i.HAL_RS485Ex_Init)
    i.HAL_SYSTICK_Config                     0x080029a0   Section        0  stm32f0xx_hal_cortex.o(i.HAL_SYSTICK_Config)
    i.HAL_TIMEx_BreakCallback                0x080029d8   Section        0  stm32f0xx_hal_tim_ex.o(i.HAL_TIMEx_BreakCallback)
    i.HAL_TIMEx_CommutationCallback          0x080029da   Section        0  stm32f0xx_hal_tim_ex.o(i.HAL_TIMEx_CommutationCallback)
    i.HAL_TIMEx_MasterConfigSynchronization  0x080029dc   Section        0  stm32f0xx_hal_tim_ex.o(i.HAL_TIMEx_MasterConfigSynchronization)
    i.HAL_TIM_Base_Init                      0x08002a3e   Section        0  stm32f0xx_hal_tim.o(i.HAL_TIM_Base_Init)
    i.HAL_TIM_Base_MspInit                   0x08002a78   Section        0  stm32f0xx_hal_msp.o(i.HAL_TIM_Base_MspInit)
    i.HAL_TIM_Base_Start                     0x08002abc   Section        0  stm32f0xx_hal_tim.o(i.HAL_TIM_Base_Start)
    i.HAL_TIM_ConfigClockSource              0x08002ada   Section        0  stm32f0xx_hal_tim.o(i.HAL_TIM_ConfigClockSource)
    i.HAL_TIM_IC_CaptureCallback             0x08002c18   Section        0  stm32f0xx_hal_tim.o(i.HAL_TIM_IC_CaptureCallback)
    i.HAL_TIM_IRQHandler                     0x08002c1a   Section        0  stm32f0xx_hal_tim.o(i.HAL_TIM_IRQHandler)
    i.HAL_TIM_OC_DelayElapsedCallback        0x08002de2   Section        0  stm32f0xx_hal_tim.o(i.HAL_TIM_OC_DelayElapsedCallback)
    i.HAL_TIM_PWM_PulseFinishedCallback      0x08002de4   Section        0  stm32f0xx_hal_tim.o(i.HAL_TIM_PWM_PulseFinishedCallback)
    i.HAL_TIM_PeriodElapsedCallback          0x08002de6   Section        0  stm32f0xx_hal_tim.o(i.HAL_TIM_PeriodElapsedCallback)
    i.HAL_TIM_TriggerCallback                0x08002de8   Section        0  stm32f0xx_hal_tim.o(i.HAL_TIM_TriggerCallback)
    i.HAL_UART_ErrorCallback                 0x08002dea   Section        0  stm32f0xx_hal_uart.o(i.HAL_UART_ErrorCallback)
    i.HAL_UART_IRQHandler                    0x08002dec   Section        0  stm32f0xx_hal_uart.o(i.HAL_UART_IRQHandler)
    i.HAL_UART_MspInit                       0x08002f80   Section        0  stm32f0xx_hal_msp.o(i.HAL_UART_MspInit)
    i.HAL_UART_Receive_DMA                   0x08003064   Section        0  stm32f0xx_hal_uart.o(i.HAL_UART_Receive_DMA)
    i.HAL_UART_RxCpltCallback                0x08003130   Section        0  stm32f0xx_hal_uart.o(i.HAL_UART_RxCpltCallback)
    i.HAL_UART_RxHalfCpltCallback            0x08003132   Section        0  stm32f0xx_hal_uart.o(i.HAL_UART_RxHalfCpltCallback)
    i.HAL_UART_TxCpltCallback                0x08003134   Section        0  stm32f0xx_hal_uart.o(i.HAL_UART_TxCpltCallback)
    i.HardFault_Handler                      0x08003136   Section        0  stm32f0xx_it.o(i.HardFault_Handler)
    i.Hard_Init                              0x0800313c   Section        0  main.o(i.Hard_Init)
    i.Hardware_Init                          0x08003214   Section        0  main.o(i.Hardware_Init)
    i.I2C1_IRQHandler                        0x08003258   Section        0  stm32f0xx_it.o(i.I2C1_IRQHandler)
    i.I2C_DMAAbort                           0x08003280   Section        0  stm32f0xx_hal_i2c.o(i.I2C_DMAAbort)
    I2C_DMAAbort                             0x08003281   Thumb Code    60  stm32f0xx_hal_i2c.o(i.I2C_DMAAbort)
    i.I2C_Disable_IRQ                        0x080032bc   Section        0  stm32f0xx_hal_i2c.o(i.I2C_Disable_IRQ)
    I2C_Disable_IRQ                          0x080032bd   Thumb Code   126  stm32f0xx_hal_i2c.o(i.I2C_Disable_IRQ)
    i.I2C_Flush_TXDR                         0x0800333a   Section        0  stm32f0xx_hal_i2c.o(i.I2C_Flush_TXDR)
    I2C_Flush_TXDR                           0x0800333b   Thumb Code    50  stm32f0xx_hal_i2c.o(i.I2C_Flush_TXDR)
    i.I2C_ITAddrCplt                         0x0800336c   Section        0  stm32f0xx_hal_i2c.o(i.I2C_ITAddrCplt)
    I2C_ITAddrCplt                           0x0800336d   Thumb Code   214  stm32f0xx_hal_i2c.o(i.I2C_ITAddrCplt)
    i.I2C_ITError                            0x08003444   Section        0  stm32f0xx_hal_i2c.o(i.I2C_ITError)
    I2C_ITError                              0x08003445   Thumb Code   268  stm32f0xx_hal_i2c.o(i.I2C_ITError)
    i.I2C_ITListenCplt                       0x0800355c   Section        0  stm32f0xx_hal_i2c.o(i.I2C_ITListenCplt)
    I2C_ITListenCplt                         0x0800355d   Thumb Code   110  stm32f0xx_hal_i2c.o(i.I2C_ITListenCplt)
    i.I2C_ITSlaveCplt                        0x080035d0   Section        0  stm32f0xx_hal_i2c.o(i.I2C_ITSlaveCplt)
    I2C_ITSlaveCplt                          0x080035d1   Thumb Code   308  stm32f0xx_hal_i2c.o(i.I2C_ITSlaveCplt)
    i.I2C_ITSlaveSequentialCplt              0x0800370c   Section        0  stm32f0xx_hal_i2c.o(i.I2C_ITSlaveSequentialCplt)
    I2C_ITSlaveSequentialCplt                0x0800370d   Thumb Code    98  stm32f0xx_hal_i2c.o(i.I2C_ITSlaveSequentialCplt)
    i.I2C_IsAcknowledgeFailed                0x08003770   Section        0  stm32f0xx_hal_i2c.o(i.I2C_IsAcknowledgeFailed)
    I2C_IsAcknowledgeFailed                  0x08003771   Thumb Code   144  stm32f0xx_hal_i2c.o(i.I2C_IsAcknowledgeFailed)
    i.I2C_RequestMemoryRead                  0x08003804   Section        0  stm32f0xx_hal_i2c.o(i.I2C_RequestMemoryRead)
    I2C_RequestMemoryRead                    0x08003805   Thumb Code   146  stm32f0xx_hal_i2c.o(i.I2C_RequestMemoryRead)
    i.I2C_RequestMemoryWrite                 0x08003896   Section        0  stm32f0xx_hal_i2c.o(i.I2C_RequestMemoryWrite)
    I2C_RequestMemoryWrite                   0x08003897   Thumb Code   146  stm32f0xx_hal_i2c.o(i.I2C_RequestMemoryWrite)
    i.I2C_Slave_ISR_IT                       0x08003928   Section        0  stm32f0xx_hal_i2c.o(i.I2C_Slave_ISR_IT)
    I2C_Slave_ISR_IT                         0x08003929   Thumb Code   348  stm32f0xx_hal_i2c.o(i.I2C_Slave_ISR_IT)
    i.I2C_TransferConfig                     0x08003a88   Section        0  stm32f0xx_hal_i2c.o(i.I2C_TransferConfig)
    I2C_TransferConfig                       0x08003a89   Thumb Code    42  stm32f0xx_hal_i2c.o(i.I2C_TransferConfig)
    i.I2C_WaitOnFlagUntilTimeout             0x08003ab8   Section        0  stm32f0xx_hal_i2c.o(i.I2C_WaitOnFlagUntilTimeout)
    I2C_WaitOnFlagUntilTimeout               0x08003ab9   Thumb Code    82  stm32f0xx_hal_i2c.o(i.I2C_WaitOnFlagUntilTimeout)
    i.I2C_WaitOnSTOPFlagUntilTimeout         0x08003b0a   Section        0  stm32f0xx_hal_i2c.o(i.I2C_WaitOnSTOPFlagUntilTimeout)
    I2C_WaitOnSTOPFlagUntilTimeout           0x08003b0b   Thumb Code    90  stm32f0xx_hal_i2c.o(i.I2C_WaitOnSTOPFlagUntilTimeout)
    i.I2C_WaitOnTXISFlagUntilTimeout         0x08003b64   Section        0  stm32f0xx_hal_i2c.o(i.I2C_WaitOnTXISFlagUntilTimeout)
    I2C_WaitOnTXISFlagUntilTimeout           0x08003b65   Thumb Code    96  stm32f0xx_hal_i2c.o(i.I2C_WaitOnTXISFlagUntilTimeout)
    i.InV__                                  0x08003bc4   Section        0  ui.o(i.InV__)
    i.InitPetitModbus                        0x08003bd4   Section        0  libmodbus.o(i.InitPetitModbus)
    i.MX_ADC_Init                            0x08003be8   Section        0  main.o(i.MX_ADC_Init)
    MX_ADC_Init                              0x08003be9   Thumb Code   126  main.o(i.MX_ADC_Init)
    i.MX_DMA_Init                            0x08003c70   Section        0  main.o(i.MX_DMA_Init)
    MX_DMA_Init                              0x08003c71   Thumb Code    80  main.o(i.MX_DMA_Init)
    i.MX_GPIO_Init                           0x08003cc4   Section        0  main.o(i.MX_GPIO_Init)
    MX_GPIO_Init                             0x08003cc5   Thumb Code   396  main.o(i.MX_GPIO_Init)
    i.MX_I2C1_Init                           0x08003e70   Section        0  main.o(i.MX_I2C1_Init)
    MX_I2C1_Init                             0x08003e71   Thumb Code    80  main.o(i.MX_I2C1_Init)
    i.MX_IWDG_Init                           0x08003ecc   Section        0  main.o(i.MX_IWDG_Init)
    MX_IWDG_Init                             0x08003ecd   Thumb Code    38  main.o(i.MX_IWDG_Init)
    i.MX_TIM1_Init                           0x08003f00   Section        0  main.o(i.MX_TIM1_Init)
    MX_TIM1_Init                             0x08003f01   Thumb Code   108  main.o(i.MX_TIM1_Init)
    i.MX_USART1_UART_Init                    0x08003f78   Section        0  main.o(i.MX_USART1_UART_Init)
    MX_USART1_UART_Init                      0x08003f79   Thumb Code    86  main.o(i.MX_USART1_UART_Init)
    i.NMI_Handler                            0x08003fe4   Section        0  stm32f0xx_it.o(i.NMI_Handler)
    i.NVIC_SetPriority                       0x08003fe8   Section        0  stm32f0xx_hal_cortex.o(i.NVIC_SetPriority)
    NVIC_SetPriority                         0x08003fe9   Thumb Code   110  stm32f0xx_hal_cortex.o(i.NVIC_SetPriority)
    i.PT24xx_init                            0x08004060   Section        0  pt24xx.o(i.PT24xx_init)
    i.PT24xx_read                            0x08004074   Section        0  pt24xx.o(i.PT24xx_read)
    i.PT24xx_write                           0x080040d0   Section        0  pt24xx.o(i.PT24xx_write)
    i.PendSV_Handler                         0x08004124   Section        0  stm32f0xx_it.o(i.PendSV_Handler)
    i.Read_Eeprom_Data                       0x08004128   Section        0  rms.o(i.Read_Eeprom_Data)
    i.Rms_Calculations                       0x08004158   Section        0  rms.o(i.Rms_Calculations)
    i.SVC_Handler                            0x08004240   Section        0  stm32f0xx_it.o(i.SVC_Handler)
    i.Selection_Of_Adc_Channel               0x08004244   Section        0  rms.o(i.Selection_Of_Adc_Channel)
    i.Slop_Intercept_Cal                     0x0800426c   Section        0  rms.o(i.Slop_Intercept_Cal)
    i.Start_Check_Scaling                    0x08004354   Section        0  rms.o(i.Start_Check_Scaling)
    i.Store_Adc_Data                         0x08004438   Section        0  rms.o(i.Store_Adc_Data)
    i.SysTick_Handler                        0x080044d8   Section        0  stm32f0xx_it.o(i.SysTick_Handler)
    i.SystemClock_Config                     0x080044e0   Section        0  main.o(i.SystemClock_Config)
    i.SystemInit                             0x0800456c   Section        0  system_stm32f0xx.o(i.SystemInit)
    i.TIM1_BRK_UP_TRG_COM_IRQHandler         0x080045e0   Section        0  stm32f0xx_it.o(i.TIM1_BRK_UP_TRG_COM_IRQHandler)
    i.TIM_Base_SetConfig                     0x080045f0   Section        0  stm32f0xx_hal_tim.o(i.TIM_Base_SetConfig)
    i.TIM_ETR_SetConfig                      0x08004680   Section        0  stm32f0xx_hal_tim.o(i.TIM_ETR_SetConfig)
    i.TIM_ITRx_SetConfig                     0x0800469e   Section        0  stm32f0xx_hal_tim.o(i.TIM_ITRx_SetConfig)
    TIM_ITRx_SetConfig                       0x0800469f   Thumb Code    26  stm32f0xx_hal_tim.o(i.TIM_ITRx_SetConfig)
    i.TIM_TI1_ConfigInputStage               0x080046b8   Section        0  stm32f0xx_hal_tim.o(i.TIM_TI1_ConfigInputStage)
    TIM_TI1_ConfigInputStage                 0x080046b9   Thumb Code    54  stm32f0xx_hal_tim.o(i.TIM_TI1_ConfigInputStage)
    i.TIM_TI2_ConfigInputStage               0x080046ee   Section        0  stm32f0xx_hal_tim.o(i.TIM_TI2_ConfigInputStage)
    TIM_TI2_ConfigInputStage                 0x080046ef   Thumb Code    54  stm32f0xx_hal_tim.o(i.TIM_TI2_ConfigInputStage)
    i.Trip_Status_Check                      0x08004724   Section        0  rms.o(i.Trip_Status_Check)
    i.Twice_calibartion                      0x080048bc   Section        0  rms.o(i.Twice_calibartion)
    i.UART_AdvFeatureConfig                  0x08004918   Section        0  stm32f0xx_hal_uart.o(i.UART_AdvFeatureConfig)
    i.UART_CheckIdleState                    0x08004a08   Section        0  stm32f0xx_hal_uart.o(i.UART_CheckIdleState)
    i.UART_DMAAbortOnError                   0x08004a26   Section        0  stm32f0xx_hal_uart.o(i.UART_DMAAbortOnError)
    UART_DMAAbortOnError                     0x08004a27   Thumb Code    24  stm32f0xx_hal_uart.o(i.UART_DMAAbortOnError)
    i.UART_DMAError                          0x08004a3e   Section        0  stm32f0xx_hal_uart.o(i.UART_DMAError)
    UART_DMAError                            0x08004a3f   Thumb Code    86  stm32f0xx_hal_uart.o(i.UART_DMAError)
    i.UART_DMAReceiveCplt                    0x08004a94   Section        0  stm32f0xx_hal_uart.o(i.UART_DMAReceiveCplt)
    UART_DMAReceiveCplt                      0x08004a95   Thumb Code    76  stm32f0xx_hal_uart.o(i.UART_DMAReceiveCplt)
    i.UART_DMARxHalfCplt                     0x08004ae0   Section        0  stm32f0xx_hal_uart.o(i.UART_DMARxHalfCplt)
    UART_DMARxHalfCplt                       0x08004ae1   Thumb Code    14  stm32f0xx_hal_uart.o(i.UART_DMARxHalfCplt)
    i.UART_EndRxTransfer                     0x08004aee   Section        0  stm32f0xx_hal_uart.o(i.UART_EndRxTransfer)
    UART_EndRxTransfer                       0x08004aef   Thumb Code    34  stm32f0xx_hal_uart.o(i.UART_EndRxTransfer)
    i.UART_EndTransmit_IT                    0x08004b10   Section        0  stm32f0xx_hal_uart.o(i.UART_EndTransmit_IT)
    i.UART_EndTxTransfer                     0x08004b30   Section        0  stm32f0xx_hal_uart.o(i.UART_EndTxTransfer)
    UART_EndTxTransfer                       0x08004b31   Thumb Code    20  stm32f0xx_hal_uart.o(i.UART_EndTxTransfer)
    i.UART_Receive_IT                        0x08004b44   Section        0  stm32f0xx_hal_uart.o(i.UART_Receive_IT)
    i.UART_SetConfig                         0x08004bd4   Section        0  stm32f0xx_hal_uart.o(i.UART_SetConfig)
    i.UART_Transmit_IT                       0x08004d98   Section        0  stm32f0xx_hal_uart.o(i.UART_Transmit_IT)
    i.USART1_IRQHandler                      0x08004e0c   Section        0  stm32f0xx_it.o(i.USART1_IRQHandler)
    i.__ARM_clz                              0x08004e1c   Section        0  depilogue.o(i.__ARM_clz)
    i.__ARM_common_switch8                   0x08004e4a   Section        0  rms.o(i.__ARM_common_switch8)
    i.__scatterload_copy                     0x08004e66   Section       14  handlers.o(i.__scatterload_copy)
    i.__scatterload_null                     0x08004e74   Section        2  handlers.o(i.__scatterload_null)
    i.__scatterload_zeroinit                 0x08004e76   Section       14  handlers.o(i.__scatterload_zeroinit)
    i.__set_errno                            0x08004e84   Section        0  errno.o(i.__set_errno)
    i._convertDecimalToDigitArr              0x08004e90   Section        0  display.o(i._convertDecimalToDigitArr)
    i._getIndicatorStatus                    0x08004f28   Section        0  display.o(i._getIndicatorStatus)
    _getIndicatorStatus                      0x08004f29   Thumb Code    40  display.o(i._getIndicatorStatus)
    i._load_default                          0x08004f58   Section        0  setup.o(i._load_default)
    _load_default                            0x08004f59   Thumb Code    88  setup.o(i._load_default)
    i._showText                              0x08004fc4   Section        0  display.o(i._showText)
    _showText                                0x08004fc5   Thumb Code   338  display.o(i._showText)
    i.btn_state                              0x08005150   Section        0  ui.o(i.btn_state)
    i.button_scanEvent                       0x0800517c   Section        0  button.o(i.button_scanEvent)
    i.display_flashData                      0x08005314   Section        0  display.o(i.display_flashData)
    i.display_rowNumeric                     0x08005360   Section        0  display.o(i.display_rowNumeric)
    i.display_rowText                        0x08005548   Section        0  display.o(i.display_rowText)
    i.display_setScalingFactor               0x0800556c   Section        0  display.o(i.display_setScalingFactor)
    i.interupt_state                         0x080055a4   Section        0  ui.o(i.interupt_state)
    i.main                                   0x0800565c   Section        0  main.o(i.main)
    i.mv_sv_read                             0x080057ac   Section        0  ui.o(i.mv_sv_read)
    i.page_update                            0x080057e8   Section        0  ui.o(i.page_update)
    i.read_value                             0x08005848   Section        0  rms.o(i.read_value)
    i.rtc_init                               0x0800589c   Section        0  rtc_1.o(i.rtc_init)
    i.segment_on                             0x080058b0   Section        0  display.o(i.segment_on)
    i.sercomm_init                           0x08005930   Section        0  serialcomm.o(i.sercomm_init)
    i.setup_init                             0x08005988   Section        0  setup.o(i.setup_init)
    i.sqrt                                   0x08005a18   Section        0  sqrt.o(i.sqrt)
    i.ui_init                                0x08005a60   Section        0  ui.o(i.ui_init)
    i.ui_isButtonLongPressed                 0x08005a6c   Section        0  button.o(i.ui_isButtonLongPressed)
    i.ui_isButtonNormalPressed               0x08005a94   Section        0  button.o(i.ui_isButtonNormalPressed)
    i.ui_pageManager                         0x08005ab4   Section        0  ui.o(i.ui_pageManager)
    i.ui_periodicProcess                     0x08005cb0   Section        0  ui.o(i.ui_periodicProcess)
    .constdata                               0x08005d0c   Section       16  button.o(.constdata)
    .constdata                               0x08005d1c   Section      267  display.o(.constdata)
    .constdata                               0x08005e28   Section       60  ui.o(.constdata)
    .constdata                               0x08005e64   Section       24  main.o(.constdata)
    .constdata                               0x08005e7c   Section       24  system_stm32f0xx.o(.constdata)
    .data                                    0x20000000   Section       99  rms.o(.data)
    .data                                    0x20000064   Section       25  button.o(.data)
    currState                                0x20000079   Data           2  button.o(.data)
    btnState                                 0x2000007b   Data           2  button.o(.data)
    .data                                    0x20000080   Section       30  display.o(.data)
    DISP_m_IND_DIGITS                        0x20000080   Data           1  display.o(.data)
    DISP_K_IND_DIGITS                        0x20000081   Data           1  display.o(.data)
    flashData                                0x20000094   Data          10  display.o(.data)
    .data                                    0x200000a0   Section      140  ui.o(.data)
    currDigit                                0x20000128   Data           4  ui.o(.data)
    .data                                    0x2000012c   Section        7  pt24xx.o(.data)
    PT24xxPort                               0x2000012c   Data           4  pt24xx.o(.data)
    PT24xxDevAddr                            0x20000130   Data           1  pt24xx.o(.data)
    .data                                    0x20000134   Section      207  setup.o(.data)
    ident                                    0x20000134   Data           1  setup.o(.data)
    ident2                                   0x20000135   Data           1  setup.o(.data)
    .data                                    0x20000204   Section       15  rtc_1.o(.data)
    rtcDevAddr                               0x20000208   Data           1  rtc_1.o(.data)
    rtctime                                  0x20000209   Data           3  rtc_1.o(.data)
    .data                                    0x20000214   Section       27  libmodbus.o(.data)
    .data                                    0x20000230   Section       16  serialcomm.o(.data)
    .data                                    0x20000240   Section       49  main.o(.data)
    I_Sample                                 0x20000248   Data           8  main.o(.data)
    .data                                    0x20000274   Section        4  stm32f0xx_hal.o(.data)
    .data                                    0x20000278   Section        4  system_stm32f0xx.o(.data)
    .data                                    0x2000027c   Section        4  errno.o(.data)
    _errno                                   0x2000027c   Data           4  errno.o(.data)
    .bss                                     0x20000280   Section      924  rms.o(.bss)
    .bss                                     0x2000061c   Section       64  setup.o(.bss)
    .bss                                     0x2000065c   Section      274  libmodbus.o(.bss)
    .bss                                     0x20000770   Section      548  main.o(.bss)
    STACK                                    0x20000998   Section     1024  startup_stm32f030x6.o(STACK)

    Global Symbols

    Symbol Name                              Value     Ov Type        Size  Object(Section)

    BuildAttributes$$THM_ISAv3M$S$PE$A:L22$X:L11$S22$IEEE1$IW$USESV6$~STKCKD$USESV7$~SHL$OTIME$ROPI$IEEEJ$EBA8$MICROLIB$REQ8$PRES8$EABIv2 0x00000000   Number         0  anon$$obj.o ABSOLUTE
    __ARM_use_no_argv                        0x00000000   Number         0  main.o ABSOLUTE
    __cpp_initialize__aeabi_                  - Undefined Weak Reference
    __cxa_finalize                            - Undefined Weak Reference
    _clock_init                               - Undefined Weak Reference
    _microlib_exit                            - Undefined Weak Reference
    __Vectors_Size                           0x000000b0   Number         0  startup_stm32f030x6.o ABSOLUTE
    __Vectors                                0x08000000   Data           4  startup_stm32f030x6.o(RESET)
    __Vectors_End                            0x080000b0   Data           0  startup_stm32f030x6.o(RESET)
    __main                                   0x080000b1   Thumb Code     0  entry.o(.ARM.Collect$$$$00000000)
    _main_stk                                0x080000b1   Thumb Code     0  entry2.o(.ARM.Collect$$$$00000001)
    _main_scatterload                        0x080000b5   Thumb Code     0  entry5.o(.ARM.Collect$$$$00000004)
    __main_after_scatterload                 0x080000b9   Thumb Code     0  entry5.o(.ARM.Collect$$$$00000004)
    _main_clock                              0x080000b9   Thumb Code     0  entry7b.o(.ARM.Collect$$$$00000008)
    _main_cpp_init                           0x080000b9   Thumb Code     0  entry8b.o(.ARM.Collect$$$$0000000A)
    _main_init                               0x080000b9   Thumb Code     0  entry9a.o(.ARM.Collect$$$$0000000B)
    __rt_final_cpp                           0x080000c1   Thumb Code     0  entry10a.o(.ARM.Collect$$$$0000000D)
    __rt_final_exit                          0x080000c1   Thumb Code     0  entry11a.o(.ARM.Collect$$$$0000000F)
    Reset_Handler                            0x080000c5   Thumb Code     8  startup_stm32f030x6.o(.text)
    EXTI2_3_IRQHandler                       0x080000d7   Thumb Code     0  startup_stm32f030x6.o(.text)
    FLASH_IRQHandler                         0x080000d7   Thumb Code     0  startup_stm32f030x6.o(.text)
    RCC_IRQHandler                           0x080000d7   Thumb Code     0  startup_stm32f030x6.o(.text)
    RTC_IRQHandler                           0x080000d7   Thumb Code     0  startup_stm32f030x6.o(.text)
    SPI1_IRQHandler                          0x080000d7   Thumb Code     0  startup_stm32f030x6.o(.text)
    TIM14_IRQHandler                         0x080000d7   Thumb Code     0  startup_stm32f030x6.o(.text)
    TIM16_IRQHandler                         0x080000d7   Thumb Code     0  startup_stm32f030x6.o(.text)
    TIM17_IRQHandler                         0x080000d7   Thumb Code     0  startup_stm32f030x6.o(.text)
    TIM1_CC_IRQHandler                       0x080000d7   Thumb Code     0  startup_stm32f030x6.o(.text)
    TIM3_IRQHandler                          0x080000d7   Thumb Code     0  startup_stm32f030x6.o(.text)
    WWDG_IRQHandler                          0x080000d7   Thumb Code     0  startup_stm32f030x6.o(.text)
    __aeabi_uidiv                            0x080000e1   Thumb Code     0  uidiv.o(.text)
    __aeabi_uidivmod                         0x080000e1   Thumb Code    44  uidiv.o(.text)
    __aeabi_llsr                             0x0800010d   Thumb Code    34  llushr.o(.text)
    _ll_ushift_r                             0x0800010d   Thumb Code     0  llushr.o(.text)
    __aeabi_memset                           0x0800012f   Thumb Code    14  memseta.o(.text)
    __aeabi_memset4                          0x0800012f   Thumb Code     0  memseta.o(.text)
    __aeabi_memset8                          0x0800012f   Thumb Code     0  memseta.o(.text)
    __aeabi_memclr                           0x0800013d   Thumb Code     4  memseta.o(.text)
    __aeabi_memclr4                          0x0800013d   Thumb Code     0  memseta.o(.text)
    __aeabi_memclr8                          0x0800013d   Thumb Code     0  memseta.o(.text)
    _memset$wrapper                          0x08000141   Thumb Code    18  memseta.o(.text)
    __aeabi_fadd                             0x08000153   Thumb Code   162  fadd.o(.text)
    __aeabi_fsub                             0x080001f5   Thumb Code     8  fadd.o(.text)
    __aeabi_frsub                            0x080001fd   Thumb Code     8  fadd.o(.text)
    __aeabi_fmul                             0x08000205   Thumb Code   122  fmul.o(.text)
    __aeabi_fdiv                             0x0800027f   Thumb Code   124  fdiv.o(.text)
    __aeabi_ddiv                             0x080002fd   Thumb Code   234  ddiv.o(.text)
    __aeabi_i2f                              0x080003ed   Thumb Code    22  fflti.o(.text)
    __aeabi_ui2f                             0x08000403   Thumb Code    14  ffltui.o(.text)
    __aeabi_ui2d                             0x08000411   Thumb Code    24  dfltui.o(.text)
    __aeabi_f2uiz                            0x0800042d   Thumb Code    40  ffixui.o(.text)
    __aeabi_d2uiz                            0x08000455   Thumb Code    50  dfixui.o(.text)
    __aeabi_f2d                              0x08000491   Thumb Code    40  f2d.o(.text)
    __aeabi_d2f                              0x080004b9   Thumb Code    56  d2f.o(.text)
    __I$use$fp                               0x080004f1   Thumb Code     0  iusefp.o(.text)
    _float_round                             0x080004f1   Thumb Code    16  fepilogue.o(.text)
    _float_epilogue                          0x08000501   Thumb Code   114  fepilogue.o(.text)
    _double_round                            0x08000573   Thumb Code    26  depilogue.o(.text)
    _double_epilogue                         0x0800058d   Thumb Code   164  depilogue.o(.text)
    _dsqrt                                   0x08000631   Thumb Code   162  dsqrt.o(.text)
    __scatterload                            0x080006d5   Thumb Code    28  init.o(.text)
    __scatterload_rt2                        0x080006d5   Thumb Code     0  init.o(.text)
    __aeabi_llsl                             0x080006f9   Thumb Code    32  llshl.o(.text)
    _ll_shift_l                              0x080006f9   Thumb Code     0  llshl.o(.text)
    __decompress                             0x08000719   Thumb Code     0  __dczerorl2.o(.text)
    __decompress1                            0x08000719   Thumb Code    86  __dczerorl2.o(.text)
    ADC1_IRQHandler                          0x08000771   Thumb Code    10  stm32f0xx_it.o(i.ADC1_IRQHandler)
    Adc_Sample_Calculations                  0x08000909   Thumb Code   144  rms.o(i.Adc_Sample_Calculations)
    Average_Rms_Display                      0x080009a9   Thumb Code    56  rms.o(i.Average_Rms_Display)
    Calibaration                             0x080009e9   Thumb Code   142  rms.o(i.Calibaration)
    DMA1_Channel1_IRQHandler                 0x08000a8d   Thumb Code    10  stm32f0xx_it.o(i.DMA1_Channel1_IRQHandler)
    DMA1_Channel2_3_IRQHandler               0x08000a9d   Thumb Code    10  stm32f0xx_it.o(i.DMA1_Channel2_3_IRQHandler)
    DMA1_Channel4_5_IRQHandler               0x08000aad   Thumb Code    10  stm32f0xx_it.o(i.DMA1_Channel4_5_IRQHandler)
    Display_Bar                              0x08000b09   Thumb Code    70  rms.o(i.Display_Bar)
    EXTI0_1_IRQHandler                       0x08000b65   Thumb Code    10  stm32f0xx_it.o(i.EXTI0_1_IRQHandler)
    EXTI4_15_IRQHandler                      0x08000b6f   Thumb Code    10  stm32f0xx_it.o(i.EXTI4_15_IRQHandler)
    Error_Handler                            0x08000b79   Thumb Code     2  main.o(i.Error_Handler)
    HAL_ADCEx_Calibration_Start              0x08000b7b   Thumb Code   228  stm32f0xx_hal_adc_ex.o(i.HAL_ADCEx_Calibration_Start)
    HAL_ADC_ConfigChannel                    0x08000c61   Thumb Code   374  stm32f0xx_hal_adc.o(i.HAL_ADC_ConfigChannel)
    HAL_ADC_ConvCpltCallback                 0x08000de9   Thumb Code   158  main.o(i.HAL_ADC_ConvCpltCallback)
    HAL_ADC_ConvHalfCpltCallback             0x08000eb5   Thumb Code     2  stm32f0xx_hal_adc.o(i.HAL_ADC_ConvHalfCpltCallback)
    HAL_ADC_ErrorCallback                    0x08000eb7   Thumb Code     2  stm32f0xx_hal_adc.o(i.HAL_ADC_ErrorCallback)
    HAL_ADC_IRQHandler                       0x08000eb9   Thumb Code   278  stm32f0xx_hal_adc.o(i.HAL_ADC_IRQHandler)
    HAL_ADC_Init                             0x08000fd1   Thumb Code   440  stm32f0xx_hal_adc.o(i.HAL_ADC_Init)
    HAL_ADC_LevelOutOfWindowCallback         0x08001191   Thumb Code     2  stm32f0xx_hal_adc.o(i.HAL_ADC_LevelOutOfWindowCallback)
    HAL_ADC_MspInit                          0x08001195   Thumb Code   180  stm32f0xx_hal_msp.o(i.HAL_ADC_MspInit)
    HAL_ADC_Start_DMA                        0x08001259   Thumb Code   176  stm32f0xx_hal_adc.o(i.HAL_ADC_Start_DMA)
    HAL_DMA_Abort_IT                         0x08001319   Thumb Code    88  stm32f0xx_hal_dma.o(i.HAL_DMA_Abort_IT)
    HAL_DMA_IRQHandler                       0x08001371   Thumb Code   240  stm32f0xx_hal_dma.o(i.HAL_DMA_IRQHandler)
    HAL_DMA_Init                             0x08001461   Thumb Code    94  stm32f0xx_hal_dma.o(i.HAL_DMA_Init)
    HAL_DMA_Start_IT                         0x080014c5   Thumb Code   154  stm32f0xx_hal_dma.o(i.HAL_DMA_Start_IT)
    HAL_Delay                                0x0800155f   Thumb Code    32  stm32f0xx_hal.o(i.HAL_Delay)
    HAL_GPIO_EXTI_Callback                   0x0800157f   Thumb Code     2  stm32f0xx_hal_gpio.o(i.HAL_GPIO_EXTI_Callback)
    HAL_GPIO_EXTI_IRQHandler                 0x08001581   Thumb Code    26  stm32f0xx_hal_gpio.o(i.HAL_GPIO_EXTI_IRQHandler)
    HAL_GPIO_Init                            0x080015a1   Thumb Code   470  stm32f0xx_hal_gpio.o(i.HAL_GPIO_Init)
    HAL_GPIO_WritePin                        0x08001791   Thumb Code    12  stm32f0xx_hal_gpio.o(i.HAL_GPIO_WritePin)
    HAL_GetTick                              0x0800179d   Thumb Code     6  stm32f0xx_hal.o(i.HAL_GetTick)
    HAL_HalfDuplex_EnableReceiver            0x080017a9   Thumb Code    74  stm32f0xx_hal_uart.o(i.HAL_HalfDuplex_EnableReceiver)
    HAL_I2CEx_ConfigAnalogFilter             0x080017f3   Thumb Code   110  stm32f0xx_hal_i2c_ex.o(i.HAL_I2CEx_ConfigAnalogFilter)
    HAL_I2CEx_ConfigDigitalFilter            0x08001861   Thumb Code   114  stm32f0xx_hal_i2c_ex.o(i.HAL_I2CEx_ConfigDigitalFilter)
    HAL_I2C_AbortCpltCallback                0x080018d3   Thumb Code     2  stm32f0xx_hal_i2c.o(i.HAL_I2C_AbortCpltCallback)
    HAL_I2C_AddrCallback                     0x080018d5   Thumb Code     2  stm32f0xx_hal_i2c.o(i.HAL_I2C_AddrCallback)
    HAL_I2C_ER_IRQHandler                    0x080018d7   Thumb Code   128  stm32f0xx_hal_i2c.o(i.HAL_I2C_ER_IRQHandler)
    HAL_I2C_EV_IRQHandler                    0x08001957   Thumb Code    30  stm32f0xx_hal_i2c.o(i.HAL_I2C_EV_IRQHandler)
    HAL_I2C_ErrorCallback                    0x08001975   Thumb Code     2  stm32f0xx_hal_i2c.o(i.HAL_I2C_ErrorCallback)
    HAL_I2C_Init                             0x08001979   Thumb Code   208  stm32f0xx_hal_i2c.o(i.HAL_I2C_Init)
    HAL_I2C_ListenCpltCallback               0x08001a4d   Thumb Code     2  stm32f0xx_hal_i2c.o(i.HAL_I2C_ListenCpltCallback)
    HAL_I2C_Mem_Read                         0x08001a51   Thumb Code   446  stm32f0xx_hal_i2c.o(i.HAL_I2C_Mem_Read)
    HAL_I2C_Mem_Write                        0x08001c15   Thumb Code   446  stm32f0xx_hal_i2c.o(i.HAL_I2C_Mem_Write)
    HAL_I2C_MspInit                          0x08001dd9   Thumb Code   188  stm32f0xx_hal_msp.o(i.HAL_I2C_MspInit)
    HAL_I2C_SlaveRxCpltCallback              0x08001ea9   Thumb Code     2  stm32f0xx_hal_i2c.o(i.HAL_I2C_SlaveRxCpltCallback)
    HAL_I2C_SlaveTxCpltCallback              0x08001eab   Thumb Code     2  stm32f0xx_hal_i2c.o(i.HAL_I2C_SlaveTxCpltCallback)
    HAL_IWDG_Init                            0x08001ead   Thumb Code    94  stm32f0xx_hal_iwdg.o(i.HAL_IWDG_Init)
    HAL_IncTick                              0x08001f19   Thumb Code    12  stm32f0xx_hal.o(i.HAL_IncTick)
    HAL_Init                                 0x08001f29   Thumb Code    28  stm32f0xx_hal.o(i.HAL_Init)
    HAL_InitTick                             0x08001f49   Thumb Code    38  stm32f0xx_hal.o(i.HAL_InitTick)
    HAL_MspInit                              0x08001f71   Thumb Code    60  stm32f0xx_hal_msp.o(i.HAL_MspInit)
    HAL_NVIC_EnableIRQ                       0x08001fb1   Thumb Code    18  stm32f0xx_hal_cortex.o(i.HAL_NVIC_EnableIRQ)
    HAL_NVIC_SetPriority                     0x08001fc9   Thumb Code    18  stm32f0xx_hal_cortex.o(i.HAL_NVIC_SetPriority)
    HAL_RCCEx_PeriphCLKConfig                0x08001fdd   Thumb Code   322  stm32f0xx_hal_rcc_ex.o(i.HAL_RCCEx_PeriphCLKConfig)
    HAL_RCC_ClockConfig                      0x0800212d   Thumb Code   382  stm32f0xx_hal_rcc.o(i.HAL_RCC_ClockConfig)
    HAL_RCC_GetHCLKFreq                      0x080022c1   Thumb Code     6  stm32f0xx_hal_rcc.o(i.HAL_RCC_GetHCLKFreq)
    HAL_RCC_GetPCLK1Freq                     0x080022cd   Thumb Code    26  stm32f0xx_hal_rcc.o(i.HAL_RCC_GetPCLK1Freq)
    HAL_RCC_GetSysClockFreq                  0x080022f1   Thumb Code   150  stm32f0xx_hal_rcc.o(i.HAL_RCC_GetSysClockFreq)
    HAL_RCC_OscConfig                        0x080023b5   Thumb Code  1352  stm32f0xx_hal_rcc.o(i.HAL_RCC_OscConfig)
    HAL_RS485Ex_Init                         0x08002901   Thumb Code   156  stm32f0xx_hal_uart_ex.o(i.HAL_RS485Ex_Init)
    HAL_SYSTICK_Config                       0x080029a1   Thumb Code    46  stm32f0xx_hal_cortex.o(i.HAL_SYSTICK_Config)
    HAL_TIMEx_BreakCallback                  0x080029d9   Thumb Code     2  stm32f0xx_hal_tim_ex.o(i.HAL_TIMEx_BreakCallback)
    HAL_TIMEx_CommutationCallback            0x080029db   Thumb Code     2  stm32f0xx_hal_tim_ex.o(i.HAL_TIMEx_CommutationCallback)
    HAL_TIMEx_MasterConfigSynchronization    0x080029dd   Thumb Code    98  stm32f0xx_hal_tim_ex.o(i.HAL_TIMEx_MasterConfigSynchronization)
    HAL_TIM_Base_Init                        0x08002a3f   Thumb Code    56  stm32f0xx_hal_tim.o(i.HAL_TIM_Base_Init)
    HAL_TIM_Base_MspInit                     0x08002a79   Thumb Code    58  stm32f0xx_hal_msp.o(i.HAL_TIM_Base_MspInit)
    HAL_TIM_Base_Start                       0x08002abd   Thumb Code    30  stm32f0xx_hal_tim.o(i.HAL_TIM_Base_Start)
    HAL_TIM_ConfigClockSource                0x08002adb   Thumb Code   318  stm32f0xx_hal_tim.o(i.HAL_TIM_ConfigClockSource)
    HAL_TIM_IC_CaptureCallback               0x08002c19   Thumb Code     2  stm32f0xx_hal_tim.o(i.HAL_TIM_IC_CaptureCallback)
    HAL_TIM_IRQHandler                       0x08002c1b   Thumb Code   456  stm32f0xx_hal_tim.o(i.HAL_TIM_IRQHandler)
    HAL_TIM_OC_DelayElapsedCallback          0x08002de3   Thumb Code     2  stm32f0xx_hal_tim.o(i.HAL_TIM_OC_DelayElapsedCallback)
    HAL_TIM_PWM_PulseFinishedCallback        0x08002de5   Thumb Code     2  stm32f0xx_hal_tim.o(i.HAL_TIM_PWM_PulseFinishedCallback)
    HAL_TIM_PeriodElapsedCallback            0x08002de7   Thumb Code     2  stm32f0xx_hal_tim.o(i.HAL_TIM_PeriodElapsedCallback)
    HAL_TIM_TriggerCallback                  0x08002de9   Thumb Code     2  stm32f0xx_hal_tim.o(i.HAL_TIM_TriggerCallback)
    HAL_UART_ErrorCallback                   0x08002deb   Thumb Code     2  stm32f0xx_hal_uart.o(i.HAL_UART_ErrorCallback)
    HAL_UART_IRQHandler                      0x08002ded   Thumb Code   398  stm32f0xx_hal_uart.o(i.HAL_UART_IRQHandler)
    HAL_UART_MspInit                         0x08002f81   Thumb Code   206  stm32f0xx_hal_msp.o(i.HAL_UART_MspInit)
    HAL_UART_Receive_DMA                     0x08003065   Thumb Code   190  stm32f0xx_hal_uart.o(i.HAL_UART_Receive_DMA)
    HAL_UART_RxCpltCallback                  0x08003131   Thumb Code     2  stm32f0xx_hal_uart.o(i.HAL_UART_RxCpltCallback)
    HAL_UART_RxHalfCpltCallback              0x08003133   Thumb Code     2  stm32f0xx_hal_uart.o(i.HAL_UART_RxHalfCpltCallback)
    HAL_UART_TxCpltCallback                  0x08003135   Thumb Code     2  stm32f0xx_hal_uart.o(i.HAL_UART_TxCpltCallback)
    HardFault_Handler                        0x08003137   Thumb Code     4  stm32f0xx_it.o(i.HardFault_Handler)
    Hard_Init                                0x0800313d   Thumb Code   194  main.o(i.Hard_Init)
    Hardware_Init                            0x08003215   Thumb Code    48  main.o(i.Hardware_Init)
    I2C1_IRQHandler                          0x08003259   Thumb Code    34  stm32f0xx_it.o(i.I2C1_IRQHandler)
    InV__                                    0x08003bc5   Thumb Code    14  ui.o(i.InV__)
    InitPetitModbus                          0x08003bd5   Thumb Code    16  libmodbus.o(i.InitPetitModbus)
    NMI_Handler                              0x08003fe5   Thumb Code     2  stm32f0xx_it.o(i.NMI_Handler)
    PT24xx_init                              0x08004061   Thumb Code    10  pt24xx.o(i.PT24xx_init)
    PT24xx_read                              0x08004075   Thumb Code    80  pt24xx.o(i.PT24xx_read)
    PT24xx_write                             0x080040d1   Thumb Code    72  pt24xx.o(i.PT24xx_write)
    PendSV_Handler                           0x08004125   Thumb Code     2  stm32f0xx_it.o(i.PendSV_Handler)
    Read_Eeprom_Data                         0x08004129   Thumb Code    38  rms.o(i.Read_Eeprom_Data)
    Rms_Calculations                         0x08004159   Thumb Code   204  rms.o(i.Rms_Calculations)
    SVC_Handler                              0x08004241   Thumb Code     2  stm32f0xx_it.o(i.SVC_Handler)
    Selection_Of_Adc_Channel                 0x08004245   Thumb Code    32  rms.o(i.Selection_Of_Adc_Channel)
    Slop_Intercept_Cal                       0x0800426d   Thumb Code   218  rms.o(i.Slop_Intercept_Cal)
    Start_Check_Scaling                      0x08004355   Thumb Code   214  rms.o(i.Start_Check_Scaling)
    Store_Adc_Data                           0x08004439   Thumb Code   142  rms.o(i.Store_Adc_Data)
    SysTick_Handler                          0x080044d9   Thumb Code     8  stm32f0xx_it.o(i.SysTick_Handler)
    SystemClock_Config                       0x080044e1   Thumb Code   138  main.o(i.SystemClock_Config)
    SystemInit                               0x0800456d   Thumb Code   104  system_stm32f0xx.o(i.SystemInit)
    TIM1_BRK_UP_TRG_COM_IRQHandler           0x080045e1   Thumb Code    10  stm32f0xx_it.o(i.TIM1_BRK_UP_TRG_COM_IRQHandler)
    TIM_Base_SetConfig                       0x080045f1   Thumb Code   124  stm32f0xx_hal_tim.o(i.TIM_Base_SetConfig)
    TIM_ETR_SetConfig                        0x08004681   Thumb Code    30  stm32f0xx_hal_tim.o(i.TIM_ETR_SetConfig)
    Trip_Status_Check                        0x08004725   Thumb Code   338  rms.o(i.Trip_Status_Check)
    Twice_calibartion                        0x080048bd   Thumb Code    78  rms.o(i.Twice_calibartion)
    UART_AdvFeatureConfig                    0x08004919   Thumb Code   240  stm32f0xx_hal_uart.o(i.UART_AdvFeatureConfig)
    UART_CheckIdleState                      0x08004a09   Thumb Code    30  stm32f0xx_hal_uart.o(i.UART_CheckIdleState)
    UART_EndTransmit_IT                      0x08004b11   Thumb Code    32  stm32f0xx_hal_uart.o(i.UART_EndTransmit_IT)
    UART_Receive_IT                          0x08004b45   Thumb Code   142  stm32f0xx_hal_uart.o(i.UART_Receive_IT)
    UART_SetConfig                           0x08004bd5   Thumb Code   432  stm32f0xx_hal_uart.o(i.UART_SetConfig)
    UART_Transmit_IT                         0x08004d99   Thumb Code   114  stm32f0xx_hal_uart.o(i.UART_Transmit_IT)
    USART1_IRQHandler                        0x08004e0d   Thumb Code    10  stm32f0xx_it.o(i.USART1_IRQHandler)
    __ARM_clz                                0x08004e1d   Thumb Code    46  depilogue.o(i.__ARM_clz)
    __ARM_common_switch8                     0x08004e4b   Thumb Code    28  rms.o(i.__ARM_common_switch8)
    __scatterload_copy                       0x08004e67   Thumb Code    14  handlers.o(i.__scatterload_copy)
    __scatterload_null                       0x08004e75   Thumb Code     2  handlers.o(i.__scatterload_null)
    __scatterload_zeroinit                   0x08004e77   Thumb Code    14  handlers.o(i.__scatterload_zeroinit)
    __set_errno                              0x08004e85   Thumb Code     6  errno.o(i.__set_errno)
    _convertDecimalToDigitArr                0x08004e91   Thumb Code   142  display.o(i._convertDecimalToDigitArr)
    btn_state                                0x08005151   Thumb Code    32  ui.o(i.btn_state)
    button_scanEvent                         0x0800517d   Thumb Code   360  button.o(i.button_scanEvent)
    display_flashData                        0x08005315   Thumb Code    64  display.o(i.display_flashData)
    display_rowNumeric                       0x08005361   Thumb Code   416  display.o(i.display_rowNumeric)
    display_rowText                          0x08005549   Thumb Code    26  display.o(i.display_rowText)
    display_setScalingFactor                 0x0800556d   Thumb Code    34  display.o(i.display_setScalingFactor)
    interupt_state                           0x080055a5   Thumb Code   152  ui.o(i.interupt_state)
    main                                     0x0800565d   Thumb Code   274  main.o(i.main)
    mv_sv_read                               0x080057ad   Thumb Code    46  ui.o(i.mv_sv_read)
    page_update                              0x080057e9   Thumb Code    82  ui.o(i.page_update)
    read_value                               0x08005849   Thumb Code    72  rms.o(i.read_value)
    rtc_init                                 0x0800589d   Thumb Code    10  rtc_1.o(i.rtc_init)
    segment_on                               0x080058b1   Thumb Code   110  display.o(i.segment_on)
    sercomm_init                             0x08005931   Thumb Code    68  serialcomm.o(i.sercomm_init)
    setup_init                               0x08005989   Thumb Code   110  setup.o(i.setup_init)
    sqrt                                     0x08005a19   Thumb Code    66  sqrt.o(i.sqrt)
    ui_init                                  0x08005a61   Thumb Code    10  ui.o(i.ui_init)
    ui_isButtonLongPressed                   0x08005a6d   Thumb Code    32  button.o(i.ui_isButtonLongPressed)
    ui_isButtonNormalPressed                 0x08005a95   Thumb Code    26  button.o(i.ui_isButtonNormalPressed)
    ui_pageManager                           0x08005ab5   Thumb Code   452  ui.o(i.ui_pageManager)
    ui_periodicProcess                       0x08005cb1   Thumb Code    78  ui.o(i.ui_periodicProcess)
    ButtonPort                               0x08005d0c   Data           8  button.o(.constdata)
    ButtonPin                                0x08005d14   Data           8  button.o(.constdata)
    DataPort                                 0x08005d1c   Data          44  display.o(.constdata)
    DataPin                                  0x08005d48   Data          22  display.o(.constdata)
    dpPos                                    0x08005d5e   Data          65  display.o(.constdata)
    sf_digits                                0x08005d9f   Data           5  display.o(.constdata)
    indRowBitMask                            0x08005da4   Data          20  display.o(.constdata)
    indRowBitPos                             0x08005db8   Data           5  display.o(.constdata)
    digBCDMap                                0x08005dbd   Data          10  display.o(.constdata)
    textString                               0x08005dc7   Data          96  display.o(.constdata)
    DigitPort                                0x08005e28   Data          20  ui.o(.constdata)
    DigitPin                                 0x08005e3c   Data          10  ui.o(.constdata)
    pageParam                                0x08005e46   Data          10  ui.o(.constdata)
    pageIndicators                           0x08005e50   Data          20  ui.o(.constdata)
    parity_bit                               0x08005e64   Data          12  main.o(.constdata)
    word_length                              0x08005e70   Data          12  main.o(.constdata)
    AHBPrescTable                            0x08005e7c   Data          16  system_stm32f0xx.o(.constdata)
    APBPrescTable                            0x08005e8c   Data           8  system_stm32f0xx.o(.constdata)
    Region$$Table$$Base                      0x08005e94   Number         0  anon$$obj.o(Region$$Table)
    Region$$Table$$Limit                     0x08005eb4   Number         0  anon$$obj.o(Region$$Table)
    Trip_Value                               0x20000000   Data           4  rms.o(.data)
    Trip_Relay_1                             0x20000004   Data           1  rms.o(.data)
    Trip_Relay_2                             0x20000005   Data           1  rms.o(.data)
    Select_Adc_Channel_1_Rms                 0x20000006   Data           1  rms.o(.data)
    Select_Adc_Channel_2_Rms                 0x20000007   Data           1  rms.o(.data)
    DG_Status                                0x20000008   Data           1  rms.o(.data)
    Alarm_Set_Flag                           0x20000009   Data           1  rms.o(.data)
    relay_trip_status_1                      0x2000000a   Data           1  rms.o(.data)
    relay_trip_status_2                      0x2000000b   Data           1  rms.o(.data)
    Pk_Display_Flag                          0x2000000c   Data           1  rms.o(.data)
    __temp_write                             0x20000010   Data           4  rms.o(.data)
    Alarm_value                              0x20000014   Data           4  rms.o(.data)
    __relay_test                             0x20000018   Data           1  rms.o(.data)
    refrence_flag                            0x20000019   Data           1  rms.o(.data)
    Avg_sqr_rot_sample                       0x2000001c   Data           8  rms.o(.data)
    __Avg_Value                              0x20000024   Data           8  rms.o(.data)
    Display_Bar_per                          0x2000002c   Data           1  rms.o(.data)
    __adc_select                             0x2000002d   Data           1  rms.o(.data)
    delay_trip                               0x2000002e   Data           2  rms.o(.data)
    disp_trip                                0x20000030   Data           4  rms.o(.data)
    Calibartion_Factor_Array                 0x20000034   Data          40  rms.o(.data)
    Relay_Voltage_Detection                  0x2000005c   Data           1  rms.o(.data)
    __temp                                   0x2000005d   Data           1  rms.o(.data)
    Select_Adc                               0x2000005e   Data           1  rms.o(.data)
    history_flag                             0x2000005f   Data           1  rms.o(.data)
    __temp253                                0x20000060   Data           1  rms.o(.data)
    __just                                   0x20000061   Data           1  rms.o(.data)
    _buffer_count                            0x20000062   Data           1  rms.o(.data)
    state_shifter                            0x20000064   Data           2  button.o(.data)
    btnEventPressedCntr                      0x20000066   Data           4  button.o(.data)
    btnEventPressed                          0x2000006a   Data           2  button.o(.data)
    btnEventReleasedCntr                     0x2000006c   Data           4  button.o(.data)
    btnEventReleased                         0x20000070   Data           2  button.o(.data)
    btnEventLongPressedCntr                  0x20000072   Data           4  button.o(.data)
    btnEventLongPressed                      0x20000076   Data           2  button.o(.data)
    btn                                      0x20000078   Data           1  button.o(.data)
    bar_percent                              0x20000082   Data           1  display.o(.data)
    pageVarIndicatorStatus                   0x20000084   Data           4  display.o(.data)
    currDP                                   0x20000088   Data           4  display.o(.data)
    setup_status                             0x2000008c   Data           1  display.o(.data)
    bridge_digit                             0x20000090   Data           4  display.o(.data)
    toggle_Sv_Mv                             0x200000a0   Data           1  ui.o(.data)
    return_flag                              0x200000a1   Data           1  ui.o(.data)
    prev_tog_state                           0x200000a2   Data           1  ui.o(.data)
    test                                     0x200000a3   Data           1  ui.o(.data)
    min_max1                                 0x200000a4   Data           1  ui.o(.data)
    min_max2                                 0x200000a5   Data           1  ui.o(.data)
    intrpt_hndl                              0x200000a6   Data           1  ui.o(.data)
    flow_cntl_flag                           0x200000a7   Data           1  ui.o(.data)
    min_max_counter                          0x200000a8   Data           1  ui.o(.data)
    min_max2c                                0x200000a9   Data           1  ui.o(.data)
    cop_idex1                                0x200000aa   Data           1  ui.o(.data)
    copy_index2                              0x200000ab   Data           1  ui.o(.data)
    return_counter                           0x200000ac   Data           1  ui.o(.data)
    page_Cur_row                             0x200000ad   Data           1  ui.o(.data)
    page_Cur_col                             0x200000ae   Data           1  ui.o(.data)
    sv_mv_counter                            0x200000af   Data           1  ui.o(.data)
    record_counter                           0x200000b0   Data           2  ui.o(.data)
    page                                     0x200000b4   Data           4  ui.o(.data)
    setting                                  0x200000b8   Data           4  ui.o(.data)
    setted                                   0x200000bc   Data           4  ui.o(.data)
    minValue                                 0x200000c0   Data           4  ui.o(.data)
    maxValue                                 0x200000c4   Data           4  ui.o(.data)
    page_Wr_flgs                             0x200000c8   Data          20  ui.o(.data)
    pageupdIndicators                        0x200000dc   Data          40  ui.o(.data)
    minValues                                0x20000104   Data           6  ui.o(.data)
    maxValues                                0x2000010c   Data          24  ui.o(.data)
    check_bit2                               0x20000124   Data           1  ui.o(.data)
    wr_Ind                                   0x20000131   Data           1  pt24xx.o(.data)
    rd_Ind                                   0x20000132   Data           1  pt24xx.o(.data)
    menuId                                   0x20000136   Data           1  setup.o(.data)
    leftId                                   0x20000137   Data           1  setup.o(.data)
    updId                                    0x20000138   Data           1  setup.o(.data)
    one_second_counter                       0x20000139   Data           1  setup.o(.data)
    save_temp                                0x2000013a   Data           4  setup.o(.data)
    save_3_digit                             0x2000013e   Data           3  setup.o(.data)
    error_indicator                          0x20000141   Data           7  setup.o(.data)
    setup_ctrl                               0x20000148   Data           1  setup.o(.data)
    mili_flag                                0x20000149   Data           1  setup.o(.data)
    retrive                                  0x2000014a   Data           1  setup.o(.data)
    setup_arr                                0x2000014c   Data         120  setup.o(.data)
    setupind                                 0x200001c4   Data          28  setup.o(.data)
    scaling_factor                           0x200001e0   Data           7  setup.o(.data)
    setupParam_infom                         0x200001e7   Data          28  setup.o(.data)
    rtcPort                                  0x20000204   Data           4  rtc_1.o(.data)
    send_data                                0x2000020c   Data           7  rtc_1.o(.data)
    PETITMODBUS_SLAVE_ADDRESS                0x20000214   Data           1  libmodbus.o(.data)
    Petit_Tx_Current                         0x20000218   Data           4  libmodbus.o(.data)
    Petit_Tx_CRC16                           0x2000021c   Data           4  libmodbus.o(.data)
    Petit_Tx_State                           0x20000220   Data           1  libmodbus.o(.data)
    Petit_Tx_Buf_Size                        0x20000224   Data           4  libmodbus.o(.data)
    Petit_Rx_CRC16                           0x20000228   Data           4  libmodbus.o(.data)
    Petit_Rx_State                           0x2000022c   Data           1  libmodbus.o(.data)
    Petit_Rx_Data_Available                  0x2000022d   Data           1  libmodbus.o(.data)
    PetitReceiveCounter                      0x2000022e   Data           1  libmodbus.o(.data)
    sercommPort                              0x20000230   Data           4  serialcomm.o(.data)
    sercommRxDMAChannel                      0x20000234   Data           4  serialcomm.o(.data)
    rxDMABuffer                              0x20000238   Data           4  serialcomm.o(.data)
    rxDMABufferSize                          0x2000023c   Data           4  serialcomm.o(.data)
    Adc_Timmer_Counter                       0x20000240   Data           2  main.o(.data)
    Adc_Flag                                 0x20000242   Data           1  main.o(.data)
    disp_flag                                0x20000243   Data           1  main.o(.data)
    back_flag                                0x20000244   Data           1  main.o(.data)
    button_flag                              0x20000245   Data           1  main.o(.data)
    Trip_Value_Status                        0x20000250   Data           1  main.o(.data)
    toggle                                   0x20000251   Data           1  main.o(.data)
    Start_Timmer                             0x20000254   Data           4  main.o(.data)
    callibartion_flag                        0x20000258   Data           1  main.o(.data)
    start_calibartions_flag                  0x20000259   Data           1  main.o(.data)
    Write_history_trip                       0x2000025a   Data           1  main.o(.data)
    testing_blur                             0x2000025c   Data           2  main.o(.data)
    testing_flag                             0x2000025e   Data           1  main.o(.data)
    falt_disp                                0x2000025f   Data           1  main.o(.data)
    setup_digit                              0x20000260   Data           1  main.o(.data)
    Slot                                     0x20000261   Data           1  main.o(.data)
    __temp_timmer                            0x20000262   Data           1  main.o(.data)
    __temp_disp                              0x20000264   Data           2  main.o(.data)
    ui_periodic_flag                         0x20000266   Data           1  main.o(.data)
    three_sec_flag                           0x20000267   Data           1  main.o(.data)
    three_sec_counter                        0x20000268   Data           1  main.o(.data)
    half_sec_couter                          0x20000269   Data           1  main.o(.data)
    setup_digit_del                          0x2000026a   Data           1  main.o(.data)
    __temp548                                0x2000026c   Data           2  main.o(.data)
    comp_mem                                 0x2000026e   Data           1  main.o(.data)
    __temp_scal                              0x2000026f   Data           1  main.o(.data)
    No_Of_cal                                0x20000270   Data           1  main.o(.data)
    uwTick                                   0x20000274   Data           4  stm32f0xx_hal.o(.data)
    SystemCoreClock                          0x20000278   Data           4  system_stm32f0xx.o(.data)
    Rms_Buffer                               0x20000280   Data          40  rms.o(.bss)
    Stored_Trip_Data                         0x200002a8   Data          20  rms.o(.bss)
    Adc_Rms                                  0x200002bc   Data          16  rms.o(.bss)
    Common                                   0x200002cc   Data          32  rms.o(.bss)
    Stored                                   0x200002ec   Data          16  rms.o(.bss)
    sqr_sample_buffer                        0x200002fc   Data          80  rms.o(.bss)
    _stored_sqr_value                        0x2000034c   Data          80  rms.o(.bss)
    acd                                      0x2000039c   Data         640  rms.o(.bss)
    cfg                                      0x2000061c   Data          36  setup.o(.bss)
    temp_cfg                                 0x20000640   Data          28  setup.o(.bss)
    Petit_Tx_Data                            0x2000065c   Data          76  libmodbus.o(.bss)
    Petit_Tx_Buf                             0x200006a8   Data          70  libmodbus.o(.bss)
    Petit_Rx_Data                            0x200006f0   Data          76  libmodbus.o(.bss)
    PetitReceiveBuffer                       0x2000073c   Data          50  libmodbus.o(.bss)
    hadc                                     0x20000770   Data          76  main.o(.bss)
    hdma_adc                                 0x200007bc   Data          68  main.o(.bss)
    hi2c1                                    0x20000800   Data          76  main.o(.bss)
    hdma_i2c1_rx                             0x2000084c   Data          68  main.o(.bss)
    hiwdg                                    0x20000890   Data          16  main.o(.bss)
    htim1                                    0x200008a0   Data          64  main.o(.bss)
    huart1                                   0x200008e0   Data         112  main.o(.bss)
    hdma_usart1_rx                           0x20000950   Data          68  main.o(.bss)
    __initial_sp                             0x20000d98   Data           0  startup_stm32f030x6.o(STACK)



==============================================================================

Memory Map of the image

  Image Entry point : 0x080000b1

  Load Region LR_IROM1 (Base: 0x08000000, Size: 0x00006134, Max: 0x00008000, ABSOLUTE, COMPRESSED[0x00005fa8])

    Execution Region ER_IROM1 (Exec base: 0x08000000, Load base: 0x08000000, Size: 0x00005eb4, Max: 0x00008000, ABSOLUTE)

    Exec Addr    Load Addr    Size         Type   Attr      Idx    E Section Name        Object

    0x08000000   0x08000000   0x000000b0   Data   RO            3    RESET               startup_stm32f030x6.o
    0x080000b0   0x080000b0   0x00000000   Code   RO         3903  * .ARM.Collect$$$$00000000  mc_p.l(entry.o)
    0x080000b0   0x080000b0   0x00000004   Code   RO         3936    .ARM.Collect$$$$00000001  mc_p.l(entry2.o)
    0x080000b4   0x080000b4   0x00000004   Code   RO         3939    .ARM.Collect$$$$00000004  mc_p.l(entry5.o)
    0x080000b8   0x080000b8   0x00000000   Code   RO         3941    .ARM.Collect$$$$00000008  mc_p.l(entry7b.o)
    0x080000b8   0x080000b8   0x00000000   Code   RO         3943    .ARM.Collect$$$$0000000A  mc_p.l(entry8b.o)
    0x080000b8   0x080000b8   0x00000008   Code   RO         3944    .ARM.Collect$$$$0000000B  mc_p.l(entry9a.o)
    0x080000c0   0x080000c0   0x00000000   Code   RO         3946    .ARM.Collect$$$$0000000D  mc_p.l(entry10a.o)
    0x080000c0   0x080000c0   0x00000000   Code   RO         3948    .ARM.Collect$$$$0000000F  mc_p.l(entry11a.o)
    0x080000c0   0x080000c0   0x00000004   Code   RO         3937    .ARM.Collect$$$$00002712  mc_p.l(entry2.o)
    0x080000c4   0x080000c4   0x0000001c   Code   RO            4    .text               startup_stm32f030x6.o
    0x080000e0   0x080000e0   0x0000002c   Code   RO         3906    .text               mc_p.l(uidiv.o)
    0x0800010c   0x0800010c   0x00000022   Code   RO         3910    .text               mc_p.l(llushr.o)
    0x0800012e   0x0800012e   0x00000024   Code   RO         3912    .text               mc_p.l(memseta.o)
    0x08000152   0x08000152   0x000000b2   Code   RO         3914    .text               mf_p.l(fadd.o)
    0x08000204   0x08000204   0x0000007a   Code   RO         3916    .text               mf_p.l(fmul.o)
    0x0800027e   0x0800027e   0x0000007c   Code   RO         3918    .text               mf_p.l(fdiv.o)
    0x080002fa   0x080002fa   0x00000002   PAD
    0x080002fc   0x080002fc   0x000000f0   Code   RO         3920    .text               mf_p.l(ddiv.o)
    0x080003ec   0x080003ec   0x00000016   Code   RO         3922    .text               mf_p.l(fflti.o)
    0x08000402   0x08000402   0x0000000e   Code   RO         3924    .text               mf_p.l(ffltui.o)
    0x08000410   0x08000410   0x0000001c   Code   RO         3926    .text               mf_p.l(dfltui.o)
    0x0800042c   0x0800042c   0x00000028   Code   RO         3928    .text               mf_p.l(ffixui.o)
    0x08000454   0x08000454   0x0000003c   Code   RO         3930    .text               mf_p.l(dfixui.o)
    0x08000490   0x08000490   0x00000028   Code   RO         3932    .text               mf_p.l(f2d.o)
    0x080004b8   0x080004b8   0x00000038   Code   RO         3934    .text               mf_p.l(d2f.o)
    0x080004f0   0x080004f0   0x00000000   Code   RO         3957    .text               mc_p.l(iusefp.o)
    0x080004f0   0x080004f0   0x00000082   Code   RO         3958    .text               mf_p.l(fepilogue.o)
    0x08000572   0x08000572   0x000000be   Code   RO         3960    .text               mf_p.l(depilogue.o)
    0x08000630   0x08000630   0x000000a2   Code   RO         3964    .text               mf_p.l(dsqrt.o)
    0x080006d2   0x080006d2   0x00000002   PAD
    0x080006d4   0x080006d4   0x00000024   Code   RO         3968    .text               mc_p.l(init.o)
    0x080006f8   0x080006f8   0x00000020   Code   RO         3970    .text               mc_p.l(llshl.o)
    0x08000718   0x08000718   0x00000056   Code   RO         3980    .text               mc_p.l(__dczerorl2.o)
    0x0800076e   0x0800076e   0x00000002   PAD
    0x08000770   0x08000770   0x00000010   Code   RO          946    i.ADC1_IRQHandler   stm32f0xx_it.o
    0x08000780   0x08000780   0x00000086   Code   RO         1144    i.ADC_DMAConvCplt   stm32f0xx_hal_adc.o
    0x08000806   0x08000806   0x0000001e   Code   RO         1145    i.ADC_DMAError      stm32f0xx_hal_adc.o
    0x08000824   0x08000824   0x0000000e   Code   RO         1146    i.ADC_DMAHalfConvCplt  stm32f0xx_hal_adc.o
    0x08000832   0x08000832   0x00000002   PAD
    0x08000834   0x08000834   0x000000d4   Code   RO         1148    i.ADC_Enable        stm32f0xx_hal_adc.o
    0x08000908   0x08000908   0x000000a0   Code   RO          115    i.Adc_Sample_Calculations  rms.o
    0x080009a8   0x080009a8   0x00000040   Code   RO           12    i.Average_Rms_Display  rms.o
    0x080009e8   0x080009e8   0x000000a4   Code   RO           13    i.Calibaration      rms.o
    0x08000a8c   0x08000a8c   0x00000010   Code   RO          947    i.DMA1_Channel1_IRQHandler  stm32f0xx_it.o
    0x08000a9c   0x08000a9c   0x00000010   Code   RO          948    i.DMA1_Channel2_3_IRQHandler  stm32f0xx_it.o
    0x08000aac   0x08000aac   0x00000010   Code   RO          949    i.DMA1_Channel4_5_IRQHandler  stm32f0xx_it.o
    0x08000abc   0x08000abc   0x00000020   Code   RO         3373    i.DMA_CalcBaseAndBitshift  stm32f0xx_hal_dma.o
    0x08000adc   0x08000adc   0x0000002a   Code   RO         3374    i.DMA_SetConfig     stm32f0xx_hal_dma.o
    0x08000b06   0x08000b06   0x00000002   PAD
    0x08000b08   0x08000b08   0x0000005c   Code   RO           14    i.Display_Bar       rms.o
    0x08000b64   0x08000b64   0x0000000a   Code   RO          950    i.EXTI0_1_IRQHandler  stm32f0xx_it.o
    0x08000b6e   0x08000b6e   0x0000000a   Code   RO          951    i.EXTI4_15_IRQHandler  stm32f0xx_it.o
    0x08000b78   0x08000b78   0x00000002   Code   RO          851    i.Error_Handler     main.o
    0x08000b7a   0x08000b7a   0x000000e4   Code   RO         1319    i.HAL_ADCEx_Calibration_Start  stm32f0xx_hal_adc_ex.o
    0x08000c5e   0x08000c5e   0x00000002   PAD
    0x08000c60   0x08000c60   0x00000188   Code   RO         1150    i.HAL_ADC_ConfigChannel  stm32f0xx_hal_adc.o
    0x08000de8   0x08000de8   0x000000cc   Code   RO          852    i.HAL_ADC_ConvCpltCallback  main.o
    0x08000eb4   0x08000eb4   0x00000002   Code   RO         1152    i.HAL_ADC_ConvHalfCpltCallback  stm32f0xx_hal_adc.o
    0x08000eb6   0x08000eb6   0x00000002   Code   RO         1154    i.HAL_ADC_ErrorCallback  stm32f0xx_hal_adc.o
    0x08000eb8   0x08000eb8   0x00000116   Code   RO         1158    i.HAL_ADC_IRQHandler  stm32f0xx_hal_adc.o
    0x08000fce   0x08000fce   0x00000002   PAD
    0x08000fd0   0x08000fd0   0x000001c0   Code   RO         1159    i.HAL_ADC_Init      stm32f0xx_hal_adc.o
    0x08001190   0x08001190   0x00000002   Code   RO         1160    i.HAL_ADC_LevelOutOfWindowCallback  stm32f0xx_hal_adc.o
    0x08001192   0x08001192   0x00000002   PAD
    0x08001194   0x08001194   0x000000c4   Code   RO         1049    i.HAL_ADC_MspInit   stm32f0xx_hal_msp.o
    0x08001258   0x08001258   0x000000c0   Code   RO         1166    i.HAL_ADC_Start_DMA  stm32f0xx_hal_adc.o
    0x08001318   0x08001318   0x00000058   Code   RO         3376    i.HAL_DMA_Abort_IT  stm32f0xx_hal_dma.o
    0x08001370   0x08001370   0x000000f0   Code   RO         3380    i.HAL_DMA_IRQHandler  stm32f0xx_hal_dma.o
    0x08001460   0x08001460   0x00000064   Code   RO         3381    i.HAL_DMA_Init      stm32f0xx_hal_dma.o
    0x080014c4   0x080014c4   0x0000009a   Code   RO         3385    i.HAL_DMA_Start_IT  stm32f0xx_hal_dma.o
    0x0800155e   0x0800155e   0x00000020   Code   RO         3179    i.HAL_Delay         stm32f0xx_hal.o
    0x0800157e   0x0800157e   0x00000002   Code   RO         3312    i.HAL_GPIO_EXTI_Callback  stm32f0xx_hal_gpio.o
    0x08001580   0x08001580   0x00000020   Code   RO         3313    i.HAL_GPIO_EXTI_IRQHandler  stm32f0xx_hal_gpio.o
    0x080015a0   0x080015a0   0x000001f0   Code   RO         3314    i.HAL_GPIO_Init     stm32f0xx_hal_gpio.o
    0x08001790   0x08001790   0x0000000c   Code   RO         3318    i.HAL_GPIO_WritePin  stm32f0xx_hal_gpio.o
    0x0800179c   0x0800179c   0x0000000c   Code   RO         3183    i.HAL_GetTick       stm32f0xx_hal.o
    0x080017a8   0x080017a8   0x0000004a   Code   RO         2686    i.HAL_HalfDuplex_EnableReceiver  stm32f0xx_hal_uart.o
    0x080017f2   0x080017f2   0x0000006e   Code   RO         1763    i.HAL_I2CEx_ConfigAnalogFilter  stm32f0xx_hal_i2c_ex.o
    0x08001860   0x08001860   0x00000072   Code   RO         1764    i.HAL_I2CEx_ConfigDigitalFilter  stm32f0xx_hal_i2c_ex.o
    0x080018d2   0x080018d2   0x00000002   Code   RO         1339    i.HAL_I2C_AbortCpltCallback  stm32f0xx_hal_i2c.o
    0x080018d4   0x080018d4   0x00000002   Code   RO         1340    i.HAL_I2C_AddrCallback  stm32f0xx_hal_i2c.o
    0x080018d6   0x080018d6   0x00000080   Code   RO         1343    i.HAL_I2C_ER_IRQHandler  stm32f0xx_hal_i2c.o
    0x08001956   0x08001956   0x0000001e   Code   RO         1344    i.HAL_I2C_EV_IRQHandler  stm32f0xx_hal_i2c.o
    0x08001974   0x08001974   0x00000002   Code   RO         1346    i.HAL_I2C_ErrorCallback  stm32f0xx_hal_i2c.o
    0x08001976   0x08001976   0x00000002   PAD
    0x08001978   0x08001978   0x000000d4   Code   RO         1350    i.HAL_I2C_Init      stm32f0xx_hal_i2c.o
    0x08001a4c   0x08001a4c   0x00000002   Code   RO         1352    i.HAL_I2C_ListenCpltCallback  stm32f0xx_hal_i2c.o
    0x08001a4e   0x08001a4e   0x00000002   PAD
    0x08001a50   0x08001a50   0x000001c4   Code   RO         1366    i.HAL_I2C_Mem_Read  stm32f0xx_hal_i2c.o
    0x08001c14   0x08001c14   0x000001c4   Code   RO         1369    i.HAL_I2C_Mem_Write  stm32f0xx_hal_i2c.o
    0x08001dd8   0x08001dd8   0x000000d0   Code   RO         1051    i.HAL_I2C_MspInit   stm32f0xx_hal_msp.o
    0x08001ea8   0x08001ea8   0x00000002   Code   RO         1374    i.HAL_I2C_SlaveRxCpltCallback  stm32f0xx_hal_i2c.o
    0x08001eaa   0x08001eaa   0x00000002   Code   RO         1375    i.HAL_I2C_SlaveTxCpltCallback  stm32f0xx_hal_i2c.o
    0x08001eac   0x08001eac   0x0000006c   Code   RO         1117    i.HAL_IWDG_Init     stm32f0xx_hal_iwdg.o
    0x08001f18   0x08001f18   0x00000010   Code   RO         3187    i.HAL_IncTick       stm32f0xx_hal.o
    0x08001f28   0x08001f28   0x00000020   Code   RO         3188    i.HAL_Init          stm32f0xx_hal.o
    0x08001f48   0x08001f48   0x00000026   Code   RO         3189    i.HAL_InitTick      stm32f0xx_hal.o
    0x08001f6e   0x08001f6e   0x00000002   PAD
    0x08001f70   0x08001f70   0x00000040   Code   RO         1052    i.HAL_MspInit       stm32f0xx_hal_msp.o
    0x08001fb0   0x08001fb0   0x00000018   Code   RO         3471    i.HAL_NVIC_EnableIRQ  stm32f0xx_hal_cortex.o
    0x08001fc8   0x08001fc8   0x00000012   Code   RO         3475    i.HAL_NVIC_SetPriority  stm32f0xx_hal_cortex.o
    0x08001fda   0x08001fda   0x00000002   PAD
    0x08001fdc   0x08001fdc   0x00000150   Code   RO         3144    i.HAL_RCCEx_PeriphCLKConfig  stm32f0xx_hal_rcc_ex.o
    0x0800212c   0x0800212c   0x00000194   Code   RO         3051    i.HAL_RCC_ClockConfig  stm32f0xx_hal_rcc.o
    0x080022c0   0x080022c0   0x0000000c   Code   RO         3056    i.HAL_RCC_GetHCLKFreq  stm32f0xx_hal_rcc.o
    0x080022cc   0x080022cc   0x00000024   Code   RO         3058    i.HAL_RCC_GetPCLK1Freq  stm32f0xx_hal_rcc.o
    0x080022f0   0x080022f0   0x000000c4   Code   RO         3059    i.HAL_RCC_GetSysClockFreq  stm32f0xx_hal_rcc.o
    0x080023b4   0x080023b4   0x0000054c   Code   RO         3062    i.HAL_RCC_OscConfig  stm32f0xx_hal_rcc.o
    0x08002900   0x08002900   0x000000a0   Code   RO         3025    i.HAL_RS485Ex_Init  stm32f0xx_hal_uart_ex.o
    0x080029a0   0x080029a0   0x00000038   Code   RO         3479    i.HAL_SYSTICK_Config  stm32f0xx_hal_cortex.o
    0x080029d8   0x080029d8   0x00000002   Code   RO         2451    i.HAL_TIMEx_BreakCallback  stm32f0xx_hal_tim_ex.o
    0x080029da   0x080029da   0x00000002   Code   RO         2452    i.HAL_TIMEx_CommutationCallback  stm32f0xx_hal_tim_ex.o
    0x080029dc   0x080029dc   0x00000062   Code   RO         2468    i.HAL_TIMEx_MasterConfigSynchronization  stm32f0xx_hal_tim_ex.o
    0x08002a3e   0x08002a3e   0x00000038   Code   RO         1803    i.HAL_TIM_Base_Init  stm32f0xx_hal_tim.o
    0x08002a76   0x08002a76   0x00000002   PAD
    0x08002a78   0x08002a78   0x00000044   Code   RO         1054    i.HAL_TIM_Base_MspInit  stm32f0xx_hal_msp.o
    0x08002abc   0x08002abc   0x0000001e   Code   RO         1806    i.HAL_TIM_Base_Start  stm32f0xx_hal_tim.o
    0x08002ada   0x08002ada   0x0000013e   Code   RO         1812    i.HAL_TIM_ConfigClockSource  stm32f0xx_hal_tim.o
    0x08002c18   0x08002c18   0x00000002   Code   RO         1834    i.HAL_TIM_IC_CaptureCallback  stm32f0xx_hal_tim.o
    0x08002c1a   0x08002c1a   0x000001c8   Code   RO         1847    i.HAL_TIM_IRQHandler  stm32f0xx_hal_tim.o
    0x08002de2   0x08002de2   0x00000002   Code   RO         1850    i.HAL_TIM_OC_DelayElapsedCallback  stm32f0xx_hal_tim.o
    0x08002de4   0x08002de4   0x00000002   Code   RO         1877    i.HAL_TIM_PWM_PulseFinishedCallback  stm32f0xx_hal_tim.o
    0x08002de6   0x08002de6   0x00000002   Code   RO         1884    i.HAL_TIM_PeriodElapsedCallback  stm32f0xx_hal_tim.o
    0x08002de8   0x08002de8   0x00000002   Code   RO         1888    i.HAL_TIM_TriggerCallback  stm32f0xx_hal_tim.o
    0x08002dea   0x08002dea   0x00000002   Code   RO         2706    i.HAL_UART_ErrorCallback  stm32f0xx_hal_uart.o
    0x08002dec   0x08002dec   0x00000194   Code   RO         2709    i.HAL_UART_IRQHandler  stm32f0xx_hal_uart.o
    0x08002f80   0x08002f80   0x000000e4   Code   RO         1056    i.HAL_UART_MspInit  stm32f0xx_hal_msp.o
    0x08003064   0x08003064   0x000000cc   Code   RO         2714    i.HAL_UART_Receive_DMA  stm32f0xx_hal_uart.o
    0x08003130   0x08003130   0x00000002   Code   RO         2716    i.HAL_UART_RxCpltCallback  stm32f0xx_hal_uart.o
    0x08003132   0x08003132   0x00000002   Code   RO         2717    i.HAL_UART_RxHalfCpltCallback  stm32f0xx_hal_uart.o
    0x08003134   0x08003134   0x00000002   Code   RO         2721    i.HAL_UART_TxCpltCallback  stm32f0xx_hal_uart.o
    0x08003136   0x08003136   0x00000004   Code   RO          952    i.HardFault_Handler  stm32f0xx_it.o
    0x0800313a   0x0800313a   0x00000002   PAD
    0x0800313c   0x0800313c   0x000000d8   Code   RO          853    i.Hard_Init         main.o
    0x08003214   0x08003214   0x00000044   Code   RO          854    i.Hardware_Init     main.o
    0x08003258   0x08003258   0x00000028   Code   RO          953    i.I2C1_IRQHandler   stm32f0xx_it.o
    0x08003280   0x08003280   0x0000003c   Code   RO         1384    i.I2C_DMAAbort      stm32f0xx_hal_i2c.o
    0x080032bc   0x080032bc   0x0000007e   Code   RO         1390    i.I2C_Disable_IRQ   stm32f0xx_hal_i2c.o
    0x0800333a   0x0800333a   0x00000032   Code   RO         1392    i.I2C_Flush_TXDR    stm32f0xx_hal_i2c.o
    0x0800336c   0x0800336c   0x000000d6   Code   RO         1393    i.I2C_ITAddrCplt    stm32f0xx_hal_i2c.o
    0x08003442   0x08003442   0x00000002   PAD
    0x08003444   0x08003444   0x00000118   Code   RO         1394    i.I2C_ITError       stm32f0xx_hal_i2c.o
    0x0800355c   0x0800355c   0x00000074   Code   RO         1395    i.I2C_ITListenCplt  stm32f0xx_hal_i2c.o
    0x080035d0   0x080035d0   0x0000013c   Code   RO         1398    i.I2C_ITSlaveCplt   stm32f0xx_hal_i2c.o
    0x0800370c   0x0800370c   0x00000062   Code   RO         1399    i.I2C_ITSlaveSequentialCplt  stm32f0xx_hal_i2c.o
    0x0800376e   0x0800376e   0x00000002   PAD
    0x08003770   0x08003770   0x00000094   Code   RO         1400    i.I2C_IsAcknowledgeFailed  stm32f0xx_hal_i2c.o
    0x08003804   0x08003804   0x00000092   Code   RO         1403    i.I2C_RequestMemoryRead  stm32f0xx_hal_i2c.o
    0x08003896   0x08003896   0x00000092   Code   RO         1404    i.I2C_RequestMemoryWrite  stm32f0xx_hal_i2c.o
    0x08003928   0x08003928   0x00000160   Code   RO         1406    i.I2C_Slave_ISR_IT  stm32f0xx_hal_i2c.o
    0x08003a88   0x08003a88   0x00000030   Code   RO         1407    i.I2C_TransferConfig  stm32f0xx_hal_i2c.o
    0x08003ab8   0x08003ab8   0x00000052   Code   RO         1408    i.I2C_WaitOnFlagUntilTimeout  stm32f0xx_hal_i2c.o
    0x08003b0a   0x08003b0a   0x0000005a   Code   RO         1410    i.I2C_WaitOnSTOPFlagUntilTimeout  stm32f0xx_hal_i2c.o
    0x08003b64   0x08003b64   0x00000060   Code   RO         1411    i.I2C_WaitOnTXISFlagUntilTimeout  stm32f0xx_hal_i2c.o
    0x08003bc4   0x08003bc4   0x0000000e   Code   RO          421    i.InV__             ui.o
    0x08003bd2   0x08003bd2   0x00000002   PAD
    0x08003bd4   0x08003bd4   0x00000014   Code   RO          679    i.InitPetitModbus   libmodbus.o
    0x08003be8   0x08003be8   0x00000088   Code   RO          855    i.MX_ADC_Init       main.o
    0x08003c70   0x08003c70   0x00000054   Code   RO          856    i.MX_DMA_Init       main.o
    0x08003cc4   0x08003cc4   0x000001ac   Code   RO          857    i.MX_GPIO_Init      main.o
    0x08003e70   0x08003e70   0x0000005c   Code   RO          858    i.MX_I2C1_Init      main.o
    0x08003ecc   0x08003ecc   0x00000034   Code   RO          859    i.MX_IWDG_Init      main.o
    0x08003f00   0x08003f00   0x00000078   Code   RO          860    i.MX_TIM1_Init      main.o
    0x08003f78   0x08003f78   0x0000006c   Code   RO          861    i.MX_USART1_UART_Init  main.o
    0x08003fe4   0x08003fe4   0x00000002   Code   RO          954    i.NMI_Handler       stm32f0xx_it.o
    0x08003fe6   0x08003fe6   0x00000002   PAD
    0x08003fe8   0x08003fe8   0x00000078   Code   RO         3481    i.NVIC_SetPriority  stm32f0xx_hal_cortex.o
    0x08004060   0x08004060   0x00000014   Code   RO          509    i.PT24xx_init       pt24xx.o
    0x08004074   0x08004074   0x0000005c   Code   RO          510    i.PT24xx_read       pt24xx.o
    0x080040d0   0x080040d0   0x00000054   Code   RO          511    i.PT24xx_write      pt24xx.o
    0x08004124   0x08004124   0x00000002   Code   RO          955    i.PendSV_Handler    stm32f0xx_it.o
    0x08004126   0x08004126   0x00000002   PAD
    0x08004128   0x08004128   0x00000030   Code   RO           15    i.Read_Eeprom_Data  rms.o
    0x08004158   0x08004158   0x000000e8   Code   RO           18    i.Rms_Calculations  rms.o
    0x08004240   0x08004240   0x00000002   Code   RO          956    i.SVC_Handler       stm32f0xx_it.o
    0x08004242   0x08004242   0x00000002   PAD
    0x08004244   0x08004244   0x00000028   Code   RO           19    i.Selection_Of_Adc_Channel  rms.o
    0x0800426c   0x0800426c   0x000000e8   Code   RO           20    i.Slop_Intercept_Cal  rms.o
    0x08004354   0x08004354   0x000000e4   Code   RO           21    i.Start_Check_Scaling  rms.o
    0x08004438   0x08004438   0x000000a0   Code   RO           22    i.Store_Adc_Data    rms.o
    0x080044d8   0x080044d8   0x00000008   Code   RO          957    i.SysTick_Handler   stm32f0xx_it.o
    0x080044e0   0x080044e0   0x0000008a   Code   RO          862    i.SystemClock_Config  main.o
    0x0800456a   0x0800456a   0x00000002   PAD
    0x0800456c   0x0800456c   0x00000074   Code   RO         3865    i.SystemInit        system_stm32f0xx.o
    0x080045e0   0x080045e0   0x00000010   Code   RO          958    i.TIM1_BRK_UP_TRG_COM_IRQHandler  stm32f0xx_it.o
    0x080045f0   0x080045f0   0x00000090   Code   RO         1889    i.TIM_Base_SetConfig  stm32f0xx_hal_tim.o
    0x08004680   0x08004680   0x0000001e   Code   RO         1896    i.TIM_ETR_SetConfig  stm32f0xx_hal_tim.o
    0x0800469e   0x0800469e   0x0000001a   Code   RO         1897    i.TIM_ITRx_SetConfig  stm32f0xx_hal_tim.o
    0x080046b8   0x080046b8   0x00000036   Code   RO         1903    i.TIM_TI1_ConfigInputStage  stm32f0xx_hal_tim.o
    0x080046ee   0x080046ee   0x00000036   Code   RO         1905    i.TIM_TI2_ConfigInputStage  stm32f0xx_hal_tim.o
    0x08004724   0x08004724   0x00000198   Code   RO           24    i.Trip_Status_Check  rms.o
    0x080048bc   0x080048bc   0x0000005c   Code   RO           25    i.Twice_calibartion  rms.o
    0x08004918   0x08004918   0x000000f0   Code   RO         2723    i.UART_AdvFeatureConfig  stm32f0xx_hal_uart.o
    0x08004a08   0x08004a08   0x0000001e   Code   RO         2724    i.UART_CheckIdleState  stm32f0xx_hal_uart.o
    0x08004a26   0x08004a26   0x00000018   Code   RO         2725    i.UART_DMAAbortOnError  stm32f0xx_hal_uart.o
    0x08004a3e   0x08004a3e   0x00000056   Code   RO         2726    i.UART_DMAError     stm32f0xx_hal_uart.o
    0x08004a94   0x08004a94   0x0000004c   Code   RO         2727    i.UART_DMAReceiveCplt  stm32f0xx_hal_uart.o
    0x08004ae0   0x08004ae0   0x0000000e   Code   RO         2729    i.UART_DMARxHalfCplt  stm32f0xx_hal_uart.o
    0x08004aee   0x08004aee   0x00000022   Code   RO         2735    i.UART_EndRxTransfer  stm32f0xx_hal_uart.o
    0x08004b10   0x08004b10   0x00000020   Code   RO         2736    i.UART_EndTransmit_IT  stm32f0xx_hal_uart.o
    0x08004b30   0x08004b30   0x00000014   Code   RO         2737    i.UART_EndTxTransfer  stm32f0xx_hal_uart.o
    0x08004b44   0x08004b44   0x0000008e   Code   RO         2738    i.UART_Receive_IT   stm32f0xx_hal_uart.o
    0x08004bd2   0x08004bd2   0x00000002   PAD
    0x08004bd4   0x08004bd4   0x000001c4   Code   RO         2739    i.UART_SetConfig    stm32f0xx_hal_uart.o
    0x08004d98   0x08004d98   0x00000072   Code   RO         2740    i.UART_Transmit_IT  stm32f0xx_hal_uart.o
    0x08004e0a   0x08004e0a   0x00000002   PAD
    0x08004e0c   0x08004e0c   0x00000010   Code   RO          959    i.USART1_IRQHandler  stm32f0xx_it.o
    0x08004e1c   0x08004e1c   0x0000002e   Code   RO         3962    i.__ARM_clz         mf_p.l(depilogue.o)
    0x08004e4a   0x08004e4a   0x0000001c   Code   RO          121    i.__ARM_common_switch8  rms.o
    0x08004e66   0x08004e66   0x0000000e   Code   RO         3974    i.__scatterload_copy  mc_p.l(handlers.o)
    0x08004e74   0x08004e74   0x00000002   Code   RO         3975    i.__scatterload_null  mc_p.l(handlers.o)
    0x08004e76   0x08004e76   0x0000000e   Code   RO         3976    i.__scatterload_zeroinit  mc_p.l(handlers.o)
    0x08004e84   0x08004e84   0x0000000c   Code   RO         3952    i.__set_errno       mc_p.l(errno.o)
    0x08004e90   0x08004e90   0x00000098   Code   RO          322    i._convertDecimalToDigitArr  display.o
    0x08004f28   0x08004f28   0x00000030   Code   RO          324    i._getIndicatorStatus  display.o
    0x08004f58   0x08004f58   0x0000006c   Code   RO          548    i._load_default     setup.o
    0x08004fc4   0x08004fc4   0x0000018c   Code   RO          326    i._showText         display.o
    0x08005150   0x08005150   0x0000002c   Code   RO          422    i.btn_state         ui.o
    0x0800517c   0x0800517c   0x00000198   Code   RO          258    i.button_scanEvent  button.o
    0x08005314   0x08005314   0x0000004c   Code   RO          328    i.display_flashData  display.o
    0x08005360   0x08005360   0x000001e8   Code   RO          329    i.display_rowNumeric  display.o
    0x08005548   0x08005548   0x00000024   Code   RO          330    i.display_rowText   display.o
    0x0800556c   0x0800556c   0x00000038   Code   RO          331    i.display_setScalingFactor  display.o
    0x080055a4   0x080055a4   0x000000b8   Code   RO          423    i.interupt_state    ui.o
    0x0800565c   0x0800565c   0x00000150   Code   RO          863    i.main              main.o
    0x080057ac   0x080057ac   0x0000003c   Code   RO          424    i.mv_sv_read        ui.o
    0x080057e8   0x080057e8   0x00000060   Code   RO          425    i.page_update       ui.o
    0x08005848   0x08005848   0x00000054   Code   RO           26    i.read_value        rms.o
    0x0800589c   0x0800589c   0x00000014   Code   RO          639    i.rtc_init          rtc_1.o
    0x080058b0   0x080058b0   0x00000080   Code   RO          332    i.segment_on        display.o
    0x08005930   0x08005930   0x00000058   Code   RO          805    i.sercomm_init      serialcomm.o
    0x08005988   0x08005988   0x00000090   Code   RO          555    i.setup_init        setup.o
    0x08005a18   0x08005a18   0x00000048   Code   RO         3896    i.sqrt              m_ps.l(sqrt.o)
    0x08005a60   0x08005a60   0x0000000a   Code   RO          429    i.ui_init           ui.o
    0x08005a6a   0x08005a6a   0x00000002   PAD
    0x08005a6c   0x08005a6c   0x00000028   Code   RO          260    i.ui_isButtonLongPressed  button.o
    0x08005a94   0x08005a94   0x00000020   Code   RO          261    i.ui_isButtonNormalPressed  button.o
    0x08005ab4   0x08005ab4   0x000001fc   Code   RO          430    i.ui_pageManager    ui.o
    0x08005cb0   0x08005cb0   0x0000005c   Code   RO          431    i.ui_periodicProcess  ui.o
    0x08005d0c   0x08005d0c   0x00000010   Data   RO          263    .constdata          button.o
    0x08005d1c   0x08005d1c   0x0000010b   Data   RO          334    .constdata          display.o
    0x08005e27   0x08005e27   0x00000001   PAD
    0x08005e28   0x08005e28   0x0000003c   Data   RO          432    .constdata          ui.o
    0x08005e64   0x08005e64   0x00000018   Data   RO          865    .constdata          main.o
    0x08005e7c   0x08005e7c   0x00000018   Data   RO         3866    .constdata          system_stm32f0xx.o
    0x08005e94   0x08005e94   0x00000020   Data   RO         3972    Region$$Table       anon$$obj.o


    Execution Region RW_IRAM1 (Exec base: 0x20000000, Load base: 0x08005eb4, Size: 0x00000d98, Max: 0x00001000, ABSOLUTE, COMPRESSED[0x000000f4])

    Exec Addr    Load Addr    Size         Type   Attr      Idx    E Section Name        Object

    0x20000000   COMPRESSED   0x00000063   Data   RW           28    .data               rms.o
    0x20000063   COMPRESSED   0x00000001   PAD
    0x20000064   COMPRESSED   0x00000019   Data   RW          264    .data               button.o
    0x2000007d   COMPRESSED   0x00000003   PAD
    0x20000080   COMPRESSED   0x0000001e   Data   RW          335    .data               display.o
    0x2000009e   COMPRESSED   0x00000002   PAD
    0x200000a0   COMPRESSED   0x0000008c   Data   RW          433    .data               ui.o
    0x2000012c   COMPRESSED   0x00000007   Data   RW          512    .data               pt24xx.o
    0x20000133   COMPRESSED   0x00000001   PAD
    0x20000134   COMPRESSED   0x000000cf   Data   RW          559    .data               setup.o
    0x20000203   COMPRESSED   0x00000001   PAD
    0x20000204   COMPRESSED   0x0000000f   Data   RW          640    .data               rtc_1.o
    0x20000213   COMPRESSED   0x00000001   PAD
    0x20000214   COMPRESSED   0x0000001b   Data   RW          688    .data               libmodbus.o
    0x2000022f   COMPRESSED   0x00000001   PAD
    0x20000230   COMPRESSED   0x00000010   Data   RW          809    .data               serialcomm.o
    0x20000240   COMPRESSED   0x00000031   Data   RW          866    .data               main.o
    0x20000271   COMPRESSED   0x00000003   PAD
    0x20000274   COMPRESSED   0x00000004   Data   RW         3194    .data               stm32f0xx_hal.o
    0x20000278   COMPRESSED   0x00000004   Data   RW         3867    .data               system_stm32f0xx.o
    0x2000027c   COMPRESSED   0x00000004   Data   RW         3953    .data               mc_p.l(errno.o)
    0x20000280        -       0x0000039c   Zero   RW           27    .bss                rms.o
    0x2000061c        -       0x00000040   Zero   RW          557    .bss                setup.o
    0x2000065c        -       0x00000112   Zero   RW          687    .bss                libmodbus.o
    0x2000076e   COMPRESSED   0x00000002   PAD
    0x20000770        -       0x00000224   Zero   RW          864    .bss                main.o
    0x20000994   COMPRESSED   0x00000004   PAD
    0x20000998        -       0x00000400   Zero   RW            1    STACK               startup_stm32f030x6.o


==============================================================================

Image component sizes


      Code (inc. data)   RO Data    RW Data    ZI Data      Debug   Object Name

       480         62         16         25          0       3306   button.o
      1380        210        267         30          0       9099   display.o
        20          4          0         27        274       2637   libmodbus.o
      1984        256         24         49        548       9318   main.o
       196         34          0          7          0       2587   pt24xx.o
      2032        266          0         99        924     288293   rms.o
        20         10          0         15          0       1603   rtc_1.o
        88         20          0         16          0       1401   serialcomm.o
       252         54          0        207         64       3454   setup.o
        28          8        176          0       1024        628   startup_stm32f030x6.o
       130         14          0          4          0       3611   stm32f0xx_hal.o
      1706         56          0          0          0       8110   stm32f0xx_hal_adc.o
       228          0          0          0          0       1350   stm32f0xx_hal_adc_ex.o
       218         26          0          0          0       8953   stm32f0xx_hal_cortex.o
       656         10          0          0          0       4578   stm32f0xx_hal_dma.o
       542         32          0          0          0       3328   stm32f0xx_hal_gpio.o
      3654         56          0          0          0      21746   stm32f0xx_hal_i2c.o
       224          0          0          0          0       1895   stm32f0xx_hal_i2c_ex.o
       108         14          0          0          0       1128   stm32f0xx_hal_iwdg.o
       764         72          0          0          0       3679   stm32f0xx_hal_msp.o
      2004        100          0          0          0       4905   stm32f0xx_hal_rcc.o
       336         14          0          0          0       1384   stm32f0xx_hal_rcc_ex.o
      1178         20          0          0          0       9556   stm32f0xx_hal_tim.o
       102          0          0          0          0       2226   stm32f0xx_hal_tim_ex.o
      1954         40          0          0          0      12546   stm32f0xx_hal_uart.o
       160          4          0          0          0       1327   stm32f0xx_hal_uart_ex.o
       174         42          0          0          0       6180   stm32f0xx_it.o
       116         12         24          4          0       1131   system_stm32f0xx.o
      1008        142         60        140          0       6139   ui.o

    ----------------------------------------------------------------------
     21784       1578        600        636       2840     426098   Object Totals
         0          0         32          0          0          0   (incl. Generated)
        42          0          1         13          6          0   (incl. Padding)

    ----------------------------------------------------------------------

      Code (inc. data)   RO Data    RW Data    ZI Data      Debug   Library Member Name

        72          6          0          0          0         76   sqrt.o
        86          0          0          0          0          0   __dczerorl2.o
         0          0          0          0          0          0   entry.o
         0          0          0          0          0          0   entry10a.o
         0          0          0          0          0          0   entry11a.o
         8          4          0          0          0          0   entry2.o
         4          0          0          0          0          0   entry5.o
         0          0          0          0          0          0   entry7b.o
         0          0          0          0          0          0   entry8b.o
         8          4          0          0          0          0   entry9a.o
        12          6          0          4          0         60   errno.o
        30          0          0          0          0          0   handlers.o
        36          8          0          0          0         68   init.o
         0          0          0          0          0          0   iusefp.o
        32          0          0          0          0         68   llshl.o
        34          0          0          0          0         68   llushr.o
        36          0          0          0          0        100   memseta.o
        44          0          0          0          0         72   uidiv.o
        56          0          0          0          0         68   d2f.o
       240          6          0          0          0         84   ddiv.o
       236          0          0          0          0        216   depilogue.o
        60         10          0          0          0         68   dfixui.o
        28          4          0          0          0         68   dfltui.o
       162          0          0          0          0         80   dsqrt.o
        40          0          0          0          0         60   f2d.o
       178          0          0          0          0        108   fadd.o
       124          0          0          0          0         72   fdiv.o
       130          0          0          0          0        144   fepilogue.o
        40          0          0          0          0         60   ffixui.o
        22          0          0          0          0         68   fflti.o
        14          0          0          0          0         68   ffltui.o
       122          0          0          0          0         72   fmul.o

    ----------------------------------------------------------------------
      1860         48          0          4          0       1748   Library Totals
         6          0          0          0          0          0   (incl. Padding)

    ----------------------------------------------------------------------

      Code (inc. data)   RO Data    RW Data    ZI Data      Debug   Library Name

        72          6          0          0          0         76   m_ps.l
       330         22          0          4          0        436   mc_p.l
      1452         20          0          0          0       1236   mf_p.l

    ----------------------------------------------------------------------
      1860         48          0          4          0       1748   Library Totals

    ----------------------------------------------------------------------

==============================================================================


      Code (inc. data)   RO Data    RW Data    ZI Data      Debug   

     23644       1626        600        640       2840     419622   Grand Totals
     23644       1626        600        244       2840     419622   ELF Image Totals (compressed)
     23644       1626        600        244          0          0   ROM Totals

==============================================================================

    Total RO  Size (Code + RO Data)                24244 (  23.68kB)
    Total RW  Size (RW Data + ZI Data)              3480 (   3.40kB)
    Total ROM Size (Code + RO Data + RW Data)      24488 (  23.91kB)

==============================================================================

